Component: ARM Compiler 5.06 update 5 (build 528) Tool: armlink [4d35e2]

==============================================================================

Section Cross References

    main.o(i.main) refers to oled.o(i.OLED_Init) for OLED_Init
    main.o(i.main) refers to serial.o(i.Serial_Init) for Serial_Init
    main.o(i.main) refers to cjson.o(i.cJSON_Parse) for cJSON_Parse
    main.o(i.main) refers to printfa.o(i.__0printf) for __2printf
    main.o(i.main) refers to cjson.o(i.cJSON_GetObjectItem) for cJSON_GetObjectItem
    main.o(i.main) refers to cjson.o(i.cJSON_GetArrayItem) for cJSON_GetArrayItem
    main.o(i.main) refers to oled.o(i.OLED_ShowString) for OLED_ShowString
    main.o(i.main) refers to cjson.o(i.cJSON_Delete) for cJSON_Delete
    main.o(i.main) refers to main.o(.conststring) for .conststring
    delay.o(i.Delay_ms) refers to delay.o(i.Delay_us) for Delay_us
    delay.o(i.Delay_s) refers to delay.o(i.Delay_ms) for Delay_ms
    led.o(i.LED1_Off) refers to stm32f10x_gpio.o(i.GPIO_ResetBits) for GPIO_ResetBits
    led.o(i.LED1_On) refers to stm32f10x_gpio.o(i.GPIO_SetBits) for GPIO_SetBits
    led.o(i.LED1_Turn) refers to stm32f10x_gpio.o(i.GPIO_ReadOutputDataBit) for GPIO_ReadOutputDataBit
    led.o(i.LED1_Turn) refers to led.o(i.LED1_Off) for LED1_Off
    led.o(i.LED1_Turn) refers to led.o(i.LED1_On) for LED1_On
    led.o(i.LED2_Off) refers to stm32f10x_gpio.o(i.GPIO_ResetBits) for GPIO_ResetBits
    led.o(i.LED2_On) refers to stm32f10x_gpio.o(i.GPIO_SetBits) for GPIO_SetBits
    led.o(i.LED2_Turn) refers to stm32f10x_gpio.o(i.GPIO_ReadOutputDataBit) for GPIO_ReadOutputDataBit
    led.o(i.LED2_Turn) refers to led.o(i.LED2_Off) for LED2_Off
    led.o(i.LED2_Turn) refers to led.o(i.LED2_On) for LED2_On
    led.o(i.LED_Init) refers to stm32f10x_rcc.o(i.RCC_APB2PeriphClockCmd) for RCC_APB2PeriphClockCmd
    led.o(i.LED_Init) refers to stm32f10x_gpio.o(i.GPIO_Init) for GPIO_Init
    oled.o(i.OLED_Clear) refers to oled.o(i.OLED_SetCursor) for OLED_SetCursor
    oled.o(i.OLED_Clear) refers to oled.o(i.OLED_WriteData) for OLED_WriteData
    oled.o(i.OLED_I2C_Init) refers to stm32f10x_rcc.o(i.RCC_APB2PeriphClockCmd) for RCC_APB2PeriphClockCmd
    oled.o(i.OLED_I2C_Init) refers to stm32f10x_gpio.o(i.GPIO_Init) for GPIO_Init
    oled.o(i.OLED_I2C_Init) refers to stm32f10x_gpio.o(i.GPIO_WriteBit) for GPIO_WriteBit
    oled.o(i.OLED_I2C_SendByte) refers to stm32f10x_gpio.o(i.GPIO_WriteBit) for GPIO_WriteBit
    oled.o(i.OLED_I2C_Start) refers to stm32f10x_gpio.o(i.GPIO_WriteBit) for GPIO_WriteBit
    oled.o(i.OLED_I2C_Stop) refers to stm32f10x_gpio.o(i.GPIO_WriteBit) for GPIO_WriteBit
    oled.o(i.OLED_Init) refers to oled.o(i.OLED_I2C_Init) for OLED_I2C_Init
    oled.o(i.OLED_Init) refers to oled.o(i.OLED_WriteCommand) for OLED_WriteCommand
    oled.o(i.OLED_Init) refers to oled.o(i.OLED_Clear) for OLED_Clear
    oled.o(i.OLED_SetCursor) refers to oled.o(i.OLED_WriteCommand) for OLED_WriteCommand
    oled.o(i.OLED_ShowBinNum) refers to oled.o(i.OLED_Pow) for OLED_Pow
    oled.o(i.OLED_ShowBinNum) refers to oled.o(i.OLED_ShowChar) for OLED_ShowChar
    oled.o(i.OLED_ShowChar) refers to oled.o(i.OLED_SetCursor) for OLED_SetCursor
    oled.o(i.OLED_ShowChar) refers to oled.o(i.OLED_WriteData) for OLED_WriteData
    oled.o(i.OLED_ShowChar) refers to oled.o(.constdata) for OLED_F8x16
    oled.o(i.OLED_ShowHexNum) refers to oled.o(i.OLED_Pow) for OLED_Pow
    oled.o(i.OLED_ShowHexNum) refers to oled.o(i.OLED_ShowChar) for OLED_ShowChar
    oled.o(i.OLED_ShowNum) refers to oled.o(i.OLED_Pow) for OLED_Pow
    oled.o(i.OLED_ShowNum) refers to oled.o(i.OLED_ShowChar) for OLED_ShowChar
    oled.o(i.OLED_ShowSignedNum) refers to oled.o(i.OLED_ShowChar) for OLED_ShowChar
    oled.o(i.OLED_ShowSignedNum) refers to oled.o(i.OLED_Pow) for OLED_Pow
    oled.o(i.OLED_ShowString) refers to oled.o(i.OLED_ShowChar) for OLED_ShowChar
    oled.o(i.OLED_WriteCommand) refers to oled.o(i.OLED_I2C_Start) for OLED_I2C_Start
    oled.o(i.OLED_WriteCommand) refers to oled.o(i.OLED_I2C_SendByte) for OLED_I2C_SendByte
    oled.o(i.OLED_WriteCommand) refers to oled.o(i.OLED_I2C_Stop) for OLED_I2C_Stop
    oled.o(i.OLED_WriteData) refers to oled.o(i.OLED_I2C_Start) for OLED_I2C_Start
    oled.o(i.OLED_WriteData) refers to oled.o(i.OLED_I2C_SendByte) for OLED_I2C_SendByte
    oled.o(i.OLED_WriteData) refers to oled.o(i.OLED_I2C_Stop) for OLED_I2C_Stop
    key.o(i.Key_Init) refers to stm32f10x_rcc.o(i.RCC_APB2PeriphClockCmd) for RCC_APB2PeriphClockCmd
    key.o(i.Key_Init) refers to stm32f10x_gpio.o(i.GPIO_Init) for GPIO_Init
    key.o(i.getKeyPressNum) refers to stm32f10x_gpio.o(i.GPIO_ReadInputDataBit) for GPIO_ReadInputDataBit
    key.o(i.getKeyPressNum) refers to delay.o(i.Delay_ms) for Delay_ms
    serial.o(i.Serial_Arr) refers to serial.o(i.Serial_Byte) for Serial_Byte
    serial.o(i.Serial_Byte) refers to stm32f10x_usart.o(i.USART_SendData) for USART_SendData
[...]
    Removing stm32f10x_gpio.o(.rrx_text), (6 bytes).
    Removing stm32f10x_gpio.o(i.GPIO_AFIODeInit), (20 bytes).
    Removing stm32f10x_gpio.o(i.GPIO_DeInit), (200 bytes).
    Removing stm32f10x_gpio.o(i.GPIO_ETH_MediaInterfaceConfig), (12 bytes).
    Removing stm32f10x_gpio.o(i.GPIO_EXTILineConfig), (64 bytes).
    Removing stm32f10x_gpio.o(i.GPIO_EventOutputCmd), (12 bytes).
    Removing stm32f10x_gpio.o(i.GPIO_EventOutputConfig), (32 bytes).
    Removing stm32f10x_gpio.o(i.GPIO_PinLockConfig), (18 bytes).
    Removing stm32f10x_gpio.o(i.GPIO_PinRemapConfig), (144 bytes).
    Removing stm32f10x_gpio.o(i.GPIO_ReadInputData), (8 bytes).
    Removing stm32f10x_gpio.o(i.GPIO_ReadInputDataBit), (18 bytes).
    Removing stm32f10x_gpio.o(i.GPIO_ReadOutputData), (8 bytes).
    Removing stm32f10x_gpio.o(i.GPIO_ReadOutputDataBit), (18 bytes).
    Removing stm32f10x_gpio.o(i.GPIO_StructInit), (16 bytes).
    Removing stm32f10x_gpio.o(i.GPIO_Write), (4 bytes).
    Removing stm32f10x_i2c.o(.rev16_text), (4 bytes).
    Removing stm32f10x_i2c.o(.revsh_text), (4 bytes).
    Removing stm32f10x_i2c.o(.rrx_text), (6 bytes).
    Removing stm32f10x_i2c.o(i.I2C_ARPCmd), (24 bytes).
    Removing stm32f10x_i2c.o(i.I2C_AcknowledgeConfig), (24 bytes).
    Removing stm32f10x_i2c.o(i.I2C_CalculatePEC), (24 bytes).
    Removing stm32f10x_i2c.o(i.I2C_CheckEvent), (42 bytes).
    Removing stm32f10x_i2c.o(i.I2C_ClearFlag), (12 bytes).
    Removing stm32f10x_i2c.o(i.I2C_ClearITPendingBit), (12 bytes).
    Removing stm32f10x_i2c.o(i.I2C_Cmd), (24 bytes).
    Removing stm32f10x_i2c.o(i.I2C_DMACmd), (24 bytes).
    Removing stm32f10x_i2c.o(i.I2C_DMALastTransferCmd), (24 bytes).
    Removing stm32f10x_i2c.o(i.I2C_DeInit), (56 bytes).
    Removing stm32f10x_i2c.o(i.I2C_DualAddressCmd), (24 bytes).
    Removing stm32f10x_i2c.o(i.I2C_FastModeDutyCycleConfig), (28 bytes).
    Removing stm32f10x_i2c.o(i.I2C_GeneralCallCmd), (24 bytes).
    Removing stm32f10x_i2c.o(i.I2C_GenerateSTART), (24 bytes).
    Removing stm32f10x_i2c.o(i.I2C_GenerateSTOP), (24 bytes).
    Removing stm32f10x_i2c.o(i.I2C_GetFlagStatus), (58 bytes).
    Removing stm32f10x_i2c.o(i.I2C_GetITStatus), (38 bytes).
    Removing stm32f10x_i2c.o(i.I2C_GetLastEvent), (26 bytes).
    Removing stm32f10x_i2c.o(i.I2C_GetPEC), (8 bytes).
    Removing stm32f10x_i2c.o(i.I2C_ITConfig), (18 bytes).
    Removing stm32f10x_i2c.o(i.I2C_Init), (236 bytes).
    Removing stm32f10x_i2c.o(i.I2C_NACKPositionConfig), (28 bytes).
    Removing stm32f10x_i2c.o(i.I2C_OwnAddress2Config), (22 bytes).
    Removing stm32f10x_i2c.o(i.I2C_PECPositionConfig), (28 bytes).
    Removing stm32f10x_i2c.o(i.I2C_ReadRegister), (22 bytes).
    Removing stm32f10x_i2c.o(i.I2C_ReceiveData), (8 bytes).
    Removing stm32f10x_i2c.o(i.I2C_SMBusAlertConfig), (28 bytes).
    Removing stm32f10x_i2c.o(i.I2C_Send7bitAddress), (18 bytes).
    Removing stm32f10x_i2c.o(i.I2C_SendData), (4 bytes).
    Removing stm32f10x_i2c.o(i.I2C_SoftwareResetCmd), (22 bytes).
    Removing stm32f10x_i2c.o(i.I2C_StretchClockCmd), (24 bytes).
    Removing stm32f10x_i2c.o(i.I2C_StructInit), (30 bytes).
    Removing stm32f10x_i2c.o(i.I2C_TransmitPEC), (24 bytes).
    Removing stm32f10x_iwdg.o(.rev16_text), (4 bytes).
    Removing stm32f10x_iwdg.o(.revsh_text), (4 bytes).
    Removing stm32f10x_iwdg.o(.rrx_text), (6 bytes).
    Removing stm32f10x_iwdg.o(i.IWDG_Enable), (16 bytes).
    Removing stm32f10x_iwdg.o(i.IWDG_GetFlagStatus), (24 bytes).
    Removing stm32f10x_iwdg.o(i.IWDG_ReloadCounter), (16 bytes).
    Removing stm32f10x_iwdg.o(i.IWDG_SetPrescaler), (12 bytes).
    Removing stm32f10x_iwdg.o(i.IWDG_SetReload), (12 bytes).
    Removing stm32f10x_iwdg.o(i.IWDG_WriteAccessCmd), (12 bytes).
    Removing stm32f10x_pwr.o(.rev16_text), (4 bytes).
    Removing stm32f10x_pwr.o(.revsh_text), (4 bytes).
    Removing stm32f10x_pwr.o(.rrx_text), (6 bytes).
    Removing stm32f10x_pwr.o(i.PWR_BackupAccessCmd), (12 bytes).
    Removing stm32f10x_pwr.o(i.PWR_ClearFlag), (20 bytes).
    Removing stm32f10x_pwr.o(i.PWR_DeInit), (22 bytes).
    Removing stm32f10x_pwr.o(i.PWR_EnterSTANDBYMode), (52 bytes).
    Removing stm32f10x_pwr.o(i.PWR_EnterSTOPMode), (64 bytes).
    Removing stm32f10x_pwr.o(i.PWR_GetFlagStatus), (24 bytes).
    Removing stm32f10x_pwr.o(i.PWR_PVDCmd), (12 bytes).
    Removing stm32f10x_pwr.o(i.PWR_PVDLevelConfig), (24 bytes).
    Removing stm32f10x_pwr.o(i.PWR_WakeUpPinCmd), (12 bytes).
    Removing stm32f10x_rcc.o(.rev16_text), (4 bytes).
    Removing stm32f10x_rcc.o(.revsh_text), (4 bytes).
    Removing stm32f10x_rcc.o(.rrx_text), (6 bytes).
    Removing stm32f10x_rcc.o(i.RCC_ADCCLKConfig), (24 bytes).
    Removing stm32f10x_rcc.o(i.RCC_AHBPeriphClockCmd), (32 bytes).
    Removing stm32f10x_rcc.o(i.RCC_APB1PeriphClockCmd), (32 bytes).
    Removing stm32f10x_rcc.o(i.RCC_APB1PeriphResetCmd), (32 bytes).
    Removing stm32f10x_rcc.o(i.RCC_APB2PeriphResetCmd), (32 bytes).
    Removing stm32f10x_rcc.o(i.RCC_AdjustHSICalibrationValue), (24 bytes).
    Removing stm32f10x_rcc.o(i.RCC_BackupResetCmd), (12 bytes).
    Removing stm32f10x_rcc.o(i.RCC_ClearFlag), (20 bytes).
    Removing stm32f10x_rcc.o(i.RCC_ClearITPendingBit), (12 bytes).
    Removing stm32f10x_rcc.o(i.RCC_ClockSecuritySystemCmd), (12 bytes).
    Removing stm32f10x_rcc.o(i.RCC_DeInit), (76 bytes).
    Removing stm32f10x_rcc.o(i.RCC_GetFlagStatus), (60 bytes).
    Removing stm32f10x_rcc.o(i.RCC_GetITStatus), (24 bytes).
    Removing stm32f10x_rcc.o(i.RCC_GetSYSCLKSource), (16 bytes).
    Removing stm32f10x_rcc.o(i.RCC_HCLKConfig), (24 bytes).
    Removing stm32f10x_rcc.o(i.RCC_HSEConfig), (76 bytes).
    Removing stm32f10x_rcc.o(i.RCC_HSICmd), (12 bytes).
    Removing stm32f10x_rcc.o(i.RCC_ITConfig), (32 bytes).
    Removing stm32f10x_rcc.o(i.RCC_LSEConfig), (52 bytes).
    Removing stm32f10x_rcc.o(i.RCC_LSICmd), (12 bytes).
    Removing stm32f10x_rcc.o(i.RCC_MCOConfig), (12 bytes).
    Removing stm32f10x_rcc.o(i.RCC_PCLK1Config), (24 bytes).
    Removing stm32f10x_rcc.o(i.RCC_PCLK2Config), (24 bytes).
    Removing stm32f10x_rcc.o(i.RCC_PLLCmd), (12 bytes).
    Removing stm32f10x_rcc.o(i.RCC_PLLConfig), (28 bytes).
    Removing stm32f10x_rcc.o(i.RCC_RTCCLKCmd), (12 bytes).
    Removing stm32f10x_rcc.o(i.RCC_RTCCLKConfig), (16 bytes).
    Removing stm32f10x_rcc.o(i.RCC_SYSCLKConfig), (24 bytes).
    Removing stm32f10x_rcc.o(i.RCC_USBCLKConfig), (12 bytes).
    Removing stm32f10x_rcc.o(i.RCC_WaitForHSEStartUp), (56 bytes).
    Removing stm32f10x_rtc.o(.rev16_text), (4 bytes).
    Removing stm32f10x_rtc.o(.revsh_text), (4 bytes).
    Removing stm32f10x_rtc.o(.rrx_text), (6 bytes).
    Removing stm32f10x_rtc.o(i.RTC_ClearFlag), (16 bytes).
    Removing stm32f10x_rtc.o(i.RTC_ClearITPendingBit), (16 bytes).
    Removing stm32f10x_rtc.o(i.RTC_EnterConfigMode), (20 bytes).
    Removing stm32f10x_rtc.o(i.RTC_ExitConfigMode), (20 bytes).
    Removing stm32f10x_rtc.o(i.RTC_GetCounter), (20 bytes).
    Removing stm32f10x_rtc.o(i.RTC_GetDivider), (24 bytes).
    Removing stm32f10x_rtc.o(i.RTC_GetFlagStatus), (24 bytes).
    Removing stm32f10x_rtc.o(i.RTC_GetITStatus), (36 bytes).
    Removing stm32f10x_rtc.o(i.RTC_ITConfig), (32 bytes).
    Removing stm32f10x_rtc.o(i.RTC_SetAlarm), (28 bytes).
    Removing stm32f10x_rtc.o(i.RTC_SetCounter), (28 bytes).
    Removing stm32f10x_rtc.o(i.RTC_SetPrescaler), (32 bytes).
    Removing stm32f10x_rtc.o(i.RTC_WaitForLastTask), (20 bytes).
    Removing stm32f10x_rtc.o(i.RTC_WaitForSynchro), (36 bytes).
    Removing stm32f10x_sdio.o(.rev16_text), (4 bytes).
    Removing stm32f10x_sdio.o(.revsh_text), (4 bytes).
    Removing stm32f10x_sdio.o(.rrx_text), (6 bytes).
    Removing stm32f10x_sdio.o(i.SDIO_CEATAITCmd), (16 bytes).
    Removing stm32f10x_sdio.o(i.SDIO_ClearFlag), (12 bytes).
    Removing stm32f10x_sdio.o(i.SDIO_ClearITPendingBit), (12 bytes).
    Removing stm32f10x_sdio.o(i.SDIO_ClockCmd), (12 bytes).
    Removing stm32f10x_sdio.o(i.SDIO_CmdStructInit), (14 bytes).
    Removing stm32f10x_sdio.o(i.SDIO_CommandCompletionCmd), (12 bytes).
    Removing stm32f10x_sdio.o(i.SDIO_DMACmd), (12 bytes).
    Removing stm32f10x_sdio.o(i.SDIO_DataConfig), (48 bytes).
    Removing stm32f10x_sdio.o(i.SDIO_DataStructInit), (20 bytes).
    Removing stm32f10x_sdio.o(i.SDIO_DeInit), (36 bytes).
    Removing stm32f10x_sdio.o(i.SDIO_GetCommandResponse), (12 bytes).
    Removing stm32f10x_sdio.o(i.SDIO_GetDataCounter), (12 bytes).
    Removing stm32f10x_sdio.o(i.SDIO_GetFIFOCount), (12 bytes).
    Removing stm32f10x_sdio.o(i.SDIO_GetFlagStatus), (24 bytes).
    Removing stm32f10x_sdio.o(i.SDIO_GetITStatus), (24 bytes).
    Removing stm32f10x_sdio.o(i.SDIO_GetPowerState), (16 bytes).
    Removing stm32f10x_sdio.o(i.SDIO_GetResponse), (24 bytes).
    Removing stm32f10x_sdio.o(i.SDIO_ITConfig), (32 bytes).
    Removing stm32f10x_sdio.o(i.SDIO_Init), (48 bytes).
    Removing stm32f10x_sdio.o(i.SDIO_ReadData), (12 bytes).
    Removing stm32f10x_sdio.o(i.SDIO_SendCEATACmd), (12 bytes).
    Removing stm32f10x_sdio.o(i.SDIO_SendCommand), (44 bytes).
    Removing stm32f10x_sdio.o(i.SDIO_SendSDIOSuspendCmd), (12 bytes).
    Removing stm32f10x_sdio.o(i.SDIO_SetPowerState), (28 bytes).
    Removing stm32f10x_sdio.o(i.SDIO_SetSDIOOperation), (12 bytes).
    Removing stm32f10x_sdio.o(i.SDIO_SetSDIOReadWaitMode), (12 bytes).
    Removing stm32f10x_sdio.o(i.SDIO_StartSDIOReadWait), (12 bytes).
    Removing stm32f10x_sdio.o(i.SDIO_StopSDIOReadWait), (12 bytes).
    Removing stm32f10x_sdio.o(i.SDIO_StructInit), (16 bytes).
    Removing stm32f10x_sdio.o(i.SDIO_WriteData), (12 bytes).
    Removing stm32f10x_spi.o(.rev16_text), (4 bytes).
    Removing stm32f10x_spi.o(.revsh_text), (4 bytes).
    Removing stm32f10x_spi.o(.rrx_text), (6 bytes).
    Removing stm32f10x_spi.o(i.I2S_Cmd), (24 bytes).
    Removing stm32f10x_spi.o(i.I2S_Init), (232 bytes).
    Removing stm32f10x_spi.o(i.I2S_StructInit), (20 bytes).
    Removing stm32f10x_spi.o(i.SPI_BiDirectionalLineConfig), (28 bytes).
    Removing stm32f10x_spi.o(i.SPI_CalculateCRC), (24 bytes).
    Removing stm32f10x_spi.o(i.SPI_Cmd), (24 bytes).
    Removing stm32f10x_spi.o(i.SPI_DataSizeConfig), (18 bytes).
    Removing stm32f10x_spi.o(i.SPI_GetCRC), (16 bytes).
    Removing stm32f10x_spi.o(i.SPI_GetCRCPolynomial), (6 bytes).
    Removing stm32f10x_spi.o(i.SPI_I2S_ClearFlag), (6 bytes).
    Removing stm32f10x_spi.o(i.SPI_I2S_ClearITPendingBit), (20 bytes).
    Removing stm32f10x_spi.o(i.SPI_I2S_DMACmd), (18 bytes).
    Removing stm32f10x_spi.o(i.SPI_I2S_DeInit), (88 bytes).
    Removing stm32f10x_spi.o(i.SPI_I2S_GetFlagStatus), (18 bytes).
    Removing stm32f10x_spi.o(i.SPI_I2S_GetITStatus), (52 bytes).
    Removing stm32f10x_spi.o(i.SPI_I2S_ITConfig), (32 bytes).
    Removing stm32f10x_spi.o(i.SPI_I2S_ReceiveData), (6 bytes).
    Removing stm32f10x_spi.o(i.SPI_I2S_SendData), (4 bytes).
    Removing stm32f10x_spi.o(i.SPI_Init), (60 bytes).
    Removing stm32f10x_spi.o(i.SPI_NSSInternalSoftwareConfig), (30 bytes).
    Removing stm32f10x_spi.o(i.SPI_SSOutputCmd), (24 bytes).
    Removing stm32f10x_spi.o(i.SPI_StructInit), (24 bytes).
    Removing stm32f10x_spi.o(i.SPI_TransmitCRC), (10 bytes).
    Removing stm32f10x_tim.o(.rev16_text), (4 bytes).
    Removing stm32f10x_tim.o(.revsh_text), (4 bytes).
    Removing stm32f10x_tim.o(.rrx_text), (6 bytes).
    Removing stm32f10x_tim.o(i.TI1_Config), (128 bytes).
    Removing stm32f10x_tim.o(i.TI2_Config), (152 bytes).
    Removing stm32f10x_tim.o(i.TI3_Config), (144 bytes).
    Removing stm32f10x_tim.o(i.TI4_Config), (152 bytes).
    Removing stm32f10x_tim.o(i.TIM_ARRPreloadConfig), (24 bytes).
    Removing stm32f10x_tim.o(i.TIM_BDTRConfig), (32 bytes).
    Removing stm32f10x_tim.o(i.TIM_BDTRStructInit), (18 bytes).
    Removing stm32f10x_tim.o(i.TIM_CCPreloadControl), (24 bytes).
    Removing stm32f10x_tim.o(i.TIM_CCxCmd), (30 bytes).
    Removing stm32f10x_tim.o(i.TIM_CCxNCmd), (30 bytes).
    Removing stm32f10x_tim.o(i.TIM_ClearFlag), (6 bytes).
    Removing stm32f10x_tim.o(i.TIM_ClearITPendingBit), (6 bytes).
    Removing stm32f10x_tim.o(i.TIM_ClearOC1Ref), (18 bytes).
    Removing stm32f10x_tim.o(i.TIM_ClearOC2Ref), (24 bytes).
    Removing stm32f10x_tim.o(i.TIM_ClearOC3Ref), (18 bytes).
    Removing stm32f10x_tim.o(i.TIM_ClearOC4Ref), (24 bytes).
    Removing stm32f10x_tim.o(i.TIM_Cmd), (24 bytes).
    Removing stm32f10x_tim.o(i.TIM_CounterModeConfig), (18 bytes).
    Removing stm32f10x_tim.o(i.TIM_CtrlPWMOutputs), (30 bytes).
    Removing stm32f10x_tim.o(i.TIM_DMACmd), (18 bytes).
    Removing stm32f10x_tim.o(i.TIM_DMAConfig), (10 bytes).
    Removing stm32f10x_tim.o(i.TIM_DeInit), (488 bytes).
    Removing stm32f10x_tim.o(i.TIM_ETRClockMode1Config), (54 bytes).
    Removing stm32f10x_tim.o(i.TIM_ETRClockMode2Config), (32 bytes).
    Removing stm32f10x_tim.o(i.TIM_ETRConfig), (28 bytes).
    Removing stm32f10x_tim.o(i.TIM_EncoderInterfaceConfig), (66 bytes).
    Removing stm32f10x_tim.o(i.TIM_ForcedOC1Config), (18 bytes).
    Removing stm32f10x_tim.o(i.TIM_ForcedOC2Config), (26 bytes).
    Removing stm32f10x_tim.o(i.TIM_ForcedOC3Config), (18 bytes).
    Removing stm32f10x_tim.o(i.TIM_ForcedOC4Config), (26 bytes).
    Removing stm32f10x_tim.o(i.TIM_GenerateEvent), (4 bytes).
    Removing stm32f10x_tim.o(i.TIM_GetCapture1), (6 bytes).
    Removing stm32f10x_tim.o(i.TIM_GetCapture2), (6 bytes).
    Removing stm32f10x_tim.o(i.TIM_GetCapture3), (6 bytes).
    Removing stm32f10x_tim.o(i.TIM_GetCapture4), (8 bytes).
    Removing stm32f10x_tim.o(i.TIM_GetCounter), (6 bytes).
    Removing stm32f10x_tim.o(i.TIM_GetFlagStatus), (18 bytes).
    Removing stm32f10x_tim.o(i.TIM_GetITStatus), (34 bytes).
    Removing stm32f10x_tim.o(i.TIM_GetPrescaler), (6 bytes).
    Removing stm32f10x_tim.o(i.TIM_ICInit), (172 bytes).
    Removing stm32f10x_tim.o(i.TIM_ICStructInit), (18 bytes).
    Removing stm32f10x_tim.o(i.TIM_ITConfig), (18 bytes).
    Removing stm32f10x_tim.o(i.TIM_ITRxExternalClockConfig), (24 bytes).
    Removing stm32f10x_tim.o(i.TIM_InternalClockConfig), (12 bytes).
    Removing stm32f10x_tim.o(i.TIM_OC1FastConfig), (18 bytes).
    Removing stm32f10x_tim.o(i.TIM_OC1Init), (152 bytes).
    Removing stm32f10x_tim.o(i.TIM_OC1NPolarityConfig), (18 bytes).
    Removing stm32f10x_tim.o(i.TIM_OC1PolarityConfig), (18 bytes).
    Removing stm32f10x_tim.o(i.TIM_OC1PreloadConfig), (18 bytes).
    Removing stm32f10x_tim.o(i.TIM_OC2FastConfig), (26 bytes).
    Removing stm32f10x_tim.o(i.TIM_OC2Init), (164 bytes).
    Removing stm32f10x_tim.o(i.TIM_OC2NPolarityConfig), (26 bytes).
    Removing stm32f10x_tim.o(i.TIM_OC2PolarityConfig), (26 bytes).
    Removing stm32f10x_tim.o(i.TIM_OC2PreloadConfig), (26 bytes).
    Removing stm32f10x_tim.o(i.TIM_OC3FastConfig), (18 bytes).
    Removing stm32f10x_tim.o(i.TIM_OC3Init), (160 bytes).
    Removing stm32f10x_tim.o(i.TIM_OC3NPolarityConfig), (26 bytes).
    Removing stm32f10x_tim.o(i.TIM_OC3PolarityConfig), (26 bytes).
    Removing stm32f10x_tim.o(i.TIM_OC3PreloadConfig), (18 bytes).
    Removing stm32f10x_tim.o(i.TIM_OC4FastConfig), (26 bytes).
    Removing stm32f10x_tim.o(i.TIM_OC4Init), (124 bytes).
    Removing stm32f10x_tim.o(i.TIM_OC4PolarityConfig), (26 bytes).
    Removing stm32f10x_tim.o(i.TIM_OC4PreloadConfig), (26 bytes).
    Removing stm32f10x_tim.o(i.TIM_OCStructInit), (20 bytes).
    Removing stm32f10x_tim.o(i.TIM_PWMIConfig), (124 bytes).
    Removing stm32f10x_tim.o(i.TIM_PrescalerConfig), (6 bytes).
    Removing stm32f10x_tim.o(i.TIM_SelectCCDMA), (24 bytes).
    Removing stm32f10x_tim.o(i.TIM_SelectCOM), (24 bytes).
    Removing stm32f10x_tim.o(i.TIM_SelectHallSensor), (24 bytes).
    Removing stm32f10x_tim.o(i.TIM_SelectInputTrigger), (18 bytes).
    Removing stm32f10x_tim.o(i.TIM_SelectMasterSlaveMode), (18 bytes).
    Removing stm32f10x_tim.o(i.TIM_SelectOCxM), (82 bytes).
    Removing stm32f10x_tim.o(i.TIM_SelectOnePulseMode), (18 bytes).
    Removing stm32f10x_tim.o(i.TIM_SelectOutputTrigger), (18 bytes).
    Removing stm32f10x_tim.o(i.TIM_SelectSlaveMode), (18 bytes).
    Removing stm32f10x_tim.o(i.TIM_SetAutoreload), (4 bytes).
    Removing stm32f10x_tim.o(i.TIM_SetClockDivision), (18 bytes).
    Removing stm32f10x_tim.o(i.TIM_SetCompare1), (4 bytes).
    Removing stm32f10x_tim.o(i.TIM_SetCompare2), (4 bytes).
    Removing stm32f10x_tim.o(i.TIM_SetCompare3), (4 bytes).
    Removing stm32f10x_tim.o(i.TIM_SetCompare4), (6 bytes).
    Removing stm32f10x_tim.o(i.TIM_SetCounter), (4 bytes).
    Removing stm32f10x_tim.o(i.TIM_SetIC1Prescaler), (18 bytes).
    Removing stm32f10x_tim.o(i.TIM_SetIC2Prescaler), (26 bytes).
    Removing stm32f10x_tim.o(i.TIM_SetIC3Prescaler), (18 bytes).
    Removing stm32f10x_tim.o(i.TIM_SetIC4Prescaler), (26 bytes).
    Removing stm32f10x_tim.o(i.TIM_TIxExternalClockConfig), (62 bytes).
    Removing stm32f10x_tim.o(i.TIM_TimeBaseInit), (164 bytes).
    Removing stm32f10x_tim.o(i.TIM_TimeBaseStructInit), (18 bytes).
    Removing stm32f10x_tim.o(i.TIM_UpdateDisableConfig), (24 bytes).
    Removing stm32f10x_tim.o(i.TIM_UpdateRequestConfig), (24 bytes).
    Removing stm32f10x_usart.o(.rev16_text), (4 bytes).
    Removing stm32f10x_usart.o(.revsh_text), (4 bytes).
    Removing stm32f10x_usart.o(.rrx_text), (6 bytes).
    Removing stm32f10x_usart.o(i.USART_ClearFlag), (18 bytes).
    Removing stm32f10x_usart.o(i.USART_ClockInit), (34 bytes).
    Removing stm32f10x_usart.o(i.USART_ClockStructInit), (12 bytes).
    Removing stm32f10x_usart.o(i.USART_DMACmd), (18 bytes).
    Removing stm32f10x_usart.o(i.USART_DeInit), (156 bytes).
    Removing stm32f10x_usart.o(i.USART_HalfDuplexCmd), (24 bytes).
    Removing stm32f10x_usart.o(i.USART_IrDACmd), (24 bytes).
    Removing stm32f10x_usart.o(i.USART_IrDAConfig), (18 bytes).
    Removing stm32f10x_usart.o(i.USART_LINBreakDetectLengthConfig), (18 bytes).
    Removing stm32f10x_usart.o(i.USART_LINCmd), (24 bytes).
    Removing stm32f10x_usart.o(i.USART_OneBitMethodCmd), (24 bytes).
    Removing stm32f10x_usart.o(i.USART_OverSampling8Cmd), (22 bytes).
    Removing stm32f10x_usart.o(i.USART_ReceiverWakeUpCmd), (24 bytes).
    Removing stm32f10x_usart.o(i.USART_SendBreak), (10 bytes).
    Removing stm32f10x_usart.o(i.USART_SetAddress), (18 bytes).
    Removing stm32f10x_usart.o(i.USART_SetGuardTime), (16 bytes).
    Removing stm32f10x_usart.o(i.USART_SetPrescaler), (16 bytes).
    Removing stm32f10x_usart.o(i.USART_SmartCardCmd), (24 bytes).
    Removing stm32f10x_usart.o(i.USART_SmartCardNACKCmd), (24 bytes).
    Removing stm32f10x_usart.o(i.USART_StructInit), (24 bytes).
    Removing stm32f10x_usart.o(i.USART_WakeUpConfig), (18 bytes).
    Removing stm32f10x_wwdg.o(.rev16_text), (4 bytes).
    Removing stm32f10x_wwdg.o(.revsh_text), (4 bytes).
    Removing stm32f10x_wwdg.o(.rrx_text), (6 bytes).
    Removing stm32f10x_wwdg.o(i.WWDG_ClearFlag), (12 bytes).
    Removing stm32f10x_wwdg.o(i.WWDG_DeInit), (22 bytes).
    Removing stm32f10x_wwdg.o(i.WWDG_Enable), (16 bytes).
    Removing stm32f10x_wwdg.o(i.WWDG_EnableIT), (12 bytes).
    Removing stm32f10x_wwdg.o(i.WWDG_GetFlagStatus), (12 bytes).
    Removing stm32f10x_wwdg.o(i.WWDG_SetCounter), (16 bytes).
    Removing stm32f10x_wwdg.o(i.WWDG_SetPrescaler), (24 bytes).
    Removing stm32f10x_wwdg.o(i.WWDG_SetWindowValue), (40 bytes).
    Removing system_stm32f10x.o(.rev16_text), (4 bytes).
    Removing system_stm32f10x.o(.revsh_text), (4 bytes).
    Removing system_stm32f10x.o(.rrx_text), (6 bytes).
    Removing system_stm32f10x.o(i.SystemCoreClockUpdate), (164 bytes).
    Removing system_stm32f10x.o(.data), (20 bytes).
    Removing dflti.o(.text), (34 bytes).
    Removing f2d.o(.text), (38 bytes).

692 unused section(s) (total 29381 bytes) removed from the image.

==============================================================================

Image Symbol Table

    Local Symbols

    Symbol Name                              Value     Ov Type        Size  Object(Section)

    ../clib/microlib/ctype/ctype.c           0x00000000   Number         0  isspace_c.o ABSOLUTE
    ../clib/microlib/ctype/ctype.c           0x00000000   Number         0  ctype_c.o ABSOLUTE
    ../clib/microlib/ctype/tolower.c         0x00000000   Number         0  tolower.o ABSOLUTE
    ../clib/microlib/division.c              0x00000000   Number         0  uldiv.o ABSOLUTE
    ../clib/microlib/division.c              0x00000000   Number         0  uidiv.o ABSOLUTE
    ../clib/microlib/init/entry.s            0x00000000   Number         0  entry10a.o ABSOLUTE
    ../clib/microlib/init/entry.s            0x00000000   Number         0  entry8a.o ABSOLUTE
    ../clib/microlib/init/entry.s            0x00000000   Number         0  entry8b.o ABSOLUTE
    ../clib/microlib/init/entry.s            0x00000000   Number         0  entry10b.o ABSOLUTE
    ../clib/microlib/init/entry.s            0x00000000   Number         0  entry9b.o ABSOLUTE
    ../clib/microlib/init/entry.s            0x00000000   Number         0  entry9a.o ABSOLUTE
    ../clib/microlib/init/entry.s            0x00000000   Number         0  entry11b.o ABSOLUTE
    ../clib/microlib/init/entry.s            0x00000000   Number         0  entry11a.o ABSOLUTE
    ../clib/microlib/init/entry.s            0x00000000   Number         0  entry.o ABSOLUTE
    ../clib/microlib/init/entry.s            0x00000000   Number         0  entry7b.o ABSOLUTE
    ../clib/microlib/init/entry.s            0x00000000   Number         0  entry7a.o ABSOLUTE
    ../clib/microlib/init/entry.s            0x00000000   Number         0  entry5.o ABSOLUTE
    ../clib/microlib/init/entry.s            0x00000000   Number         0  entry2.o ABSOLUTE
    ../clib/microlib/longlong.c              0x00000000   Number         0  llushr.o ABSOLUTE
    ../clib/microlib/longlong.c              0x00000000   Number         0  llshl.o ABSOLUTE
    ../clib/microlib/longlong.c              0x00000000   Number         0  llsshr.o ABSOLUTE
    ../clib/microlib/malloc/malloc.c         0x00000000   Number         0  malloca.o ABSOLUTE
    ../clib/microlib/malloc/malloc.c         0x00000000   Number         0  mallocr.o ABSOLUTE
    ../clib/microlib/malloc/malloc.c         0x00000000   Number         0  malloc.o ABSOLUTE
    ../clib/microlib/malloc/malloc.c         0x00000000   Number         0  mallocra.o ABSOLUTE
    ../clib/microlib/malloc/mvars.c          0x00000000   Number         0  mvars.o ABSOLUTE
    ../clib/microlib/printf/printf.c         0x00000000   Number         0  printf3.o ABSOLUTE
    ../clib/microlib/printf/printf.c         0x00000000   Number         0  printf6.o ABSOLUTE
    ../clib/microlib/printf/printf.c         0x00000000   Number         0  printf7.o ABSOLUTE
    ../clib/microlib/printf/printf.c         0x00000000   Number         0  printfa.o ABSOLUTE
    ../clib/microlib/printf/printf.c         0x00000000   Number         0  printf4.o ABSOLUTE
    ../clib/microlib/printf/printf.c         0x00000000   Number         0  printf2.o ABSOLUTE
    ../clib/microlib/printf/printf.c         0x00000000   Number         0  printf5.o ABSOLUTE
    ../clib/microlib/printf/printf.c         0x00000000   Number         0  printfb.o ABSOLUTE
    ../clib/microlib/printf/printf.c         0x00000000   Number         0  printf0.o ABSOLUTE
    ../clib/microlib/printf/printf.c         0x00000000   Number         0  printf8.o ABSOLUTE
    ../clib/microlib/printf/printf.c         0x00000000   Number         0  printf1.o ABSOLUTE
    ../clib/microlib/printf/stubs.s          0x00000000   Number         0  stubs.o ABSOLUTE
    ../clib/microlib/stdio/streams.c         0x00000000   Number         0  stdout.o ABSOLUTE
    ../clib/microlib/string/memcpy.c         0x00000000   Number         0  memcpyb.o ABSOLUTE
    ../clib/microlib/string/memcpy.c         0x00000000   Number         0  memcpya.o ABSOLUTE
    ../clib/microlib/string/memset.c         0x00000000   Number         0  memseta.o ABSOLUTE
    ../clib/microlib/string/strcat.c         0x00000000   Number         0  strcat.o ABSOLUTE
    ../clib/microlib/string/strcmp.c         0x00000000   Number         0  strcmp.o ABSOLUTE
    ../clib/microlib/string/strcpy.c         0x00000000   Number         0  strcpy.o ABSOLUTE
    ../clib/microlib/string/strlen.c         0x00000000   Number         0  strlen.o ABSOLUTE
    ../clib/microlib/string/strncmp.c        0x00000000   Number         0  strncmp.o ABSOLUTE
    ../clib/microlib/string/strrchr.c        0x00000000   Number         0  strrchr.o ABSOLUTE
    ../clib/microlib/stubs.s                 0x00000000   Number         0  iusefp.o ABSOLUTE
    ../clib/scanf.c                          0x00000000   Number         0  __0sscanf.o ABSOLUTE
    ../clib/scanf.c                          0x00000000   Number         0  scanf_char.o ABSOLUTE
    ../clib/scanf.c                          0x00000000   Number         0  _sgetc.o ABSOLUTE
    ../clib/scanf.c                          0x00000000   Number         0  strtod.o ABSOLUTE
    ../clib/scanf.c                          0x00000000   Number         0  _scanf.o ABSOLUTE
    ../clib/scanf.c                          0x00000000   Number         0  scanf_fp.o ABSOLUTE
    ../fplib/microlib/d2f.c                  0x00000000   Number         0  d2f.o ABSOLUTE
    ../fplib/microlib/f2d.c                  0x00000000   Number         0  f2d.o ABSOLUTE
    ../fplib/microlib/fpadd.c                0x00000000   Number         0  dadd.o ABSOLUTE
    ../fplib/microlib/fpdiv.c                0x00000000   Number         0  ddiv.o ABSOLUTE
    ../fplib/microlib/fpepilogue.c           0x00000000   Number         0  depilogue.o ABSOLUTE
    ../fplib/microlib/fpepilogue.c           0x00000000   Number         0  fepilogue.o ABSOLUTE
    ../fplib/microlib/fpfix.c                0x00000000   Number         0  dfixi.o ABSOLUTE
    ../fplib/microlib/fpfix.c                0x00000000   Number         0  dfixul.o ABSOLUTE
    ../fplib/microlib/fpflt.c                0x00000000   Number         0  dfltul.o ABSOLUTE
    ../fplib/microlib/fpflt.c                0x00000000   Number         0  dflti.o ABSOLUTE
    ../fplib/microlib/fpmul.c                0x00000000   Number         0  dmul.o ABSOLUTE
    ../mathlib/strtod.c                      0x00000000   Number         0  strtod.o ABSOLUTE
    D:\Download\keilv5\ARM\PACK\Keil\STM32F1xx_DFP\2.2.0\Device\StdPeriph_Driver\src\misc.c 0x00000000   Number         0  misc.o ABSOLUTE
    D:\Download\keilv5\ARM\PACK\Keil\STM32F1xx_DFP\2.2.0\Device\StdPeriph_Driver\src\stm32f10x_adc.c 0x00000000   Number         0  stm32f10x_adc.o ABSOLUTE
    D:\Download\keilv5\ARM\PACK\Keil\STM32F1xx_DFP\2.2.0\Device\StdPeriph_Driver\src\stm32f10x_bkp.c 0x00000000   Number         0  stm32f10x_bkp.o ABSOLUTE
    D:\Download\keilv5\ARM\PACK\Keil\STM32F1xx_DFP\2.2.0\Device\StdPeriph_Driver\src\stm32f10x_can.c 0x00000000   Number         0  stm32f10x_can.o ABSOLUTE
    D:\Download\keilv5\ARM\PACK\Keil\STM32F1xx_DFP\2.2.0\Device\StdPeriph_Driver\src\stm32f10x_cec.c 0x00000000   Number         0  stm32f10x_cec.o ABSOLUTE
    D:\Download\keilv5\ARM\PACK\Keil\STM32F1xx_DFP\2.2.0\Device\StdPeriph_Driver\src\stm32f10x_crc.c 0x00000000   Number         0  stm32f10x_crc.o ABSOLUTE
    D:\Download\keilv5\ARM\PACK\Keil\STM32F1xx_DFP\2.2.0\Device\StdPeriph_Driver\src\stm32f10x_dac.c 0x00000000   Number         0  stm32f10x_dac.o ABSOLUTE
    D:\Download\keilv5\ARM\PACK\Keil\STM32F1xx_DFP\2.2.0\Device\StdPeriph_Driver\src\stm32f10x_dbgmcu.c 0x00000000   Number         0  stm32f10x_dbgmcu.o ABSOLUTE
    D:\Download\keilv5\ARM\PACK\Keil\STM32F1xx_DFP\2.2.0\Device\StdPeriph_Driver\src\stm32f10x_dma.c 0x00000000   Number         0  stm32f10x_dma.o ABSOLUTE
    D:\Download\keilv5\ARM\PACK\Keil\STM32F1xx_DFP\2.2.0\Device\StdPeriph_Driver\src\stm32f10x_exti.c 0x00000000   Number         0  stm32f10x_exti.o ABSOLUTE
    D:\Download\keilv5\ARM\PACK\Keil\STM32F1xx_DFP\2.2.0\Device\StdPeriph_Driver\src\stm32f10x_flash.c 0x00000000   Number         0  stm32f10x_flash.o ABSOLUTE
    D:\Download\keilv5\ARM\PACK\Keil\STM32F1xx_DFP\2.2.0\Device\StdPeriph_Driver\src\stm32f10x_fsmc.c 0x00000000   Number         0  stm32f10x_fsmc.o ABSOLUTE
    D:\Download\keilv5\ARM\PACK\Keil\STM32F1xx_DFP\2.2.0\Device\StdPeriph_Driver\src\stm32f10x_gpio.c 0x00000000   Number         0  stm32f10x_gpio.o ABSOLUTE
    D:\Download\keilv5\ARM\PACK\Keil\STM32F1xx_DFP\2.2.0\Device\StdPeriph_Driver\src\stm32f10x_i2c.c 0x00000000   Number         0  stm32f10x_i2c.o ABSOLUTE
    D:\Download\keilv5\ARM\PACK\Keil\STM32F1xx_DFP\2.2.0\Device\StdPeriph_Driver\src\stm32f10x_iwdg.c 0x00000000   Number         0  stm32f10x_iwdg.o ABSOLUTE
    D:\Download\keilv5\ARM\PACK\Keil\STM32F1xx_DFP\2.2.0\Device\StdPeriph_Driver\src\stm32f10x_pwr.c 0x00000000   Number         0  stm32f10x_pwr.o ABSOLUTE
    D:\Download\keilv5\ARM\PACK\Keil\STM32F1xx_DFP\2.2.0\Device\StdPeriph_Driver\src\stm32f10x_rcc.c 0x00000000   Number         0  stm32f10x_rcc.o ABSOLUTE
    D:\Download\keilv5\ARM\PACK\Keil\STM32F1xx_DFP\2.2.0\Device\StdPeriph_Driver\src\stm32f10x_rtc.c 0x00000000   Number         0  stm32f10x_rtc.o ABSOLUTE
    D:\Download\keilv5\ARM\PACK\Keil\STM32F1xx_DFP\2.2.0\Device\StdPeriph_Driver\src\stm32f10x_sdio.c 0x00000000   Number         0  stm32f10x_sdio.o ABSOLUTE
    D:\Download\keilv5\ARM\PACK\Keil\STM32F1xx_DFP\2.2.0\Device\StdPeriph_Driver\src\stm32f10x_spi.c 0x00000000   Number         0  stm32f10x_spi.o ABSOLUTE
    D:\Download\keilv5\ARM\PACK\Keil\STM32F1xx_DFP\2.2.0\Device\StdPeriph_Driver\src\stm32f10x_tim.c 0x00000000   Number         0  stm32f10x_tim.o ABSOLUTE
    D:\Download\keilv5\ARM\PACK\Keil\STM32F1xx_DFP\2.2.0\Device\StdPeriph_Driver\src\stm32f10x_usart.c 0x00000000   Number         0  stm32f10x_usart.o ABSOLUTE
    D:\Download\keilv5\ARM\PACK\Keil\STM32F1xx_DFP\2.2.0\Device\StdPeriph_Driver\src\stm32f10x_wwdg.c 0x00000000   Number         0  stm32f10x_wwdg.o ABSOLUTE
    D:\Download\keilv5\ARM\PACK\MDK-Packs\cJSON\1.0.0\cJSON.c 0x00000000   Number         0  cjson.o ABSOLUTE
    D:\Download\keilv5\ARM\PACK\MDK-Packs\cJSON\1.0.0\cJSON_Utils.c 0x00000000   Number         0  cjson_utils.o ABSOLUTE
    D:\\Download\\keilv5\\ARM\\PACK\\Keil\\STM32F1xx_DFP\\2.2.0\\Device\\StdPeriph_Driver\\src\\misc.c 0x00000000   Number         0  misc.o ABSOLUTE
    D:\\Download\\keilv5\\ARM\\PACK\\Keil\\STM32F1xx_DFP\\2.2.0\\Device\\StdPeriph_Driver\\src\\stm32f10x_adc.c 0x00000000   Number         0  stm32f10x_adc.o ABSOLUTE
    D:\\Download\\keilv5\\ARM\\PACK\\Keil\\STM32F1xx_DFP\\2.2.0\\Device\\StdPeriph_Driver\\src\\stm32f10x_bkp.c 0x00000000   Number         0  stm32f10x_bkp.o ABSOLUTE
    D:\\Download\\keilv5\\ARM\\PACK\\Keil\\STM32F1xx_DFP\\2.2.0\\Device\\StdPeriph_Driver\\src\\stm32f10x_can.c 0x00000000   Number         0  stm32f10x_can.o ABSOLUTE
    D:\\Download\\keilv5\\ARM\\PACK\\Keil\\STM32F1xx_DFP\\2.2.0\\Device\\StdPeriph_Driver\\src\\stm32f10x_cec.c 0x00000000   Number         0  stm32f10x_cec.o ABSOLUTE
    D:\\Download\\keilv5\\ARM\\PACK\\Keil\\STM32F1xx_DFP\\2.2.0\\Device\\StdPeriph_Driver\\src\\stm32f10x_crc.c 0x00000000   Number         0  stm32f10x_crc.o ABSOLUTE
    D:\\Download\\keilv5\\ARM\\PACK\\Keil\\STM32F1xx_DFP\\2.2.0\\Device\\StdPeriph_Driver\\src\\stm32f10x_dac.c 0x00000000   Number         0  stm32f10x_dac.o ABSOLUTE
    D:\\Download\\keilv5\\ARM\\PACK\\Keil\\STM32F1xx_DFP\\2.2.0\\Device\\StdPeriph_Driver\\src\\stm32f10x_dbgmcu.c 0x00000000   Number         0  stm32f10x_dbgmcu.o ABSOLUTE
    D:\\Download\\keilv5\\ARM\\PACK\\Keil\\STM32F1xx_DFP\\2.2.0\\Device\\StdPeriph_Driver\\src\\stm32f10x_dma.c 0x00000000   Number         0  stm32f10x_dma.o ABSOLUTE
    D:\\Download\\keilv5\\ARM\\PACK\\Keil\\STM32F1xx_DFP\\2.2.0\\Device\\StdPeriph_Driver\\src\\stm32f10x_exti.c 0x00000000   Number         0  stm32f10x_exti.o ABSOLUTE
    D:\\Download\\keilv5\\ARM\\PACK\\Keil\\STM32F1xx_DFP\\2.2.0\\Device\\StdPeriph_Driver\\src\\stm32f10x_flash.c 0x00000000   Number         0  stm32f10x_flash.o ABSOLUTE
    D:\\Download\\keilv5\\ARM\\PACK\\Keil\\STM32F1xx_DFP\\2.2.0\\Device\\StdPeriph_Driver\\src\\stm32f10x_fsmc.c 0x00000000   Number         0  stm32f10x_fsmc.o ABSOLUTE
    D:\\Download\\keilv5\\ARM\\PACK\\Keil\\STM32F1xx_DFP\\2.2.0\\Device\\StdPeriph_Driver\\src\\stm32f10x_gpio.c 0x00000000   Number         0  stm32f10x_gpio.o ABSOLUTE
    D:\\Download\\keilv5\\ARM\\PACK\\Keil\\STM32F1xx_DFP\\2.2.0\\Device\\StdPeriph_Driver\\src\\stm32f10x_i2c.c 0x00000000   Number         0  stm32f10x_i2c.o ABSOLUTE
    D:\\Download\\keilv5\\ARM\\PACK\\Keil\\STM32F1xx_DFP\\2.2.0\\Device\\StdPeriph_Driver\\src\\stm32f10x_iwdg.c 0x00000000   Number         0  stm32f10x_iwdg.o ABSOLUTE
    D:\\Download\\keilv5\\ARM\\PACK\\Keil\\STM32F1xx_DFP\\2.2.0\\Device\\StdPeriph_Driver\\src\\stm32f10x_pwr.c 0x00000000   Number         0  stm32f10x_pwr.o ABSOLUTE
    D:\\Download\\keilv5\\ARM\\PACK\\Keil\\STM32F1xx_DFP\\2.2.0\\Device\\StdPeriph_Driver\\src\\stm32f10x_rcc.c 0x00000000   Number         0  stm32f10x_rcc.o ABSOLUTE
    D:\\Download\\keilv5\\ARM\\PACK\\Keil\\STM32F1xx_DFP\\2.2.0\\Device\\StdPeriph_Driver\\src\\stm32f10x_rtc.c 0x00000000   Number         0  stm32f10x_rtc.o ABSOLUTE
    D:\\Download\\keilv5\\ARM\\PACK\\Keil\\STM32F1xx_DFP\\2.2.0\\Device\\StdPeriph_Driver\\src\\stm32f10x_sdio.c 0x00000000   Number         0  stm32f10x_sdio.o ABSOLUTE
    D:\\Download\\keilv5\\ARM\\PACK\\Keil\\STM32F1xx_DFP\\2.2.0\\Device\\StdPeriph_Driver\\src\\stm32f10x_spi.c 0x00000000   Number         0  stm32f10x_spi.o ABSOLUTE
    D:\\Download\\keilv5\\ARM\\PACK\\Keil\\STM32F1xx_DFP\\2.2.0\\Device\\StdPeriph_Driver\\src\\stm32f10x_tim.c 0x00000000   Number         0  stm32f10x_tim.o ABSOLUTE
    D:\\Download\\keilv5\\ARM\\PACK\\Keil\\STM32F1xx_DFP\\2.2.0\\Device\\StdPeriph_Driver\\src\\stm32f10x_usart.c 0x00000000   Number         0  stm32f10x_usart.o ABSOLUTE
    D:\\Download\\keilv5\\ARM\\PACK\\Keil\\STM32F1xx_DFP\\2.2.0\\Device\\StdPeriph_Driver\\src\\stm32f10x_wwdg.c 0x00000000   Number         0  stm32f10x_wwdg.o ABSOLUTE
    Hardware\Key.c                           0x00000000   Number         0  key.o ABSOLUTE
    Hardware\LED.c                           0x00000000   Number         0  led.o ABSOLUTE
    Hardware\OLED.c                          0x00000000   Number         0  oled.o ABSOLUTE
    Hardware\Serial.c                        0x00000000   Number         0  serial.o ABSOLUTE
    Hardware\\Key.c                          0x00000000   Number         0  key.o ABSOLUTE
    Hardware\\LED.c                          0x00000000   Number         0  led.o ABSOLUTE
    Hardware\\OLED.c                         0x00000000   Number         0  oled.o ABSOLUTE
    Hardware\\Serial.c                       0x00000000   Number         0  serial.o ABSOLUTE
    RTE\Device\STM32F103C8\startup_stm32f10x_md.s 0x00000000   Number         0  startup_stm32f10x_md.o ABSOLUTE
    RTE\Device\STM32F103C8\system_stm32f10x.c 0x00000000   Number         0  system_stm32f10x.o ABSOLUTE
    RTE\\Device\\STM32F103C8\\system_stm32f10x.c 0x00000000   Number         0  system_stm32f10x.o ABSOLUTE
    System\Delay.c                           0x00000000   Number         0  delay.o ABSOLUTE
    System\\Delay.c                          0x00000000   Number         0  delay.o ABSOLUTE
    User\\main.c                             0x00000000   Number         0  main.o ABSOLUTE
    User\main.c                              0x00000000   Number         0  main.o ABSOLUTE
    cdcmple.s                                0x00000000   Number         0  cdcmple.o ABSOLUTE
    cdrcmple.s                               0x00000000   Number         0  cdrcmple.o ABSOLUTE
    dc.s                                     0x00000000   Number         0  dc.o ABSOLUTE
    handlers.s                               0x00000000   Number         0  handlers.o ABSOLUTE
    init.s                                   0x00000000   Number         0  init.o ABSOLUTE
    RESET                                    0x08000000   Section      236  startup_stm32f10x_md.o(RESET)
    .ARM.Collect$$$$00000000                 0x080000ec   Section        0  entry.o(.ARM.Collect$$$$00000000)
    .ARM.Collect$$$$00000001                 0x080000ec   Section        4  entry2.o(.ARM.Collect$$$$00000001)
    .ARM.Collect$$$$00000004                 0x080000f0   Section        4  entry5.o(.ARM.Collect$$$$00000004)
    .ARM.Collect$$$$00000008                 0x080000f4   Section        0  entry7b.o(.ARM.Collect$$$$00000008)
    .ARM.Collect$$$$0000000A                 0x080000f4   Section        0  entry8b.o(.ARM.Collect$$$$0000000A)
    .ARM.Collect$$$$0000000B                 0x080000f4   Section        8  entry9a.o(.ARM.Collect$$$$0000000B)
    .ARM.Collect$$$$0000000D                 0x080000fc   Section        0  entry10a.o(.ARM.Collect$$$$0000000D)
    .ARM.Collect$$$$0000000F                 0x080000fc   Section        0  entry11a.o(.ARM.Collect$$$$0000000F)
    .ARM.Collect$$$$00002712                 0x080000fc   Section        4  entry2.o(.ARM.Collect$$$$00002712)
    __lit__00000000                          0x080000fc   Data           4  entry2.o(.ARM.Collect$$$$00002712)
    .text                                    0x08000100   Section       36  startup_stm32f10x_md.o(.text)
    .text                                    0x08000124   Section        0  tolower.o(.text)
    .text                                    0x08000130   Section        0  memcpya.o(.text)
    .text                                    0x08000154   Section        0  memseta.o(.text)
    .text                                    0x08000178   Section        0  strlen.o(.text)
    .text                                    0x08000186   Section        0  strcmp.o(.text)
    .text                                    0x080001a2   Section        0  strncmp.o(.text)
    .text                                    0x080001c0   Section        0  scanf_fp.o(.text)
    _fp_value                                0x080001c1   Thumb Code   296  scanf_fp.o(.text)
    .text                                    0x08000520   Section        0  dmul.o(.text)
    .text                                    0x08000604   Section        0  dfixi.o(.text)
    .text                                    0x08000644   Section       48  cdcmple.o(.text)
    .text                                    0x08000674   Section       48  cdrcmple.o(.text)
    .text                                    0x080006a4   Section        0  uidiv.o(.text)
    .text                                    0x080006d0   Section        0  uldiv.o(.text)
    .text                                    0x08000732   Section        0  llushr.o(.text)
    .text                                    0x08000752   Section        0  _sgetc.o(.text)
    .text                                    0x08000794   Section        0  strtod.o(.text)
    _local_sscanf                            0x08000795   Thumb Code    54  strtod.o(.text)
    .text                                    0x08000830   Section        0  iusefp.o(.text)
    .text                                    0x08000830   Section        0  depilogue.o(.text)
    .text                                    0x080008ea   Section        0  dadd.o(.text)
    .text                                    0x08000a38   Section        0  ddiv.o(.text)
    .text                                    0x08000b16   Section        0  dfltul.o(.text)
    .text                                    0x08000b2e   Section        0  dfixul.o(.text)
    .text                                    0x08000b5e   Section        0  d2f.o(.text)
    .text                                    0x08000b98   Section       36  init.o(.text)
    .text                                    0x08000bbc   Section        0  llshl.o(.text)
    .text                                    0x08000bda   Section        0  llsshr.o(.text)
    .text                                    0x08000bfe   Section        0  isspace_c.o(.text)
    .text                                    0x08000c08   Section        0  fepilogue.o(.text)
    .text                                    0x08000c78   Section        0  ctype_c.o(.text)
    i.GPIO_Init                              0x08000ca0   Section        0  stm32f10x_gpio.o(i.GPIO_Init)
    i.GPIO_ResetBits                         0x08000db6   Section        0  stm32f10x_gpio.o(i.GPIO_ResetBits)
    i.GPIO_SetBits                           0x08000dba   Section        0  stm32f10x_gpio.o(i.GPIO_SetBits)
    i.GPIO_WriteBit                          0x08000dbe   Section        0  stm32f10x_gpio.o(i.GPIO_WriteBit)
    i.LED1_Off                               0x08000dc8   Section        0  led.o(i.LED1_Off)
    i.LED1_On                                0x08000dd8   Section        0  led.o(i.LED1_On)
    i.NVIC_Init                              0x08000de8   Section        0  misc.o(i.NVIC_Init)
    i.NVIC_PriorityGroupConfig               0x08000e58   Section        0  misc.o(i.NVIC_PriorityGroupConfig)
    i.OLED_Clear                             0x08000e6c   Section        0  oled.o(i.OLED_Clear)
    i.OLED_I2C_Init                          0x08000e98   Section        0  oled.o(i.OLED_I2C_Init)
    i.OLED_I2C_SendByte                      0x08000ee8   Section        0  oled.o(i.OLED_I2C_SendByte)
    i.OLED_I2C_Start                         0x08000f3c   Section        0  oled.o(i.OLED_I2C_Start)
    i.OLED_I2C_Stop                          0x08000f70   Section        0  oled.o(i.OLED_I2C_Stop)
    i.OLED_Init                              0x08000f98   Section        0  oled.o(i.OLED_Init)
    i.OLED_SetCursor                         0x08001046   Section        0  oled.o(i.OLED_SetCursor)
    i.OLED_ShowChar                          0x08001068   Section        0  oled.o(i.OLED_ShowChar)
    i.OLED_ShowString                        0x080010dc   Section        0  oled.o(i.OLED_ShowString)
    i.OLED_WriteCommand                      0x08001104   Section        0  oled.o(i.OLED_WriteCommand)
    i.OLED_WriteData                         0x08001124   Section        0  oled.o(i.OLED_WriteData)
    i.RCC_APB2PeriphClockCmd                 0x08001144   Section        0  stm32f10x_rcc.o(i.RCC_APB2PeriphClockCmd)
    i.RCC_GetClocksFreq                      0x08001164   Section        0  stm32f10x_rcc.o(i.RCC_GetClocksFreq)
    i.Serial_Byte                            0x08001238   Section        0  serial.o(i.Serial_Byte)
    i.Serial_Init                            0x08001258   Section        0  serial.o(i.Serial_Init)
    i.SetSysClock                            0x08001308   Section        0  system_stm32f10x.o(i.SetSysClock)
    SetSysClock                              0x08001309   Thumb Code     8  system_stm32f10x.o(i.SetSysClock)
    i.SetSysClockTo72                        0x08001310   Section        0  system_stm32f10x.o(i.SetSysClockTo72)
    SetSysClockTo72                          0x08001311   Thumb Code   214  system_stm32f10x.o(i.SetSysClockTo72)
    i.SystemInit                             0x080013f0   Section        0  system_stm32f10x.o(i.SystemInit)
    i.USART1_IRQHandler                      0x08001450   Section        0  serial.o(i.USART1_IRQHandler)
    i.USART_ClearITPendingBit                0x080014bc   Section        0  stm32f10x_usart.o(i.USART_ClearITPendingBit)
    i.USART_Cmd                              0x080014da   Section        0  stm32f10x_usart.o(i.USART_Cmd)
    i.USART_GetFlagStatus                    0x080014f2   Section        0  stm32f10x_usart.o(i.USART_GetFlagStatus)
    i.USART_GetITStatus                      0x0800150c   Section        0  stm32f10x_usart.o(i.USART_GetITStatus)
    i.USART_ITConfig                         0x08001560   Section        0  stm32f10x_usart.o(i.USART_ITConfig)
    i.USART_Init                             0x080015ac   Section        0  stm32f10x_usart.o(i.USART_Init)
    i.USART_ReceiveData                      0x08001684   Section        0  stm32f10x_usart.o(i.USART_ReceiveData)
    i.USART_SendData                         0x0800168e   Section        0  stm32f10x_usart.o(i.USART_SendData)
    i.__0printf                              0x08001698   Section        0  printfa.o(i.__0printf)
    i.__free$realloc                         0x080016b8   Section        0  mallocr.o(i.__free$realloc)
    i.__malloc$realloc                       0x08001714   Section        0  mallocr.o(i.__malloc$realloc)
    i.__scatterload_copy                     0x08001764   Section       14  handlers.o(i.__scatterload_copy)
    i.__scatterload_null                     0x08001772   Section        2  handlers.o(i.__scatterload_null)
    i.__scatterload_zeroinit                 0x08001774   Section       14  handlers.o(i.__scatterload_zeroinit)
    i._fp_digits                             0x08001784   Section        0  printfa.o(i._fp_digits)
    _fp_digits                               0x08001785   Thumb Code   366  printfa.o(i._fp_digits)
    i._is_digit                              0x08001908   Section        0  scanf_fp.o(i._is_digit)
    i._printf_core                           0x08001918   Section        0  printfa.o(i._printf_core)
    _printf_core                             0x08001919   Thumb Code  1744  printfa.o(i._printf_core)
    i._printf_post_padding                   0x08001ff4   Section        0  printfa.o(i._printf_post_padding)
    _printf_post_padding                     0x08001ff5   Thumb Code    36  printfa.o(i._printf_post_padding)
    i._printf_pre_padding                    0x08002018   Section        0  printfa.o(i._printf_pre_padding)
    _printf_pre_padding                      0x08002019   Thumb Code    46  printfa.o(i._printf_pre_padding)
    i.buffer_skip_whitespace                 0x08002046   Section        0  cjson.o(i.buffer_skip_whitespace)
    buffer_skip_whitespace                   0x08002047   Thumb Code    58  cjson.o(i.buffer_skip_whitespace)
    i.cJSON_Delete                           0x08002080   Section        0  cjson.o(i.cJSON_Delete)
    i.cJSON_GetArrayItem                     0x080020d8   Section        0  cjson.o(i.cJSON_GetArrayItem)
    i.cJSON_GetObjectItem                    0x080020f0   Section        0  cjson.o(i.cJSON_GetObjectItem)
    i.cJSON_New_Item                         0x08002102   Section        0  cjson.o(i.cJSON_New_Item)
    cJSON_New_Item                           0x08002103   Thumb Code    26  cjson.o(i.cJSON_New_Item)
    i.cJSON_Parse                            0x0800211c   Section        0  cjson.o(i.cJSON_Parse)
    i.cJSON_ParseWithOpts                    0x0800212c   Section        0  cjson.o(i.cJSON_ParseWithOpts)
    i.case_insensitive_strcmp                0x08002200   Section        0  cjson.o(i.case_insensitive_strcmp)
    case_insensitive_strcmp                  0x08002201   Thumb Code    72  cjson.o(i.case_insensitive_strcmp)
    i.dealTask                               0x08002248   Section        0  serial.o(i.dealTask)
    i.fputc                                  0x080022c8   Section        0  serial.o(i.fputc)
    i.get_array_item                         0x080022d8   Section        0  cjson.o(i.get_array_item)
    get_array_item                           0x080022d9   Thumb Code    30  cjson.o(i.get_array_item)
    i.get_decimal_point                      0x080022f6   Section        0  cjson.o(i.get_decimal_point)
    get_decimal_point                        0x080022f7   Thumb Code     4  cjson.o(i.get_decimal_point)
    i.get_object_item                        0x080022fa   Section        0  cjson.o(i.get_object_item)
    get_object_item                          0x080022fb   Thumb Code    68  cjson.o(i.get_object_item)
    i.internal_alloc                         0x08002340   Section        0  mallocr.o(i.internal_alloc)
    internal_alloc                           0x08002341   Thumb Code    76  mallocr.o(i.internal_alloc)
    i.main                                   0x08002390   Section        0  main.o(i.main)
    i.parse_array                            0x0800243c   Section        0  cjson.o(i.parse_array)
    parse_array                              0x0800243d   Thumb Code   244  cjson.o(i.parse_array)
    i.parse_hex4                             0x08002530   Section        0  cjson.o(i.parse_hex4)
    parse_hex4                               0x08002531   Thumb Code    90  cjson.o(i.parse_hex4)
    i.parse_number                           0x0800258c   Section        0  cjson.o(i.parse_number)
    parse_number                             0x0800258d   Thumb Code   298  cjson.o(i.parse_number)
    i.parse_object                           0x080026c4   Section        0  cjson.o(i.parse_object)
    parse_object                             0x080026c5   Thumb Code   314  cjson.o(i.parse_object)
    i.parse_string                           0x080027fe   Section        0  cjson.o(i.parse_string)
    parse_string                             0x080027ff   Thumb Code   396  cjson.o(i.parse_string)
    i.parse_value                            0x0800298c   Section        0  cjson.o(i.parse_value)
    parse_value                              0x0800298d   Thumb Code   290  cjson.o(i.parse_value)
    i.realloc                                0x08002ac8   Section        0  mallocr.o(i.realloc)
    i.skip_utf8_bom                          0x08002b34   Section        0  cjson.o(i.skip_utf8_bom)
    skip_utf8_bom                            0x08002b35   Thumb Code    56  cjson.o(i.skip_utf8_bom)
    i.strtod                                 0x08002b70   Section        0  strtod.o(i.strtod)
    i.utf16_literal_to_utf8                  0x08002b8c   Section        0  cjson.o(i.utf16_literal_to_utf8)
    utf16_literal_to_utf8                    0x08002b8d   Thumb Code   300  cjson.o(i.utf16_literal_to_utf8)
    .constdata                               0x08002cb8   Section     1520  oled.o(.constdata)
    .constdata                               0x080032a8   Section       64  ctype_c.o(.constdata)
    .conststring                             0x080032e8   Section      423  main.o(.conststring)
    .data                                    0x20000000   Section        1  serial.o(.data)
    index                                    0x20000000   Data           1  serial.o(.data)
    .data                                    0x20000004   Section       20  cjson.o(.data)
    global_error                             0x20000004   Data           8  cjson.o(.data)
    global_hooks                             0x2000000c   Data          12  cjson.o(.data)
    .data                                    0x20000018   Section       20  stm32f10x_rcc.o(.data)
    APBAHBPrescTable                         0x20000018   Data          16  stm32f10x_rcc.o(.data)
    ADCPrescTable                            0x20000028   Data           4  stm32f10x_rcc.o(.data)
    .data                                    0x2000002c   Section        4  stdout.o(.data)
    .data                                    0x20000030   Section        4  mvars.o(.data)
    .data                                    0x20000034   Section        4  mvars.o(.data)
    .bss                                     0x20000038   Section      100  serial.o(.bss)
    HEAP                                     0x200000a0   Section     2048  startup_stm32f10x_md.o(HEAP)
    STACK                                    0x200008a0   Section     4096  startup_stm32f10x_md.o(STACK)

    Global Symbols

    Symbol Name                              Value     Ov Type        Size  Object(Section)

    BuildAttributes$$THM_ISAv4$P$D$K$B$S$PE$A:L22UL41UL21$X:L11$S22US41US21$IEEE1$IW$USESV6$~STKCKD$USESV7$~SHL$OTIME$ROPI$IEEEJ$EBA8$MICROLIB$REQ8$PRES8$EABIv2 0x00000000   Number         0  anon$$obj.o ABSOLUTE
    __ARM_use_no_argv                        0x00000000   Number         0  main.o ABSOLUTE
    _printf_a                                0x00000000   Number         0  stubs.o ABSOLUTE
    _printf_c                                0x00000000   Number         0  stubs.o ABSOLUTE
    _printf_charcount                        0x00000000   Number         0  stubs.o ABSOLUTE
    _printf_d                                0x00000000   Number         0  stubs.o ABSOLUTE
    _printf_e                                0x00000000   Number         0  stubs.o ABSOLUTE
    _printf_f                                0x00000000   Number         0  stubs.o ABSOLUTE
    _printf_flags                            0x00000000   Number         0  stubs.o ABSOLUTE
    _printf_fp_dec                           0x00000000   Number         0  stubs.o ABSOLUTE
    _printf_fp_hex                           0x00000000   Number         0  stubs.o ABSOLUTE
    _printf_g                                0x00000000   Number         0  stubs.o ABSOLUTE
    _printf_i                                0x00000000   Number         0  stubs.o ABSOLUTE
    _printf_int_dec                          0x00000000   Number         0  stubs.o ABSOLUTE
    _printf_l                                0x00000000   Number         0  stubs.o ABSOLUTE
    _printf_lc                               0x00000000   Number         0  stubs.o ABSOLUTE
    _printf_ll                               0x00000000   Number         0  stubs.o ABSOLUTE
    _printf_lld                              0x00000000   Number         0  stubs.o ABSOLUTE
    _printf_lli                              0x00000000   Number         0  stubs.o ABSOLUTE
    _printf_llo                              0x00000000   Number         0  stubs.o ABSOLUTE
    _printf_llu                              0x00000000   Number         0  stubs.o ABSOLUTE
    _printf_llx                              0x00000000   Number         0  stubs.o ABSOLUTE
    _printf_longlong_dec                     0x00000000   Number         0  stubs.o ABSOLUTE
    _printf_longlong_hex                     0x00000000   Number         0  stubs.o ABSOLUTE
    _printf_longlong_oct                     0x00000000   Number         0  stubs.o ABSOLUTE
    _printf_ls                               0x00000000   Number         0  stubs.o ABSOLUTE
    _printf_mbtowc                           0x00000000   Number         0  stubs.o ABSOLUTE
    _printf_n                                0x00000000   Number         0  stubs.o ABSOLUTE
    _printf_o                                0x00000000   Number         0  stubs.o ABSOLUTE
    _printf_p                                0x00000000   Number         0  stubs.o ABSOLUTE
    _printf_percent                          0x00000000   Number         0  stubs.o ABSOLUTE
    _printf_pre_padding                      0x00000000   Number         0  stubs.o ABSOLUTE
    _printf_return_value                     0x00000000   Number         0  stubs.o ABSOLUTE
    _printf_s                                0x00000000   Number         0  stubs.o ABSOLUTE
    _printf_sizespec                         0x00000000   Number         0  stubs.o ABSOLUTE
    _printf_str                              0x00000000   Number         0  stubs.o ABSOLUTE
    _printf_truncate_signed                  0x00000000   Number         0  stubs.o ABSOLUTE
    _printf_truncate_unsigned                0x00000000   Number         0  stubs.o ABSOLUTE
    _printf_u                                0x00000000   Number         0  stubs.o ABSOLUTE
    _printf_wc                               0x00000000   Number         0  stubs.o ABSOLUTE
    _printf_wctomb                           0x00000000   Number         0  stubs.o ABSOLUTE
    _printf_widthprec                        0x00000000   Number         0  stubs.o ABSOLUTE
    _printf_x                                0x00000000   Number         0  stubs.o ABSOLUTE
    __cpp_initialize__aeabi_                  - Undefined Weak Reference
    __cxa_finalize                            - Undefined Weak Reference
    __decompress                              - Undefined Weak Reference
    _clock_init                               - Undefined Weak Reference
    _microlib_exit                            - Undefined Weak Reference
    _scanf_int                                - Undefined Weak Reference
    _scanf_longlong                           - Undefined Weak Reference
    _scanf_string                             - Undefined Weak Reference
    __Vectors_Size                           0x000000ec   Number         0  startup_stm32f10x_md.o ABSOLUTE
    __Vectors                                0x08000000   Data           4  startup_stm32f10x_md.o(RESET)
    __Vectors_End                            0x080000ec   Data           0  startup_stm32f10x_md.o(RESET)
    __main                                   0x080000ed   Thumb Code     0  entry.o(.ARM.Collect$$$$00000000)
    _main_stk                                0x080000ed   Thumb Code     0  entry2.o(.ARM.Collect$$$$00000001)
    _main_scatterload                        0x080000f1   Thumb Code     0  entry5.o(.ARM.Collect$$$$00000004)
    __main_after_scatterload                 0x080000f5   Thumb Code     0  entry5.o(.ARM.Collect$$$$00000004)
    _main_clock                              0x080000f5   Thumb Code     0  entry7b.o(.ARM.Collect$$$$00000008)
    _main_cpp_init                           0x080000f5   Thumb Code     0  entry8b.o(.ARM.Collect$$$$0000000A)
    _main_init                               0x080000f5   Thumb Code     0  entry9a.o(.ARM.Collect$$$$0000000B)
    __rt_final_cpp                           0x080000fd   Thumb Code     0  entry10a.o(.ARM.Collect$$$$0000000D)
    __rt_final_exit                          0x080000fd   Thumb Code     0  entry11a.o(.ARM.Collect$$$$0000000F)
    Reset_Handler                            0x08000101   Thumb Code     8  startup_stm32f10x_md.o(.text)
    NMI_Handler                              0x08000109   Thumb Code     2  startup_stm32f10x_md.o(.text)
    HardFault_Handler                        0x0800010b   Thumb Code     2  startup_stm32f10x_md.o(.text)
    MemManage_Handler                        0x0800010d   Thumb Code     2  startup_stm32f10x_md.o(.text)
    BusFault_Handler                         0x0800010f   Thumb Code     2  startup_stm32f10x_md.o(.text)
    UsageFault_Handler                       0x08000111   Thumb Code     2  startup_stm32f10x_md.o(.text)
    SVC_Handler                              0x08000113   Thumb Code     2  startup_stm32f10x_md.o(.text)
    DebugMon_Handler                         0x08000115   Thumb Code     2  startup_stm32f10x_md.o(.text)
    PendSV_Handler                           0x08000117   Thumb Code     2  startup_stm32f10x_md.o(.text)
    SysTick_Handler                          0x08000119   Thumb Code     2  startup_stm32f10x_md.o(.text)
    ADC1_2_IRQHandler                        0x0800011b   Thumb Code     0  startup_stm32f10x_md.o(.text)
    CAN1_RX1_IRQHandler                      0x0800011b   Thumb Code     0  startup_stm32f10x_md.o(.text)
    CAN1_SCE_IRQHandler                      0x0800011b   Thumb Code     0  startup_stm32f10x_md.o(.text)
    DMA1_Channel1_IRQHandler                 0x0800011b   Thumb Code     0  startup_stm32f10x_md.o(.text)
    DMA1_Channel2_IRQHandler                 0x0800011b   Thumb Code     0  startup_stm32f10x_md.o(.text)
    DMA1_Channel3_IRQHandler                 0x0800011b   Thumb Code     0  startup_stm32f10x_md.o(.text)
    DMA1_Channel4_IRQHandler                 0x0800011b   Thumb Code     0  startup_stm32f10x_md.o(.text)
    DMA1_Channel5_IRQHandler                 0x0800011b   Thumb Code     0  startup_stm32f10x_md.o(.text)
    DMA1_Channel6_IRQHandler                 0x0800011b   Thumb Code     0  startup_stm32f10x_md.o(.text)
    DMA1_Channel7_IRQHandler                 0x0800011b   Thumb Code     0  startup_stm32f10x_md.o(.text)
    EXTI0_IRQHandler                         0x0800011b   Thumb Code     0  startup_stm32f10x_md.o(.text)
    EXTI15_10_IRQHandler                     0x0800011b   Thumb Code     0  startup_stm32f10x_md.o(.text)
    EXTI1_IRQHandler                         0x0800011b   Thumb Code     0  startup_stm32f10x_md.o(.text)
    EXTI2_IRQHandler                         0x0800011b   Thumb Code     0  startup_stm32f10x_md.o(.text)
    EXTI3_IRQHandler                         0x0800011b   Thumb Code     0  startup_stm32f10x_md.o(.text)
    EXTI4_IRQHandler                         0x0800011b   Thumb Code     0  startup_stm32f10x_md.o(.text)
    EXTI9_5_IRQHandler                       0x0800011b   Thumb Code     0  startup_stm32f10x_md.o(.text)
    FLASH_IRQHandler                         0x0800011b   Thumb Code     0  startup_stm32f10x_md.o(.text)
    I2C1_ER_IRQHandler                       0x0800011b   Thumb Code     0  startup_stm32f10x_md.o(.text)
    I2C1_EV_IRQHandler                       0x0800011b   Thumb Code     0  startup_stm32f10x_md.o(.text)
    I2C2_ER_IRQHandler                       0x0800011b   Thumb Code     0  startup_stm32f10x_md.o(.text)
    I2C2_EV_IRQHandler                       0x0800011b   Thumb Code     0  startup_stm32f10x_md.o(.text)
    PVD_IRQHandler                           0x0800011b   Thumb Code     0  startup_stm32f10x_md.o(.text)
    RCC_IRQHandler                           0x0800011b   Thumb Code     0  startup_stm32f10x_md.o(.text)
    RTCAlarm_IRQHandler                      0x0800011b   Thumb Code     0  startup_stm32f10x_md.o(.text)
    RTC_IRQHandler                           0x0800011b   Thumb Code     0  startup_stm32f10x_md.o(.text)
    SPI1_IRQHandler                          0x0800011b   Thumb Code     0  startup_stm32f10x_md.o(.text)
    SPI2_IRQHandler                          0x0800011b   Thumb Code     0  startup_stm32f10x_md.o(.text)
    TAMPER_IRQHandler                        0x0800011b   Thumb Code     0  startup_stm32f10x_md.o(.text)
    TIM1_BRK_IRQHandler                      0x0800011b   Thumb Code     0  startup_stm32f10x_md.o(.text)
    TIM1_CC_IRQHandler                       0x0800011b   Thumb Code     0  startup_stm32f10x_md.o(.text)
    TIM1_TRG_COM_IRQHandler                  0x0800011b   Thumb Code     0  startup_stm32f10x_md.o(.text)
    TIM1_UP_IRQHandler                       0x0800011b   Thumb Code     0  startup_stm32f10x_md.o(.text)
    TIM2_IRQHandler                          0x0800011b   Thumb Code     0  startup_stm32f10x_md.o(.text)
    TIM3_IRQHandler                          0x0800011b   Thumb Code     0  startup_stm32f10x_md.o(.text)
    TIM4_IRQHandler                          0x0800011b   Thumb Code     0  startup_stm32f10x_md.o(.text)
    USART2_IRQHandler                        0x0800011b   Thumb Code     0  startup_stm32f10x_md.o(.text)
    USART3_IRQHandler                        0x0800011b   Thumb Code     0  startup_stm32f10x_md.o(.text)
    USBWakeUp_IRQHandler                     0x0800011b   Thumb Code     0  startup_stm32f10x_md.o(.text)
    USB_HP_CAN1_TX_IRQHandler                0x0800011b   Thumb Code     0  startup_stm32f10x_md.o(.text)
    USB_LP_CAN1_RX0_IRQHandler               0x0800011b   Thumb Code     0  startup_stm32f10x_md.o(.text)
    WWDG_IRQHandler                          0x0800011b   Thumb Code     0  startup_stm32f10x_md.o(.text)
    tolower                                  0x08000125   Thumb Code    12  tolower.o(.text)
    __aeabi_memcpy                           0x08000131   Thumb Code    36  memcpya.o(.text)
    __aeabi_memcpy4                          0x08000131   Thumb Code     0  memcpya.o(.text)
    __aeabi_memcpy8                          0x08000131   Thumb Code     0  memcpya.o(.text)
    __aeabi_memset                           0x08000155   Thumb Code    14  memseta.o(.text)
    __aeabi_memset4                          0x08000155   Thumb Code     0  memseta.o(.text)
    __aeabi_memset8                          0x08000155   Thumb Code     0  memseta.o(.text)
    __aeabi_memclr                           0x08000163   Thumb Code     4  memseta.o(.text)
    __aeabi_memclr4                          0x08000163   Thumb Code     0  memseta.o(.text)
    __aeabi_memclr8                          0x08000163   Thumb Code     0  memseta.o(.text)
    _memset$wrapper                          0x08000167   Thumb Code    18  memseta.o(.text)
    strlen                                   0x08000179   Thumb Code    14  strlen.o(.text)
    strcmp                                   0x08000187   Thumb Code    28  strcmp.o(.text)
    strncmp                                  0x080001a3   Thumb Code    30  strncmp.o(.text)
    _scanf_real                              0x080002e9   Thumb Code     0  scanf_fp.o(.text)
    _scanf_really_real                       0x080002e9   Thumb Code   556  scanf_fp.o(.text)
    __aeabi_dmul                             0x08000521   Thumb Code   228  dmul.o(.text)
    __aeabi_d2iz                             0x08000605   Thumb Code    62  dfixi.o(.text)
    __aeabi_cdcmpeq                          0x08000645   Thumb Code     0  cdcmple.o(.text)
    __aeabi_cdcmple                          0x08000645   Thumb Code    48  cdcmple.o(.text)
    __aeabi_cdrcmple                         0x08000675   Thumb Code    48  cdrcmple.o(.text)
    __aeabi_uidiv                            0x080006a5   Thumb Code     0  uidiv.o(.text)
    __aeabi_uidivmod                         0x080006a5   Thumb Code    44  uidiv.o(.text)
    __aeabi_uldivmod                         0x080006d1   Thumb Code    98  uldiv.o(.text)
    __aeabi_llsr                             0x08000733   Thumb Code    32  llushr.o(.text)
    _ll_ushift_r                             0x08000733   Thumb Code     0  llushr.o(.text)
    _sgetc                                   0x08000753   Thumb Code    30  _sgetc.o(.text)
    _sbackspace                              0x08000771   Thumb Code    34  _sgetc.o(.text)
    __strtod_int                             0x080007cb   Thumb Code    90  strtod.o(.text)
    __I$use$fp                               0x08000831   Thumb Code     0  iusefp.o(.text)
    _double_round                            0x08000831   Thumb Code    30  depilogue.o(.text)
    _double_epilogue                         0x0800084f   Thumb Code   156  depilogue.o(.text)
    __aeabi_dadd                             0x080008eb   Thumb Code   322  dadd.o(.text)
    __aeabi_dsub                             0x08000a2d   Thumb Code     6  dadd.o(.text)
    __aeabi_drsub                            0x08000a33   Thumb Code     6  dadd.o(.text)
    __aeabi_ddiv                             0x08000a39   Thumb Code   222  ddiv.o(.text)
    __aeabi_ul2d                             0x08000b17   Thumb Code    24  dfltul.o(.text)
    __aeabi_d2ulz                            0x08000b2f   Thumb Code    48  dfixul.o(.text)
    __aeabi_d2f                              0x08000b5f   Thumb Code    56  d2f.o(.text)
    __scatterload                            0x08000b99   Thumb Code    28  init.o(.text)
    __scatterload_rt2                        0x08000b99   Thumb Code     0  init.o(.text)
    __aeabi_llsl                             0x08000bbd   Thumb Code    30  llshl.o(.text)
    _ll_shift_l                              0x08000bbd   Thumb Code     0  llshl.o(.text)
    __aeabi_lasr                             0x08000bdb   Thumb Code    36  llsshr.o(.text)
    _ll_sshift_r                             0x08000bdb   Thumb Code     0  llsshr.o(.text)
    isspace                                  0x08000bff   Thumb Code    10  isspace_c.o(.text)
    _float_round                             0x08000c09   Thumb Code    18  fepilogue.o(.text)
    _float_epilogue                          0x08000c1b   Thumb Code    92  fepilogue.o(.text)
    __ctype_lookup                           0x08000c79   Thumb Code    34  ctype_c.o(.text)
    GPIO_Init                                0x08000ca1   Thumb Code   278  stm32f10x_gpio.o(i.GPIO_Init)
    GPIO_ResetBits                           0x08000db7   Thumb Code     4  stm32f10x_gpio.o(i.GPIO_ResetBits)
    GPIO_SetBits                             0x08000dbb   Thumb Code     4  stm32f10x_gpio.o(i.GPIO_SetBits)
    GPIO_WriteBit                            0x08000dbf   Thumb Code    10  stm32f10x_gpio.o(i.GPIO_WriteBit)
    LED1_Off                                 0x08000dc9   Thumb Code    12  led.o(i.LED1_Off)
    LED1_On                                  0x08000dd9   Thumb Code    12  led.o(i.LED1_On)
    NVIC_Init                                0x08000de9   Thumb Code   100  misc.o(i.NVIC_Init)
    NVIC_PriorityGroupConfig                 0x08000e59   Thumb Code    10  misc.o(i.NVIC_PriorityGroupConfig)
    OLED_Clear                               0x08000e6d   Thumb Code    42  oled.o(i.OLED_Clear)
    OLED_I2C_Init                            0x08000e99   Thumb Code    76  oled.o(i.OLED_I2C_Init)
    OLED_I2C_SendByte                        0x08000ee9   Thumb Code    80  oled.o(i.OLED_I2C_SendByte)
    OLED_I2C_Start                           0x08000f3d   Thumb Code    48  oled.o(i.OLED_I2C_Start)
    OLED_I2C_Stop                            0x08000f71   Thumb Code    36  oled.o(i.OLED_I2C_Stop)
    OLED_Init                                0x08000f99   Thumb Code   174  oled.o(i.OLED_Init)
    OLED_SetCursor                           0x08001047   Thumb Code    34  oled.o(i.OLED_SetCursor)
    OLED_ShowChar                            0x08001069   Thumb Code   110  oled.o(i.OLED_ShowChar)
    OLED_ShowString                          0x080010dd   Thumb Code    40  oled.o(i.OLED_ShowString)
    OLED_WriteCommand                        0x08001105   Thumb Code    32  oled.o(i.OLED_WriteCommand)
    OLED_WriteData                           0x08001125   Thumb Code    32  oled.o(i.OLED_WriteData)
    RCC_APB2PeriphClockCmd                   0x08001145   Thumb Code    26  stm32f10x_rcc.o(i.RCC_APB2PeriphClockCmd)
    RCC_GetClocksFreq                        0x08001165   Thumb Code   192  stm32f10x_rcc.o(i.RCC_GetClocksFreq)
    Serial_Byte                              0x08001239   Thumb Code    28  serial.o(i.Serial_Byte)
    Serial_Init                              0x08001259   Thumb Code   168  serial.o(i.Serial_Init)
    SystemInit                               0x080013f1   Thumb Code    78  system_stm32f10x.o(i.SystemInit)
    USART1_IRQHandler                        0x08001451   Thumb Code    94  serial.o(i.USART1_IRQHandler)
    USART_ClearITPendingBit                  0x080014bd   Thumb Code    30  stm32f10x_usart.o(i.USART_ClearITPendingBit)
    USART_Cmd                                0x080014db   Thumb Code    24  stm32f10x_usart.o(i.USART_Cmd)
    USART_GetFlagStatus                      0x080014f3   Thumb Code    26  stm32f10x_usart.o(i.USART_GetFlagStatus)
    USART_GetITStatus                        0x0800150d   Thumb Code    84  stm32f10x_usart.o(i.USART_GetITStatus)
    USART_ITConfig                           0x08001561   Thumb Code    74  stm32f10x_usart.o(i.USART_ITConfig)
    USART_Init                               0x080015ad   Thumb Code   210  stm32f10x_usart.o(i.USART_Init)
    USART_ReceiveData                        0x08001685   Thumb Code    10  stm32f10x_usart.o(i.USART_ReceiveData)
    USART_SendData                           0x0800168f   Thumb Code     8  stm32f10x_usart.o(i.USART_SendData)
    __0printf                                0x08001699   Thumb Code    22  printfa.o(i.__0printf)
    __1printf                                0x08001699   Thumb Code     0  printfa.o(i.__0printf)
    __2printf                                0x08001699   Thumb Code     0  printfa.o(i.__0printf)
    __c89printf                              0x08001699   Thumb Code     0  printfa.o(i.__0printf)
    printf                                   0x08001699   Thumb Code     0  printfa.o(i.__0printf)
    free                                     0x080016b9   Thumb Code    88  mallocr.o(i.__free$realloc)
    malloc                                   0x08001715   Thumb Code    64  mallocr.o(i.__malloc$realloc)
    __scatterload_copy                       0x08001765   Thumb Code    14  handlers.o(i.__scatterload_copy)
    __scatterload_null                       0x08001773   Thumb Code     2  handlers.o(i.__scatterload_null)
    __scatterload_zeroinit                   0x08001775   Thumb Code    14  handlers.o(i.__scatterload_zeroinit)
    _is_digit                                0x08001909   Thumb Code    14  scanf_fp.o(i._is_digit)
    cJSON_Delete                             0x08002081   Thumb Code    84  cjson.o(i.cJSON_Delete)
    cJSON_GetArrayItem                       0x080020d9   Thumb Code    24  cjson.o(i.cJSON_GetArrayItem)
    cJSON_GetObjectItem                      0x080020f1   Thumb Code    18  cjson.o(i.cJSON_GetObjectItem)
    cJSON_Parse                              0x0800211d   Thumb Code    16  cjson.o(i.cJSON_Parse)
    cJSON_ParseWithOpts                      0x0800212d   Thumb Code   204  cjson.o(i.cJSON_ParseWithOpts)
    dealTask                                 0x08002249   Thumb Code    60  serial.o(i.dealTask)
    fputc                                    0x080022c9   Thumb Code    16  serial.o(i.fputc)
    main                                     0x08002391   Thumb Code   132  main.o(i.main)
    realloc                                  0x08002ac9   Thumb Code   102  mallocr.o(i.realloc)
    strtod                                   0x08002b71   Thumb Code    28  strtod.o(i.strtod)
    OLED_F8x16                               0x08002cb8   Data        1520  oled.o(.constdata)
    __ctype_categories                       0x080032a8   Data          64  ctype_c.o(.constdata)
    Region$$Table$$Base                      0x08003490   Number         0  anon$$obj.o(Region$$Table)
    Region$$Table$$Limit                     0x080034b0   Number         0  anon$$obj.o(Region$$Table)
    __stdout                                 0x2000002c   Data           4  stdout.o(.data)
    __microlib_freelist                      0x20000030   Data           4  mvars.o(.data)
    __microlib_freelist_initialised          0x20000034   Data           4  mvars.o(.data)
    message                                  0x20000038   Data         100  serial.o(.bss)
    __heap_base                              0x200000a0   Data           0  startup_stm32f10x_md.o(HEAP)
    __heap_limit                             0x200008a0   Data           0  startup_stm32f10x_md.o(HEAP)
    __initial_sp                             0x200018a0   Data           0  startup_stm32f10x_md.o(STACK)



==============================================================================

Memory Map of the image

  Image Entry point : 0x080000ed

  Load Region LR_IROM1 (Base: 0x08000000, Size: 0x000034e8, Max: 0x00010000, ABSOLUTE)

    Execution Region ER_IROM1 (Exec base: 0x08000000, Load base: 0x08000000, Size: 0x000034b0, Max: 0x00010000, ABSOLUTE)

    Exec Addr    Load Addr    Size         Type   Attr      Idx    E Section Name        Object

    0x08000000   0x08000000   0x000000ec   Data   RO         4579    RESET               startup_stm32f10x_md.o
    0x080000ec   0x080000ec   0x00000000   Code   RO         4634  * .ARM.Collect$$$$00000000  mc_w.l(entry.o)
    0x080000ec   0x080000ec   0x00000004   Code   RO         4964    .ARM.Collect$$$$00000001  mc_w.l(entry2.o)
    0x080000f0   0x080000f0   0x00000004   Code   RO         4967    .ARM.Collect$$$$00000004  mc_w.l(entry5.o)
    0x080000f4   0x080000f4   0x00000000   Code   RO         4969    .ARM.Collect$$$$00000008  mc_w.l(entry7b.o)
    0x080000f4   0x080000f4   0x00000000   Code   RO         4971    .ARM.Collect$$$$0000000A  mc_w.l(entry8b.o)
    0x080000f4   0x080000f4   0x00000008   Code   RO         4972    .ARM.Collect$$$$0000000B  mc_w.l(entry9a.o)
    0x080000fc   0x080000fc   0x00000000   Code   RO         4974    .ARM.Collect$$$$0000000D  mc_w.l(entry10a.o)
    0x080000fc   0x080000fc   0x00000000   Code   RO         4976    .ARM.Collect$$$$0000000F  mc_w.l(entry11a.o)
    0x080000fc   0x080000fc   0x00000004   Code   RO         4965    .ARM.Collect$$$$00002712  mc_w.l(entry2.o)
    0x08000100   0x08000100   0x00000024   Code   RO         4580    .text               startup_stm32f10x_md.o
    0x08000124   0x08000124   0x0000000c   Code   RO         4637    .text               mc_w.l(tolower.o)
    0x08000130   0x08000130   0x00000024   Code   RO         4639    .text               mc_w.l(memcpya.o)
    0x08000154   0x08000154   0x00000024   Code   RO         4641    .text               mc_w.l(memseta.o)
    0x08000178   0x08000178   0x0000000e   Code   RO         4645    .text               mc_w.l(strlen.o)
    0x08000186   0x08000186   0x0000001c   Code   RO         4647    .text               mc_w.l(strcmp.o)
    0x080001a2   0x080001a2   0x0000001e   Code   RO         4651    .text               mc_w.l(strncmp.o)
    0x080001c0   0x080001c0   0x00000360   Code   RO         4948    .text               mc_w.l(scanf_fp.o)
    0x08000520   0x08000520   0x000000e4   Code   RO         4952    .text               mf_w.l(dmul.o)
    0x08000604   0x08000604   0x0000003e   Code   RO         4956    .text               mf_w.l(dfixi.o)
    0x08000642   0x08000642   0x00000002   PAD
    0x08000644   0x08000644   0x00000030   Code   RO         4960    .text               mf_w.l(cdcmple.o)
    0x08000674   0x08000674   0x00000030   Code   RO         4962    .text               mf_w.l(cdrcmple.o)
    0x080006a4   0x080006a4   0x0000002c   Code   RO         4979    .text               mc_w.l(uidiv.o)
    0x080006d0   0x080006d0   0x00000062   Code   RO         4981    .text               mc_w.l(uldiv.o)
    0x08000732   0x08000732   0x00000020   Code   RO         4983    .text               mc_w.l(llushr.o)
    0x08000752   0x08000752   0x00000040   Code   RO         4989    .text               mc_w.l(_sgetc.o)
    0x08000792   0x08000792   0x00000002   PAD
    0x08000794   0x08000794   0x0000009c   Code   RO         4991    .text               mc_w.l(strtod.o)
    0x08000830   0x08000830   0x00000000   Code   RO         4993    .text               mc_w.l(iusefp.o)
    0x08000830   0x08000830   0x000000ba   Code   RO         4994    .text               mf_w.l(depilogue.o)
    0x080008ea   0x080008ea   0x0000014e   Code   RO         4996    .text               mf_w.l(dadd.o)
    0x08000a38   0x08000a38   0x000000de   Code   RO         4998    .text               mf_w.l(ddiv.o)
    0x08000b16   0x08000b16   0x00000018   Code   RO         5000    .text               mf_w.l(dfltul.o)
    0x08000b2e   0x08000b2e   0x00000030   Code   RO         5002    .text               mf_w.l(dfixul.o)
    0x08000b5e   0x08000b5e   0x00000038   Code   RO         5004    .text               mf_w.l(d2f.o)
    0x08000b96   0x08000b96   0x00000002   PAD
    0x08000b98   0x08000b98   0x00000024   Code   RO         5006    .text               mc_w.l(init.o)
    0x08000bbc   0x08000bbc   0x0000001e   Code   RO         5008    .text               mc_w.l(llshl.o)
    0x08000bda   0x08000bda   0x00000024   Code   RO         5010    .text               mc_w.l(llsshr.o)
    0x08000bfe   0x08000bfe   0x0000000a   Code   RO         5012    .text               mc_w.l(isspace_c.o)
    0x08000c08   0x08000c08   0x0000006e   Code   RO         5016    .text               mf_w.l(fepilogue.o)
    0x08000c76   0x08000c76   0x00000002   PAD
    0x08000c78   0x08000c78   0x00000028   Code   RO         5018    .text               mc_w.l(ctype_c.o)
    0x08000ca0   0x08000ca0   0x00000116   Code   RO         2632    i.GPIO_Init         stm32f10x_gpio.o
    0x08000db6   0x08000db6   0x00000004   Code   RO         2639    i.GPIO_ResetBits    stm32f10x_gpio.o
    0x08000dba   0x08000dba   0x00000004   Code   RO         2640    i.GPIO_SetBits      stm32f10x_gpio.o
    0x08000dbe   0x08000dbe   0x0000000a   Code   RO         2643    i.GPIO_WriteBit     stm32f10x_gpio.o
    0x08000dc8   0x08000dc8   0x00000010   Code   RO          200    i.LED1_Off          led.o
    0x08000dd8   0x08000dd8   0x00000010   Code   RO          201    i.LED1_On           led.o
    0x08000de8   0x08000de8   0x00000070   Code   RO         1337    i.NVIC_Init         misc.o
    0x08000e58   0x08000e58   0x00000014   Code   RO         1338    i.NVIC_PriorityGroupConfig  misc.o
    0x08000e6c   0x08000e6c   0x0000002a   Code   RO          263    i.OLED_Clear        oled.o
    0x08000e96   0x08000e96   0x00000002   PAD
    0x08000e98   0x08000e98   0x00000050   Code   RO          264    i.OLED_I2C_Init     oled.o
    0x08000ee8   0x08000ee8   0x00000054   Code   RO          265    i.OLED_I2C_SendByte  oled.o
    0x08000f3c   0x08000f3c   0x00000034   Code   RO          266    i.OLED_I2C_Start    oled.o
    0x08000f70   0x08000f70   0x00000028   Code   RO          267    i.OLED_I2C_Stop     oled.o
    0x08000f98   0x08000f98   0x000000ae   Code   RO          268    i.OLED_Init         oled.o
    0x08001046   0x08001046   0x00000022   Code   RO          270    i.OLED_SetCursor    oled.o
    0x08001068   0x08001068   0x00000074   Code   RO          272    i.OLED_ShowChar     oled.o
    0x080010dc   0x080010dc   0x00000028   Code   RO          276    i.OLED_ShowString   oled.o
    0x08001104   0x08001104   0x00000020   Code   RO          277    i.OLED_WriteCommand  oled.o
    0x08001124   0x08001124   0x00000020   Code   RO          278    i.OLED_WriteData    oled.o
    0x08001144   0x08001144   0x00000020   Code   RO         3098    i.RCC_APB2PeriphClockCmd  stm32f10x_rcc.o
    0x08001164   0x08001164   0x000000d4   Code   RO         3106    i.RCC_GetClocksFreq  stm32f10x_rcc.o
    0x08001238   0x08001238   0x00000020   Code   RO          420    i.Serial_Byte       serial.o
    0x08001258   0x08001258   0x000000b0   Code   RO          421    i.Serial_Init       serial.o
    0x08001308   0x08001308   0x00000008   Code   RO         4587    i.SetSysClock       system_stm32f10x.o
    0x08001310   0x08001310   0x000000e0   Code   RO         4588    i.SetSysClockTo72   system_stm32f10x.o
    0x080013f0   0x080013f0   0x00000060   Code   RO         4590    i.SystemInit        system_stm32f10x.o
    0x08001450   0x08001450   0x0000006c   Code   RO          424    i.USART1_IRQHandler  serial.o
    0x080014bc   0x080014bc   0x0000001e   Code   RO         4323    i.USART_ClearITPendingBit  stm32f10x_usart.o
    0x080014da   0x080014da   0x00000018   Code   RO         4326    i.USART_Cmd         stm32f10x_usart.o
    0x080014f2   0x080014f2   0x0000001a   Code   RO         4329    i.USART_GetFlagStatus  stm32f10x_usart.o
    0x0800150c   0x0800150c   0x00000054   Code   RO         4330    i.USART_GetITStatus  stm32f10x_usart.o
    0x08001560   0x08001560   0x0000004a   Code   RO         4332    i.USART_ITConfig    stm32f10x_usart.o
    0x080015aa   0x080015aa   0x00000002   PAD
    0x080015ac   0x080015ac   0x000000d8   Code   RO         4333    i.USART_Init        stm32f10x_usart.o
    0x08001684   0x08001684   0x0000000a   Code   RO         4340    i.USART_ReceiveData  stm32f10x_usart.o
    0x0800168e   0x0800168e   0x00000008   Code   RO         4343    i.USART_SendData    stm32f10x_usart.o
    0x08001696   0x08001696   0x00000002   PAD
    0x08001698   0x08001698   0x00000020   Code   RO         4890    i.__0printf         mc_w.l(printfa.o)
    0x080016b8   0x080016b8   0x0000005c   Code   RO         4922    i.__free$realloc    mc_w.l(mallocr.o)
    0x08001714   0x08001714   0x00000050   Code   RO         4923    i.__malloc$realloc  mc_w.l(mallocr.o)
    0x08001764   0x08001764   0x0000000e   Code   RO         5023    i.__scatterload_copy  mc_w.l(handlers.o)
    0x08001772   0x08001772   0x00000002   Code   RO         5024    i.__scatterload_null  mc_w.l(handlers.o)
    0x08001774   0x08001774   0x0000000e   Code   RO         5025    i.__scatterload_zeroinit  mc_w.l(handlers.o)
    0x08001782   0x08001782   0x00000002   PAD
    0x08001784   0x08001784   0x00000184   Code   RO         4897    i._fp_digits        mc_w.l(printfa.o)
    0x08001908   0x08001908   0x0000000e   Code   RO         4950    i._is_digit         mc_w.l(scanf_fp.o)
    0x08001916   0x08001916   0x00000002   PAD
    0x08001918   0x08001918   0x000006dc   Code   RO         4898    i._printf_core      mc_w.l(printfa.o)
    0x08001ff4   0x08001ff4   0x00000024   Code   RO         4899    i._printf_post_padding  mc_w.l(printfa.o)
    0x08002018   0x08002018   0x0000002e   Code   RO         4900    i._printf_pre_padding  mc_w.l(printfa.o)
    0x08002046   0x08002046   0x0000003a   Code   RO          498    i.buffer_skip_whitespace  cjson.o
    0x08002080   0x08002080   0x00000058   Code   RO          530    i.cJSON_Delete      cjson.o
    0x080020d8   0x080020d8   0x00000018   Code   RO          539    i.cJSON_GetArrayItem  cjson.o
    0x080020f0   0x080020f0   0x00000012   Code   RO          542    i.cJSON_GetObjectItem  cjson.o
    0x08002102   0x08002102   0x0000001a   Code   RO          559    i.cJSON_New_Item    cjson.o
    0x0800211c   0x0800211c   0x00000010   Code   RO          560    i.cJSON_Parse       cjson.o
    0x0800212c   0x0800212c   0x000000d4   Code   RO          561    i.cJSON_ParseWithOpts  cjson.o
    0x08002200   0x08002200   0x00000048   Code   RO          575    i.case_insensitive_strcmp  cjson.o
    0x08002248   0x08002248   0x00000080   Code   RO          425    i.dealTask          serial.o
    0x080022c8   0x080022c8   0x00000010   Code   RO          426    i.fputc             serial.o
    0x080022d8   0x080022d8   0x0000001e   Code   RO          579    i.get_array_item    cjson.o
    0x080022f6   0x080022f6   0x00000004   Code   RO          580    i.get_decimal_point  cjson.o
    0x080022fa   0x080022fa   0x00000044   Code   RO          581    i.get_object_item   cjson.o
    0x0800233e   0x0800233e   0x00000002   PAD
    0x08002340   0x08002340   0x00000050   Code   RO         4924    i.internal_alloc    mc_w.l(mallocr.o)
    0x08002390   0x08002390   0x000000ac   Code   RO            4    i.main              main.o
    0x0800243c   0x0800243c   0x000000f4   Code   RO          582    i.parse_array       cjson.o
    0x08002530   0x08002530   0x0000005a   Code   RO          583    i.parse_hex4        cjson.o
    0x0800258a   0x0800258a   0x00000002   PAD
    0x0800258c   0x0800258c   0x00000138   Code   RO          584    i.parse_number      cjson.o
    0x080026c4   0x080026c4   0x0000013a   Code   RO          585    i.parse_object      cjson.o
    0x080027fe   0x080027fe   0x0000018c   Code   RO          586    i.parse_string      cjson.o
    0x0800298a   0x0800298a   0x00000002   PAD
    0x0800298c   0x0800298c   0x0000013c   Code   RO          587    i.parse_value       cjson.o
    0x08002ac8   0x08002ac8   0x0000006c   Code   RO         4925    i.realloc           mc_w.l(mallocr.o)
    0x08002b34   0x08002b34   0x0000003c   Code   RO          596    i.skip_utf8_bom     cjson.o
    0x08002b70   0x08002b70   0x0000001c   Code   RO         4631    i.strtod            m_ws.l(strtod.o)
    0x08002b8c   0x08002b8c   0x0000012c   Code   RO          599    i.utf16_literal_to_utf8  cjson.o
    0x08002cb8   0x08002cb8   0x000005f0   Data   RO          279    .constdata          oled.o
    0x080032a8   0x080032a8   0x00000040   Data   RO         5019    .constdata          mc_w.l(ctype_c.o)
    0x080032e8   0x080032e8   0x000001a7   Data   RO            5    .conststring        main.o
    0x0800348f   0x0800348f   0x00000001   PAD
    0x08003490   0x08003490   0x00000020   Data   RO         5021    Region$$Table       anon$$obj.o


    Execution Region RW_IRAM1 (Exec base: 0x20000000, Load base: 0x080034b0, Size: 0x000018a0, Max: 0x00005000, ABSOLUTE)

    Exec Addr    Load Addr    Size         Type   Attr      Idx    E Section Name        Object

    0x20000000   0x080034b0   0x00000001   Data   RW          428    .data               serial.o
    0x20000001   0x080034b1   0x00000003   PAD
    0x20000004   0x080034b4   0x00000014   Data   RW          601    .data               cjson.o
    0x20000018   0x080034c8   0x00000014   Data   RW         3126    .data               stm32f10x_rcc.o
    0x2000002c   0x080034dc   0x00000004   Data   RW         4978    .data               mc_w.l(stdout.o)
    0x20000030   0x080034e0   0x00000004   Data   RW         4985    .data               mc_w.l(mvars.o)
    0x20000034   0x080034e4   0x00000004   Data   RW         4986    .data               mc_w.l(mvars.o)
    0x20000038        -       0x00000064   Zero   RW          427    .bss                serial.o
    0x2000009c   0x080034e8   0x00000004   PAD
    0x200000a0        -       0x00000800   Zero   RW         4578    HEAP                startup_stm32f10x_md.o
    0x200008a0        -       0x00001000   Zero   RW         4577    STACK               startup_stm32f10x_md.o


==============================================================================

Image component sizes


      Code (inc. data)   RO Data    RW Data    ZI Data      Debug   Object Name

      2648         66          0         20          0      17886   cjson.o
        32          8          0          0          0        805   led.o
       172         40        423          0          0     234951   main.o
       132         22          0          0          0       1747   misc.o
       726         22       1520          0          0       6155   oled.o
       460         94          0          1        100       4441   serial.o
        36          8        236          0       6144        804   startup_stm32f10x_md.o
       296          0          0          0          0       3916   stm32f10x_gpio.o
       244         26          0         20          0       4065   stm32f10x_rcc.o
       472          6          0          0          0       7311   stm32f10x_usart.o
       328         28          0          0          0       1965   system_stm32f10x.o

    ----------------------------------------------------------------------
      5558        320       2212         44       6248     284046   Object Totals
         0          0         32          0          0          0   (incl. Generated)
        12          0          1          3          4          0   (incl. Padding)

    ----------------------------------------------------------------------

      Code (inc. data)   RO Data    RW Data    ZI Data      Debug   Library Member Name

        28          0          0          0          0         80   strtod.o
        64          0          0          0          0         84   _sgetc.o
        40          6         64          0          0         68   ctype_c.o
         0          0          0          0          0          0   entry.o
         0          0          0          0          0          0   entry10a.o
         0          0          0          0          0          0   entry11a.o
         8          4          0          0          0          0   entry2.o
         4          0          0          0          0          0   entry5.o
         0          0          0          0          0          0   entry7b.o
         0          0          0          0          0          0   entry8b.o
         8          4          0          0          0          0   entry9a.o
        30          0          0          0          0          0   handlers.o
        36          8          0          0          0         68   init.o
        10          0          0          0          0         68   isspace_c.o
         0          0          0          0          0          0   iusefp.o
        30          0          0          0          0         68   llshl.o
        36          0          0          0          0         68   llsshr.o
        32          0          0          0          0         68   llushr.o
       360         30          0          0          0        356   mallocr.o
        36          0          0          0          0         68   memcpya.o
        36          0          0          0          0        108   memseta.o
         0          0          0          8          0          0   mvars.o
      2258         90          0          0          0        452   printfa.o
       878         12          0          0          0        216   scanf_fp.o
         0          0          0          4          0          0   stdout.o
        28          0          0          0          0         76   strcmp.o
        14          0          0          0          0         68   strlen.o
        30          0          0          0          0         80   strncmp.o
       156         12          0          0          0        120   strtod.o
        12          0          0          0          0         68   tolower.o
        44          0          0          0          0         80   uidiv.o
        98          0          0          0          0         92   uldiv.o
        48          0          0          0          0         68   cdcmple.o
        48          0          0          0          0         68   cdrcmple.o
        56          0          0          0          0         88   d2f.o
       334          0          0          0          0        148   dadd.o
       222          0          0          0          0        100   ddiv.o
       186          0          0          0          0        176   depilogue.o
        62          0          0          0          0         80   dfixi.o
        48          0          0          0          0         68   dfixul.o
        24          0          0          0          0         76   dfltul.o
       228          0          0          0          0         96   dmul.o
       110          0          0          0          0        168   fepilogue.o

    ----------------------------------------------------------------------
      5654        166         64         12          0       3492   Library Totals
        12          0          0          0          0          0   (incl. Padding)

    ----------------------------------------------------------------------

      Code (inc. data)   RO Data    RW Data    ZI Data      Debug   Library Name

        28          0          0          0          0         80   m_ws.l
      4248        166         64         12          0       2276   mc_w.l
      1366          0          0          0          0       1136   mf_w.l

    ----------------------------------------------------------------------
      5654        166         64         12          0       3492   Library Totals

    ----------------------------------------------------------------------

==============================================================================


      Code (inc. data)   RO Data    RW Data    ZI Data      Debug   

     11212        486       2276         56       6248     282958   Grand Totals
     11212        486       2276         56       6248     282958   ELF Image Totals
     11212        486       2276         56          0          0   ROM Totals

==============================================================================

    Total RO  Size (Code + RO Data)                13488 (  13.17kB)
    Total RW  Size (RW Data + ZI Data)              6304 (   6.16kB)
    Total ROM Size (Code + RO Data + RW Data)      13544 (  13.23kB)

==============================================================================

