Component: ARM Compiler 5.06 update 5 (build 528) Tool: armlink [4d35e2]

==============================================================================

Section Cross References

    main.o(i.TIM2_IRQHandler) refers to stm32f10x_tim.o(i.TIM_GetITStatus) for TIM_GetITStatus
    main.o(i.TIM2_IRQHandler) refers to stm32f10x_tim.o(i.TIM_GetCounter) for TIM_GetCounter
    main.o(i.TIM2_IRQHandler) refers to stm32f10x_tim.o(i.TIM_SetCounter) for TIM_SetCounter
    main.o(i.TIM2_IRQHandler) refers to stm32f10x_tim.o(i.TIM_ClearITPendingBit) for TIM_ClearITPendingBit
    main.o(i.TIM2_IRQHandler) refers to main.o(.data) for encoder_Left_Speed
    main.o(i.main) refers to oled.o(i.OLED_Init) for OLED_Init
    main.o(i.main) refers to mpu6050.o(i.MPU6050_Init) for MPU6050_Init
    main.o(i.main) refers to motor.o(i.Motor_Init) for Motor_Init
    main.o(i.main) refers to encoderinterface.o(i.EncoderInit) for EncoderInit
    main.o(i.main) refers to timer.o(i.Timer2_Init) for Timer2_Init
    main.o(i.main) refers to oled.o(i.OLED_ShowString) for OLED_ShowString
    main.o(i.main) refers to imu.o(i.IMU_getEuleranAngles) for IMU_getEuleranAngles
    main.o(i.main) refers to oled.o(i.OLED_ShowSignedNum) for OLED_ShowSignedNum
    main.o(i.main) refers to ffixi.o(.text) for __aeabi_f2iz
    main.o(i.main) refers to pid.o(i.PID_Banlance) for PID_Banlance
    main.o(i.main) refers to motor.o(i.Left_SetSpeed) for Left_SetSpeed
    main.o(i.main) refers to motor.o(i.Right_SetSpeed) for Right_SetSpeed
    main.o(i.main) refers to main.o(.data) for encoder_Left_Speed
    main.o(i.main) refers to imu.o(.bss) for imu_Angle
    delay.o(i.Delay_ms) refers to delay.o(i.Delay_us) for Delay_us
    delay.o(i.Delay_s) refers to delay.o(i.Delay_ms) for Delay_ms
    oled.o(i.OLED_Clear) refers to oled.o(i.OLED_SetCursor) for OLED_SetCursor
    oled.o(i.OLED_Clear) refers to oled.o(i.OLED_WriteData) for OLED_WriteData
    oled.o(i.OLED_I2C_Init) refers to stm32f10x_rcc.o(i.RCC_APB2PeriphClockCmd) for RCC_APB2PeriphClockCmd
    oled.o(i.OLED_I2C_Init) refers to stm32f10x_gpio.o(i.GPIO_Init) for GPIO_Init
    oled.o(i.OLED_I2C_Init) refers to stm32f10x_gpio.o(i.GPIO_WriteBit) for GPIO_WriteBit
    oled.o(i.OLED_I2C_SendByte) refers to stm32f10x_gpio.o(i.GPIO_WriteBit) for GPIO_WriteBit
    oled.o(i.OLED_I2C_Start) refers to stm32f10x_gpio.o(i.GPIO_WriteBit) for GPIO_WriteBit
    oled.o(i.OLED_I2C_Stop) refers to stm32f10x_gpio.o(i.GPIO_WriteBit) for GPIO_WriteBit
    oled.o(i.OLED_Init) refers to oled.o(i.OLED_I2C_Init) for OLED_I2C_Init
    oled.o(i.OLED_Init) refers to oled.o(i.OLED_WriteCommand) for OLED_WriteCommand
    oled.o(i.OLED_Init) refers to oled.o(i.OLED_Clear) for OLED_Clear
    oled.o(i.OLED_SetCursor) refers to oled.o(i.OLED_WriteCommand) for OLED_WriteCommand
    oled.o(i.OLED_ShowBinNum) refers to oled.o(i.OLED_Pow) for OLED_Pow
    oled.o(i.OLED_ShowBinNum) refers to oled.o(i.OLED_ShowChar) for OLED_ShowChar
    oled.o(i.OLED_ShowChar) refers to oled.o(i.OLED_SetCursor) for OLED_SetCursor
    oled.o(i.OLED_ShowChar) refers to oled.o(i.OLED_WriteData) for OLED_WriteData
    oled.o(i.OLED_ShowChar) refers to oled.o(.constdata) for OLED_F8x16
    oled.o(i.OLED_ShowHexNum) refers to oled.o(i.OLED_Pow) for OLED_Pow
    oled.o(i.OLED_ShowHexNum) refers to oled.o(i.OLED_ShowChar) for OLED_ShowChar
    oled.o(i.OLED_ShowNum) refers to oled.o(i.OLED_Pow) for OLED_Pow
    oled.o(i.OLED_ShowNum) refers to oled.o(i.OLED_ShowChar) for OLED_ShowChar
    oled.o(i.OLED_ShowSignedNum) refers to oled.o(i.OLED_ShowChar) for OLED_ShowChar
    oled.o(i.OLED_ShowSignedNum) refers to oled.o(i.OLED_Pow) for OLED_Pow
    oled.o(i.OLED_ShowString) refers to oled.o(i.OLED_ShowChar) for OLED_ShowChar
    oled.o(i.OLED_WriteCommand) refers to oled.o(i.OLED_I2C_Start) for OLED_I2C_Start
    oled.o(i.OLED_WriteCommand) refers to oled.o(i.OLED_I2C_SendByte) for OLED_I2C_SendByte
    oled.o(i.OLED_WriteCommand) refers to oled.o(i.OLED_I2C_Stop) for OLED_I2C_Stop
    oled.o(i.OLED_WriteData) refers to oled.o(i.OLED_I2C_Start) for OLED_I2C_Start
    oled.o(i.OLED_WriteData) refers to oled.o(i.OLED_I2C_SendByte) for OLED_I2C_SendByte
    oled.o(i.OLED_WriteData) refers to oled.o(i.OLED_I2C_Stop) for OLED_I2C_Stop
    mpu6050.o(i.I2C_ModelInit) refers to stm32f10x_rcc.o(i.RCC_APB1PeriphClockCmd) for RCC_APB1PeriphClockCmd
    mpu6050.o(i.I2C_ModelInit) refers to stm32f10x_rcc.o(i.RCC_APB2PeriphClockCmd) for RCC_APB2PeriphClockCmd
    mpu6050.o(i.I2C_ModelInit) refers to stm32f10x_gpio.o(i.GPIO_Init) for GPIO_Init
    mpu6050.o(i.I2C_ModelInit) refers to stm32f10x_i2c.o(i.I2C_StructInit) for I2C_StructInit
    mpu6050.o(i.I2C_ModelInit) refers to stm32f10x_i2c.o(i.I2C_Init) for I2C_Init
    mpu6050.o(i.I2C_ModelInit) refers to stm32f10x_i2c.o(i.I2C_Cmd) for I2C_Cmd
    mpu6050.o(i.MPU6050_Init) refers to mpu6050.o(i.I2C_ModelInit) for I2C_ModelInit
    mpu6050.o(i.MPU6050_Init) refers to mpu6050.o(i.MPU6050_Write) for MPU6050_Write
[...]
    Removing stm32f10x_spi.o(.rev16_text), (4 bytes).
    Removing stm32f10x_spi.o(.revsh_text), (4 bytes).
    Removing stm32f10x_spi.o(.rrx_text), (6 bytes).
    Removing stm32f10x_spi.o(i.I2S_Cmd), (24 bytes).
    Removing stm32f10x_spi.o(i.I2S_Init), (232 bytes).
    Removing stm32f10x_spi.o(i.I2S_StructInit), (20 bytes).
    Removing stm32f10x_spi.o(i.SPI_BiDirectionalLineConfig), (28 bytes).
    Removing stm32f10x_spi.o(i.SPI_CalculateCRC), (24 bytes).
    Removing stm32f10x_spi.o(i.SPI_Cmd), (24 bytes).
    Removing stm32f10x_spi.o(i.SPI_DataSizeConfig), (18 bytes).
    Removing stm32f10x_spi.o(i.SPI_GetCRC), (16 bytes).
    Removing stm32f10x_spi.o(i.SPI_GetCRCPolynomial), (6 bytes).
    Removing stm32f10x_spi.o(i.SPI_I2S_ClearFlag), (6 bytes).
    Removing stm32f10x_spi.o(i.SPI_I2S_ClearITPendingBit), (20 bytes).
    Removing stm32f10x_spi.o(i.SPI_I2S_DMACmd), (18 bytes).
    Removing stm32f10x_spi.o(i.SPI_I2S_DeInit), (88 bytes).
    Removing stm32f10x_spi.o(i.SPI_I2S_GetFlagStatus), (18 bytes).
    Removing stm32f10x_spi.o(i.SPI_I2S_GetITStatus), (52 bytes).
    Removing stm32f10x_spi.o(i.SPI_I2S_ITConfig), (32 bytes).
    Removing stm32f10x_spi.o(i.SPI_I2S_ReceiveData), (6 bytes).
    Removing stm32f10x_spi.o(i.SPI_I2S_SendData), (4 bytes).
    Removing stm32f10x_spi.o(i.SPI_Init), (60 bytes).
    Removing stm32f10x_spi.o(i.SPI_NSSInternalSoftwareConfig), (30 bytes).
    Removing stm32f10x_spi.o(i.SPI_SSOutputCmd), (24 bytes).
    Removing stm32f10x_spi.o(i.SPI_StructInit), (24 bytes).
    Removing stm32f10x_spi.o(i.SPI_TransmitCRC), (10 bytes).
    Removing stm32f10x_tim.o(.rev16_text), (4 bytes).
    Removing stm32f10x_tim.o(.revsh_text), (4 bytes).
    Removing stm32f10x_tim.o(.rrx_text), (6 bytes).
    Removing stm32f10x_tim.o(i.TIM_ARRPreloadConfig), (24 bytes).
    Removing stm32f10x_tim.o(i.TIM_BDTRConfig), (32 bytes).
    Removing stm32f10x_tim.o(i.TIM_BDTRStructInit), (18 bytes).
    Removing stm32f10x_tim.o(i.TIM_CCPreloadControl), (24 bytes).
    Removing stm32f10x_tim.o(i.TIM_CCxCmd), (30 bytes).
    Removing stm32f10x_tim.o(i.TIM_CCxNCmd), (30 bytes).
    Removing stm32f10x_tim.o(i.TIM_ClearFlag), (6 bytes).
    Removing stm32f10x_tim.o(i.TIM_ClearOC1Ref), (18 bytes).
    Removing stm32f10x_tim.o(i.TIM_ClearOC2Ref), (24 bytes).
    Removing stm32f10x_tim.o(i.TIM_ClearOC3Ref), (18 bytes).
    Removing stm32f10x_tim.o(i.TIM_ClearOC4Ref), (24 bytes).
    Removing stm32f10x_tim.o(i.TIM_CounterModeConfig), (18 bytes).
    Removing stm32f10x_tim.o(i.TIM_DMACmd), (18 bytes).
    Removing stm32f10x_tim.o(i.TIM_DMAConfig), (10 bytes).
    Removing stm32f10x_tim.o(i.TIM_DeInit), (488 bytes).
    Removing stm32f10x_tim.o(i.TIM_ETRClockMode1Config), (54 bytes).
    Removing stm32f10x_tim.o(i.TIM_ETRClockMode2Config), (32 bytes).
    Removing stm32f10x_tim.o(i.TIM_ETRConfig), (28 bytes).
    Removing stm32f10x_tim.o(i.TIM_ForcedOC1Config), (18 bytes).
    Removing stm32f10x_tim.o(i.TIM_ForcedOC2Config), (26 bytes).
    Removing stm32f10x_tim.o(i.TIM_ForcedOC3Config), (18 bytes).
    Removing stm32f10x_tim.o(i.TIM_ForcedOC4Config), (26 bytes).
    Removing stm32f10x_tim.o(i.TIM_GenerateEvent), (4 bytes).
    Removing stm32f10x_tim.o(i.TIM_GetCapture1), (6 bytes).
    Removing stm32f10x_tim.o(i.TIM_GetCapture2), (6 bytes).
    Removing stm32f10x_tim.o(i.TIM_GetCapture3), (6 bytes).
    Removing stm32f10x_tim.o(i.TIM_GetCapture4), (8 bytes).
    Removing stm32f10x_tim.o(i.TIM_GetFlagStatus), (18 bytes).
    Removing stm32f10x_tim.o(i.TIM_GetPrescaler), (6 bytes).
    Removing stm32f10x_tim.o(i.TIM_ITRxExternalClockConfig), (24 bytes).
    Removing stm32f10x_tim.o(i.TIM_OC1FastConfig), (18 bytes).
    Removing stm32f10x_tim.o(i.TIM_OC1NPolarityConfig), (18 bytes).
    Removing stm32f10x_tim.o(i.TIM_OC1PolarityConfig), (18 bytes).
    Removing stm32f10x_tim.o(i.TIM_OC1PreloadConfig), (18 bytes).
    Removing stm32f10x_tim.o(i.TIM_OC2FastConfig), (26 bytes).
    Removing stm32f10x_tim.o(i.TIM_OC2NPolarityConfig), (26 bytes).
    Removing stm32f10x_tim.o(i.TIM_OC2PolarityConfig), (26 bytes).
    Removing stm32f10x_tim.o(i.TIM_OC2PreloadConfig), (26 bytes).
    Removing stm32f10x_tim.o(i.TIM_OC3FastConfig), (18 bytes).
    Removing stm32f10x_tim.o(i.TIM_OC3Init), (160 bytes).
    Removing stm32f10x_tim.o(i.TIM_OC3NPolarityConfig), (26 bytes).
    Removing stm32f10x_tim.o(i.TIM_OC3PolarityConfig), (26 bytes).
    Removing stm32f10x_tim.o(i.TIM_OC3PreloadConfig), (18 bytes).
    Removing stm32f10x_tim.o(i.TIM_OC4FastConfig), (26 bytes).
    Removing stm32f10x_tim.o(i.TIM_OC4Init), (124 bytes).
    Removing stm32f10x_tim.o(i.TIM_OC4PolarityConfig), (26 bytes).
    Removing stm32f10x_tim.o(i.TIM_OC4PreloadConfig), (26 bytes).
    Removing stm32f10x_tim.o(i.TIM_PWMIConfig), (124 bytes).
    Removing stm32f10x_tim.o(i.TIM_PrescalerConfig), (6 bytes).
    Removing stm32f10x_tim.o(i.TIM_SelectCCDMA), (24 bytes).
    Removing stm32f10x_tim.o(i.TIM_SelectCOM), (24 bytes).
    Removing stm32f10x_tim.o(i.TIM_SelectHallSensor), (24 bytes).
    Removing stm32f10x_tim.o(i.TIM_SelectInputTrigger), (18 bytes).
    Removing stm32f10x_tim.o(i.TIM_SelectMasterSlaveMode), (18 bytes).
    Removing stm32f10x_tim.o(i.TIM_SelectOCxM), (82 bytes).
    Removing stm32f10x_tim.o(i.TIM_SelectOnePulseMode), (18 bytes).
    Removing stm32f10x_tim.o(i.TIM_SelectOutputTrigger), (18 bytes).
    Removing stm32f10x_tim.o(i.TIM_SelectSlaveMode), (18 bytes).
    Removing stm32f10x_tim.o(i.TIM_SetAutoreload), (4 bytes).
    Removing stm32f10x_tim.o(i.TIM_SetClockDivision), (18 bytes).
    Removing stm32f10x_tim.o(i.TIM_SetCompare3), (4 bytes).
    Removing stm32f10x_tim.o(i.TIM_SetCompare4), (6 bytes).
    Removing stm32f10x_tim.o(i.TIM_TIxExternalClockConfig), (62 bytes).
    Removing stm32f10x_tim.o(i.TIM_TimeBaseStructInit), (18 bytes).
    Removing stm32f10x_tim.o(i.TIM_UpdateDisableConfig), (24 bytes).
    Removing stm32f10x_tim.o(i.TIM_UpdateRequestConfig), (24 bytes).
    Removing stm32f10x_usart.o(.rev16_text), (4 bytes).
    Removing stm32f10x_usart.o(.revsh_text), (4 bytes).
    Removing stm32f10x_usart.o(.rrx_text), (6 bytes).
    Removing stm32f10x_usart.o(i.USART_ClearFlag), (18 bytes).
    Removing stm32f10x_usart.o(i.USART_ClockInit), (34 bytes).
    Removing stm32f10x_usart.o(i.USART_ClockStructInit), (12 bytes).
    Removing stm32f10x_usart.o(i.USART_Cmd), (24 bytes).
    Removing stm32f10x_usart.o(i.USART_DMACmd), (18 bytes).
    Removing stm32f10x_usart.o(i.USART_DeInit), (156 bytes).
    Removing stm32f10x_usart.o(i.USART_HalfDuplexCmd), (24 bytes).
    Removing stm32f10x_usart.o(i.USART_ITConfig), (74 bytes).
    Removing stm32f10x_usart.o(i.USART_Init), (216 bytes).
    Removing stm32f10x_usart.o(i.USART_IrDACmd), (24 bytes).
    Removing stm32f10x_usart.o(i.USART_IrDAConfig), (18 bytes).
    Removing stm32f10x_usart.o(i.USART_LINBreakDetectLengthConfig), (18 bytes).
    Removing stm32f10x_usart.o(i.USART_LINCmd), (24 bytes).
    Removing stm32f10x_usart.o(i.USART_OneBitMethodCmd), (24 bytes).
    Removing stm32f10x_usart.o(i.USART_OverSampling8Cmd), (22 bytes).
    Removing stm32f10x_usart.o(i.USART_ReceiverWakeUpCmd), (24 bytes).
    Removing stm32f10x_usart.o(i.USART_SendBreak), (10 bytes).
    Removing stm32f10x_usart.o(i.USART_SetAddress), (18 bytes).
    Removing stm32f10x_usart.o(i.USART_SetGuardTime), (16 bytes).
    Removing stm32f10x_usart.o(i.USART_SetPrescaler), (16 bytes).
    Removing stm32f10x_usart.o(i.USART_SmartCardCmd), (24 bytes).
    Removing stm32f10x_usart.o(i.USART_SmartCardNACKCmd), (24 bytes).
    Removing stm32f10x_usart.o(i.USART_StructInit), (24 bytes).
    Removing stm32f10x_usart.o(i.USART_WakeUpConfig), (18 bytes).
    Removing stm32f10x_wwdg.o(.rev16_text), (4 bytes).
    Removing stm32f10x_wwdg.o(.revsh_text), (4 bytes).
    Removing stm32f10x_wwdg.o(.rrx_text), (6 bytes).
    Removing stm32f10x_wwdg.o(i.WWDG_ClearFlag), (12 bytes).
    Removing stm32f10x_wwdg.o(i.WWDG_DeInit), (22 bytes).
    Removing stm32f10x_wwdg.o(i.WWDG_Enable), (16 bytes).
    Removing stm32f10x_wwdg.o(i.WWDG_EnableIT), (12 bytes).
    Removing stm32f10x_wwdg.o(i.WWDG_GetFlagStatus), (12 bytes).
    Removing stm32f10x_wwdg.o(i.WWDG_SetCounter), (16 bytes).
    Removing stm32f10x_wwdg.o(i.WWDG_SetPrescaler), (24 bytes).
    Removing stm32f10x_wwdg.o(i.WWDG_SetWindowValue), (40 bytes).
    Removing startup_stm32f10x_md.o(HEAP), (512 bytes).
    Removing system_stm32f10x.o(.rev16_text), (4 bytes).
    Removing system_stm32f10x.o(.revsh_text), (4 bytes).
    Removing system_stm32f10x.o(.rrx_text), (6 bytes).
    Removing system_stm32f10x.o(i.SystemCoreClockUpdate), (164 bytes).
    Removing system_stm32f10x.o(.data), (20 bytes).
    Removing dfixul.o(.text), (48 bytes).
    Removing cdrcmple.o(.text), (48 bytes).
    Removing cdcmple.o(.text), (48 bytes).

544 unused section(s) (total 18232 bytes) removed from the image.

==============================================================================

Image Symbol Table

    Local Symbols

    Symbol Name                              Value     Ov Type        Size  Object(Section)

    ../clib/microlib/division.c              0x00000000   Number         0  uidiv.o ABSOLUTE
    ../clib/microlib/division.c              0x00000000   Number         0  uldiv.o ABSOLUTE
    ../clib/microlib/errno.c                 0x00000000   Number         0  errno.o ABSOLUTE
    ../clib/microlib/init/entry.s            0x00000000   Number         0  entry11a.o ABSOLUTE
    ../clib/microlib/init/entry.s            0x00000000   Number         0  entry.o ABSOLUTE
    ../clib/microlib/init/entry.s            0x00000000   Number         0  entry10b.o ABSOLUTE
    ../clib/microlib/init/entry.s            0x00000000   Number         0  entry8a.o ABSOLUTE
    ../clib/microlib/init/entry.s            0x00000000   Number         0  entry9b.o ABSOLUTE
    ../clib/microlib/init/entry.s            0x00000000   Number         0  entry7a.o ABSOLUTE
    ../clib/microlib/init/entry.s            0x00000000   Number         0  entry7b.o ABSOLUTE
    ../clib/microlib/init/entry.s            0x00000000   Number         0  entry2.o ABSOLUTE
    ../clib/microlib/init/entry.s            0x00000000   Number         0  entry11b.o ABSOLUTE
    ../clib/microlib/init/entry.s            0x00000000   Number         0  entry10a.o ABSOLUTE
    ../clib/microlib/init/entry.s            0x00000000   Number         0  entry5.o ABSOLUTE
    ../clib/microlib/init/entry.s            0x00000000   Number         0  entry9a.o ABSOLUTE
    ../clib/microlib/init/entry.s            0x00000000   Number         0  entry8b.o ABSOLUTE
    ../clib/microlib/longlong.c              0x00000000   Number         0  llshl.o ABSOLUTE
    ../clib/microlib/longlong.c              0x00000000   Number         0  llsshr.o ABSOLUTE
    ../clib/microlib/longlong.c              0x00000000   Number         0  llushr.o ABSOLUTE
    ../clib/microlib/printf/printf.c         0x00000000   Number         0  printfb.o ABSOLUTE
    ../clib/microlib/printf/printf.c         0x00000000   Number         0  printf6.o ABSOLUTE
    ../clib/microlib/printf/printf.c         0x00000000   Number         0  printf7.o ABSOLUTE
    ../clib/microlib/printf/printf.c         0x00000000   Number         0  printf8.o ABSOLUTE
    ../clib/microlib/printf/printf.c         0x00000000   Number         0  printfa.o ABSOLUTE
    ../clib/microlib/printf/printf.c         0x00000000   Number         0  printf4.o ABSOLUTE
    ../clib/microlib/printf/printf.c         0x00000000   Number         0  printf3.o ABSOLUTE
    ../clib/microlib/printf/printf.c         0x00000000   Number         0  printf2.o ABSOLUTE
    ../clib/microlib/printf/printf.c         0x00000000   Number         0  printf1.o ABSOLUTE
    ../clib/microlib/printf/printf.c         0x00000000   Number         0  printf5.o ABSOLUTE
    ../clib/microlib/printf/printf.c         0x00000000   Number         0  printf0.o ABSOLUTE
    ../clib/microlib/printf/stubs.s          0x00000000   Number         0  stubs.o ABSOLUTE
    ../clib/microlib/stdio/streams.c         0x00000000   Number         0  stdout.o ABSOLUTE
    ../clib/microlib/string/strcmp.c         0x00000000   Number         0  strcmp.o ABSOLUTE
    ../clib/microlib/stubs.s                 0x00000000   Number         0  iusefp.o ABSOLUTE
    ../fplib/microlib/d2f.c                  0x00000000   Number         0  d2f.o ABSOLUTE
    ../fplib/microlib/f2d.c                  0x00000000   Number         0  f2d.o ABSOLUTE
    ../fplib/microlib/fpadd.c                0x00000000   Number         0  dadd.o ABSOLUTE
    ../fplib/microlib/fpadd.c                0x00000000   Number         0  fadd.o ABSOLUTE
    ../fplib/microlib/fpdiv.c                0x00000000   Number         0  fdiv.o ABSOLUTE
    ../fplib/microlib/fpdiv.c                0x00000000   Number         0  ddiv.o ABSOLUTE
    ../fplib/microlib/fpepilogue.c           0x00000000   Number         0  fepilogue.o ABSOLUTE
    ../fplib/microlib/fpepilogue.c           0x00000000   Number         0  depilogue.o ABSOLUTE
    ../fplib/microlib/fpfix.c                0x00000000   Number         0  ffixi.o ABSOLUTE
    ../fplib/microlib/fpfix.c                0x00000000   Number         0  dfixul.o ABSOLUTE
    ../fplib/microlib/fpflt.c                0x00000000   Number         0  fflti.o ABSOLUTE
    ../fplib/microlib/fpmul.c                0x00000000   Number         0  dmul.o ABSOLUTE
    ../fplib/microlib/fpmul.c                0x00000000   Number         0  fmul.o ABSOLUTE
    ../fplib/microlib/fpscalb.c              0x00000000   Number         0  dscalb.o ABSOLUTE
    ../fplib/microlib/fpsqrt.c               0x00000000   Number         0  dsqrt.o ABSOLUTE
    ../mathlib/asin.c                        0x00000000   Number         0  asin.o ABSOLUTE
    ../mathlib/asin.c                        0x00000000   Number         0  asin_x.o ABSOLUTE
    ../mathlib/atan.c                        0x00000000   Number         0  atan_x.o ABSOLUTE
    ../mathlib/atan.c                        0x00000000   Number         0  atan.o ABSOLUTE
    ../mathlib/atan2.c                       0x00000000   Number         0  atan2.o ABSOLUTE
    ../mathlib/atan2.c                       0x00000000   Number         0  atan2_x.o ABSOLUTE
    ../mathlib/dunder.c                      0x00000000   Number         0  dunder.o ABSOLUTE
    ../mathlib/fpclassify.c                  0x00000000   Number         0  fpclassify.o ABSOLUTE
    ../mathlib/poly.c                        0x00000000   Number         0  poly.o ABSOLUTE
    ../mathlib/qnan.c                        0x00000000   Number         0  qnan.o ABSOLUTE
    ../mathlib/sqrt.c                        0x00000000   Number         0  sqrt.o ABSOLUTE
    ../mathlib/sqrt.c                        0x00000000   Number         0  sqrt_x.o ABSOLUTE
    D:\Download\keilv5\ARM\PACK\Keil\STM32F1xx_DFP\2.2.0\Device\StdPeriph_Driver\src\misc.c 0x00000000   Number         0  misc.o ABSOLUTE
    D:\Download\keilv5\ARM\PACK\Keil\STM32F1xx_DFP\2.2.0\Device\StdPeriph_Driver\src\stm32f10x_adc.c 0x00000000   Number         0  stm32f10x_adc.o ABSOLUTE
    D:\Download\keilv5\ARM\PACK\Keil\STM32F1xx_DFP\2.2.0\Device\StdPeriph_Driver\src\stm32f10x_bkp.c 0x00000000   Number         0  stm32f10x_bkp.o ABSOLUTE
    D:\Download\keilv5\ARM\PACK\Keil\STM32F1xx_DFP\2.2.0\Device\StdPeriph_Driver\src\stm32f10x_can.c 0x00000000   Number         0  stm32f10x_can.o ABSOLUTE
    D:\Download\keilv5\ARM\PACK\Keil\STM32F1xx_DFP\2.2.0\Device\StdPeriph_Driver\src\stm32f10x_cec.c 0x00000000   Number         0  stm32f10x_cec.o ABSOLUTE
    D:\Download\keilv5\ARM\PACK\Keil\STM32F1xx_DFP\2.2.0\Device\StdPeriph_Driver\src\stm32f10x_crc.c 0x00000000   Number         0  stm32f10x_crc.o ABSOLUTE
    D:\Download\keilv5\ARM\PACK\Keil\STM32F1xx_DFP\2.2.0\Device\StdPeriph_Driver\src\stm32f10x_dac.c 0x00000000   Number         0  stm32f10x_dac.o ABSOLUTE
    D:\Download\keilv5\ARM\PACK\Keil\STM32F1xx_DFP\2.2.0\Device\StdPeriph_Driver\src\stm32f10x_dbgmcu.c 0x00000000   Number         0  stm32f10x_dbgmcu.o ABSOLUTE
    D:\Download\keilv5\ARM\PACK\Keil\STM32F1xx_DFP\2.2.0\Device\StdPeriph_Driver\src\stm32f10x_dma.c 0x00000000   Number         0  stm32f10x_dma.o ABSOLUTE
    D:\Download\keilv5\ARM\PACK\Keil\STM32F1xx_DFP\2.2.0\Device\StdPeriph_Driver\src\stm32f10x_exti.c 0x00000000   Number         0  stm32f10x_exti.o ABSOLUTE
    D:\Download\keilv5\ARM\PACK\Keil\STM32F1xx_DFP\2.2.0\Device\StdPeriph_Driver\src\stm32f10x_flash.c 0x00000000   Number         0  stm32f10x_flash.o ABSOLUTE
    D:\Download\keilv5\ARM\PACK\Keil\STM32F1xx_DFP\2.2.0\Device\StdPeriph_Driver\src\stm32f10x_fsmc.c 0x00000000   Number         0  stm32f10x_fsmc.o ABSOLUTE
    D:\Download\keilv5\ARM\PACK\Keil\STM32F1xx_DFP\2.2.0\Device\StdPeriph_Driver\src\stm32f10x_gpio.c 0x00000000   Number         0  stm32f10x_gpio.o ABSOLUTE
    D:\Download\keilv5\ARM\PACK\Keil\STM32F1xx_DFP\2.2.0\Device\StdPeriph_Driver\src\stm32f10x_i2c.c 0x00000000   Number         0  stm32f10x_i2c.o ABSOLUTE
    D:\Download\keilv5\ARM\PACK\Keil\STM32F1xx_DFP\2.2.0\Device\StdPeriph_Driver\src\stm32f10x_iwdg.c 0x00000000   Number         0  stm32f10x_iwdg.o ABSOLUTE
    D:\Download\keilv5\ARM\PACK\Keil\STM32F1xx_DFP\2.2.0\Device\StdPeriph_Driver\src\stm32f10x_pwr.c 0x00000000   Number         0  stm32f10x_pwr.o ABSOLUTE
    D:\Download\keilv5\ARM\PACK\Keil\STM32F1xx_DFP\2.2.0\Device\StdPeriph_Driver\src\stm32f10x_rcc.c 0x00000000   Number         0  stm32f10x_rcc.o ABSOLUTE
    D:\Download\keilv5\ARM\PACK\Keil\STM32F1xx_DFP\2.2.0\Device\StdPeriph_Driver\src\stm32f10x_rtc.c 0x00000000   Number         0  stm32f10x_rtc.o ABSOLUTE
    D:\Download\keilv5\ARM\PACK\Keil\STM32F1xx_DFP\2.2.0\Device\StdPeriph_Driver\src\stm32f10x_sdio.c 0x00000000   Number         0  stm32f10x_sdio.o ABSOLUTE
    D:\Download\keilv5\ARM\PACK\Keil\STM32F1xx_DFP\2.2.0\Device\StdPeriph_Driver\src\stm32f10x_spi.c 0x00000000   Number         0  stm32f10x_spi.o ABSOLUTE
    D:\Download\keilv5\ARM\PACK\Keil\STM32F1xx_DFP\2.2.0\Device\StdPeriph_Driver\src\stm32f10x_tim.c 0x00000000   Number         0  stm32f10x_tim.o ABSOLUTE
    D:\Download\keilv5\ARM\PACK\Keil\STM32F1xx_DFP\2.2.0\Device\StdPeriph_Driver\src\stm32f10x_usart.c 0x00000000   Number         0  stm32f10x_usart.o ABSOLUTE
    D:\Download\keilv5\ARM\PACK\Keil\STM32F1xx_DFP\2.2.0\Device\StdPeriph_Driver\src\stm32f10x_wwdg.c 0x00000000   Number         0  stm32f10x_wwdg.o ABSOLUTE
    D:\\Download\\keilv5\\ARM\\PACK\\Keil\\STM32F1xx_DFP\\2.2.0\\Device\\StdPeriph_Driver\\src\\misc.c 0x00000000   Number         0  misc.o ABSOLUTE
    D:\\Download\\keilv5\\ARM\\PACK\\Keil\\STM32F1xx_DFP\\2.2.0\\Device\\StdPeriph_Driver\\src\\stm32f10x_adc.c 0x00000000   Number         0  stm32f10x_adc.o ABSOLUTE
    D:\\Download\\keilv5\\ARM\\PACK\\Keil\\STM32F1xx_DFP\\2.2.0\\Device\\StdPeriph_Driver\\src\\stm32f10x_bkp.c 0x00000000   Number         0  stm32f10x_bkp.o ABSOLUTE
    D:\\Download\\keilv5\\ARM\\PACK\\Keil\\STM32F1xx_DFP\\2.2.0\\Device\\StdPeriph_Driver\\src\\stm32f10x_can.c 0x00000000   Number         0  stm32f10x_can.o ABSOLUTE
    D:\\Download\\keilv5\\ARM\\PACK\\Keil\\STM32F1xx_DFP\\2.2.0\\Device\\StdPeriph_Driver\\src\\stm32f10x_cec.c 0x00000000   Number         0  stm32f10x_cec.o ABSOLUTE
    D:\\Download\\keilv5\\ARM\\PACK\\Keil\\STM32F1xx_DFP\\2.2.0\\Device\\StdPeriph_Driver\\src\\stm32f10x_crc.c 0x00000000   Number         0  stm32f10x_crc.o ABSOLUTE
    D:\\Download\\keilv5\\ARM\\PACK\\Keil\\STM32F1xx_DFP\\2.2.0\\Device\\StdPeriph_Driver\\src\\stm32f10x_dac.c 0x00000000   Number         0  stm32f10x_dac.o ABSOLUTE
    D:\\Download\\keilv5\\ARM\\PACK\\Keil\\STM32F1xx_DFP\\2.2.0\\Device\\StdPeriph_Driver\\src\\stm32f10x_dbgmcu.c 0x00000000   Number         0  stm32f10x_dbgmcu.o ABSOLUTE
    D:\\Download\\keilv5\\ARM\\PACK\\Keil\\STM32F1xx_DFP\\2.2.0\\Device\\StdPeriph_Driver\\src\\stm32f10x_dma.c 0x00000000   Number         0  stm32f10x_dma.o ABSOLUTE
    D:\\Download\\keilv5\\ARM\\PACK\\Keil\\STM32F1xx_DFP\\2.2.0\\Device\\StdPeriph_Driver\\src\\stm32f10x_exti.c 0x00000000   Number         0  stm32f10x_exti.o ABSOLUTE
    D:\\Download\\keilv5\\ARM\\PACK\\Keil\\STM32F1xx_DFP\\2.2.0\\Device\\StdPeriph_Driver\\src\\stm32f10x_flash.c 0x00000000   Number         0  stm32f10x_flash.o ABSOLUTE
    D:\\Download\\keilv5\\ARM\\PACK\\Keil\\STM32F1xx_DFP\\2.2.0\\Device\\StdPeriph_Driver\\src\\stm32f10x_fsmc.c 0x00000000   Number         0  stm32f10x_fsmc.o ABSOLUTE
    D:\\Download\\keilv5\\ARM\\PACK\\Keil\\STM32F1xx_DFP\\2.2.0\\Device\\StdPeriph_Driver\\src\\stm32f10x_gpio.c 0x00000000   Number         0  stm32f10x_gpio.o ABSOLUTE
    D:\\Download\\keilv5\\ARM\\PACK\\Keil\\STM32F1xx_DFP\\2.2.0\\Device\\StdPeriph_Driver\\src\\stm32f10x_i2c.c 0x00000000   Number         0  stm32f10x_i2c.o ABSOLUTE
    D:\\Download\\keilv5\\ARM\\PACK\\Keil\\STM32F1xx_DFP\\2.2.0\\Device\\StdPeriph_Driver\\src\\stm32f10x_iwdg.c 0x00000000   Number         0  stm32f10x_iwdg.o ABSOLUTE
    D:\\Download\\keilv5\\ARM\\PACK\\Keil\\STM32F1xx_DFP\\2.2.0\\Device\\StdPeriph_Driver\\src\\stm32f10x_pwr.c 0x00000000   Number         0  stm32f10x_pwr.o ABSOLUTE
    D:\\Download\\keilv5\\ARM\\PACK\\Keil\\STM32F1xx_DFP\\2.2.0\\Device\\StdPeriph_Driver\\src\\stm32f10x_rcc.c 0x00000000   Number         0  stm32f10x_rcc.o ABSOLUTE
    D:\\Download\\keilv5\\ARM\\PACK\\Keil\\STM32F1xx_DFP\\2.2.0\\Device\\StdPeriph_Driver\\src\\stm32f10x_rtc.c 0x00000000   Number         0  stm32f10x_rtc.o ABSOLUTE
    D:\\Download\\keilv5\\ARM\\PACK\\Keil\\STM32F1xx_DFP\\2.2.0\\Device\\StdPeriph_Driver\\src\\stm32f10x_sdio.c 0x00000000   Number         0  stm32f10x_sdio.o ABSOLUTE
    D:\\Download\\keilv5\\ARM\\PACK\\Keil\\STM32F1xx_DFP\\2.2.0\\Device\\StdPeriph_Driver\\src\\stm32f10x_spi.c 0x00000000   Number         0  stm32f10x_spi.o ABSOLUTE
    D:\\Download\\keilv5\\ARM\\PACK\\Keil\\STM32F1xx_DFP\\2.2.0\\Device\\StdPeriph_Driver\\src\\stm32f10x_tim.c 0x00000000   Number         0  stm32f10x_tim.o ABSOLUTE
    D:\\Download\\keilv5\\ARM\\PACK\\Keil\\STM32F1xx_DFP\\2.2.0\\Device\\StdPeriph_Driver\\src\\stm32f10x_usart.c 0x00000000   Number         0  stm32f10x_usart.o ABSOLUTE
    D:\\Download\\keilv5\\ARM\\PACK\\Keil\\STM32F1xx_DFP\\2.2.0\\Device\\StdPeriph_Driver\\src\\stm32f10x_wwdg.c 0x00000000   Number         0  stm32f10x_wwdg.o ABSOLUTE
    Hardware\EncoderInterface.c              0x00000000   Number         0  encoderinterface.o ABSOLUTE
    Hardware\IMU.c                           0x00000000   Number         0  imu.o ABSOLUTE
    Hardware\MPU6050.c                       0x00000000   Number         0  mpu6050.o ABSOLUTE
    Hardware\Motor.c                         0x00000000   Number         0  motor.o ABSOLUTE
    Hardware\OLED.c                          0x00000000   Number         0  oled.o ABSOLUTE
    Hardware\PID.c                           0x00000000   Number         0  pid.o ABSOLUTE
    Hardware\PWM.c                           0x00000000   Number         0  pwm.o ABSOLUTE
    Hardware\Serial.c                        0x00000000   Number         0  serial.o ABSOLUTE
    Hardware\Timer.c                         0x00000000   Number         0  timer.o ABSOLUTE
    Hardware\\EncoderInterface.c             0x00000000   Number         0  encoderinterface.o ABSOLUTE
    Hardware\\IMU.c                          0x00000000   Number         0  imu.o ABSOLUTE
    Hardware\\MPU6050.c                      0x00000000   Number         0  mpu6050.o ABSOLUTE
    Hardware\\Motor.c                        0x00000000   Number         0  motor.o ABSOLUTE
    Hardware\\OLED.c                         0x00000000   Number         0  oled.o ABSOLUTE
    Hardware\\PID.c                          0x00000000   Number         0  pid.o ABSOLUTE
    Hardware\\PWM.c                          0x00000000   Number         0  pwm.o ABSOLUTE
    Hardware\\Serial.c                       0x00000000   Number         0  serial.o ABSOLUTE
    Hardware\\Timer.c                        0x00000000   Number         0  timer.o ABSOLUTE
    RTE\Device\STM32F103C8\startup_stm32f10x_md.s 0x00000000   Number         0  startup_stm32f10x_md.o ABSOLUTE
    RTE\Device\STM32F103C8\system_stm32f10x.c 0x00000000   Number         0  system_stm32f10x.o ABSOLUTE
    RTE\\Device\\STM32F103C8\\system_stm32f10x.c 0x00000000   Number         0  system_stm32f10x.o ABSOLUTE
    System\Delay.c                           0x00000000   Number         0  delay.o ABSOLUTE
    System\\Delay.c                          0x00000000   Number         0  delay.o ABSOLUTE
    User\\main.c                             0x00000000   Number         0  main.o ABSOLUTE
    User\main.c                              0x00000000   Number         0  main.o ABSOLUTE
    cdcmple.s                                0x00000000   Number         0  cdcmple.o ABSOLUTE
    cdrcmple.s                               0x00000000   Number         0  cdrcmple.o ABSOLUTE
    dc.s                                     0x00000000   Number         0  dc.o ABSOLUTE
    handlers.s                               0x00000000   Number         0  handlers.o ABSOLUTE
    init.s                                   0x00000000   Number         0  init.o ABSOLUTE
    RESET                                    0x08000000   Section      236  startup_stm32f10x_md.o(RESET)
    .ARM.Collect$$$$00000000                 0x080000ec   Section        0  entry.o(.ARM.Collect$$$$00000000)
    .ARM.Collect$$$$00000001                 0x080000ec   Section        4  entry2.o(.ARM.Collect$$$$00000001)
    .ARM.Collect$$$$00000004                 0x080000f0   Section        4  entry5.o(.ARM.Collect$$$$00000004)
    .ARM.Collect$$$$00000008                 0x080000f4   Section        0  entry7b.o(.ARM.Collect$$$$00000008)
    .ARM.Collect$$$$0000000A                 0x080000f4   Section        0  entry8b.o(.ARM.Collect$$$$0000000A)
    .ARM.Collect$$$$0000000B                 0x080000f4   Section        8  entry9a.o(.ARM.Collect$$$$0000000B)
    .ARM.Collect$$$$0000000D                 0x080000fc   Section        0  entry10a.o(.ARM.Collect$$$$0000000D)
    .ARM.Collect$$$$0000000F                 0x080000fc   Section        0  entry11a.o(.ARM.Collect$$$$0000000F)
    .ARM.Collect$$$$00002712                 0x080000fc   Section        4  entry2.o(.ARM.Collect$$$$00002712)
    __lit__00000000                          0x080000fc   Data           4  entry2.o(.ARM.Collect$$$$00002712)
    .text                                    0x08000100   Section       36  startup_stm32f10x_md.o(.text)
    .text                                    0x08000124   Section        0  strcmp.o(.text)
    .text                                    0x08000140   Section        0  fadd.o(.text)
    .text                                    0x080001f0   Section        0  fmul.o(.text)
    .text                                    0x08000254   Section        0  fdiv.o(.text)
    .text                                    0x080002d0   Section        0  dadd.o(.text)
    .text                                    0x0800041e   Section        0  dmul.o(.text)
    .text                                    0x08000502   Section        0  fflti.o(.text)
    .text                                    0x08000514   Section        0  ffixi.o(.text)
    .text                                    0x08000546   Section        0  f2d.o(.text)
    .text                                    0x0800056c   Section        0  d2f.o(.text)
    .text                                    0x080005a4   Section        0  llshl.o(.text)
    .text                                    0x080005c2   Section        0  llsshr.o(.text)
    .text                                    0x080005e6   Section        0  fepilogue.o(.text)
    .text                                    0x080005e6   Section        0  iusefp.o(.text)
    .text                                    0x08000654   Section        0  depilogue.o(.text)
    .text                                    0x0800070e   Section        0  ddiv.o(.text)
    .text                                    0x080007ec   Section        0  dscalb.o(.text)
    .text                                    0x0800081c   Section       36  init.o(.text)
    .text                                    0x08000840   Section        0  llushr.o(.text)
    .text                                    0x08000860   Section        0  dsqrt.o(.text)
    i.EncoderInit                            0x08000902   Section        0  encoderinterface.o(i.EncoderInit)
    i.EncoderLeft                            0x08000910   Section        0  encoderinterface.o(i.EncoderLeft)
    i.EncoderRight                           0x080009ac   Section        0  encoderinterface.o(i.EncoderRight)
    i.GPIO_Init                              0x08000a48   Section        0  stm32f10x_gpio.o(i.GPIO_Init)
    i.GPIO_ResetBits                         0x08000b5e   Section        0  stm32f10x_gpio.o(i.GPIO_ResetBits)
    i.GPIO_SetBits                           0x08000b62   Section        0  stm32f10x_gpio.o(i.GPIO_SetBits)
    i.GPIO_WriteBit                          0x08000b66   Section        0  stm32f10x_gpio.o(i.GPIO_WriteBit)
    i.I2C_AcknowledgeConfig                  0x08000b70   Section        0  stm32f10x_i2c.o(i.I2C_AcknowledgeConfig)
    i.I2C_CheckEvent                         0x08000b88   Section        0  stm32f10x_i2c.o(i.I2C_CheckEvent)
    i.I2C_Cmd                                0x08000bb2   Section        0  stm32f10x_i2c.o(i.I2C_Cmd)
    i.I2C_GenerateSTART                      0x08000bca   Section        0  stm32f10x_i2c.o(i.I2C_GenerateSTART)
    i.I2C_GenerateSTOP                       0x08000be2   Section        0  stm32f10x_i2c.o(i.I2C_GenerateSTOP)
    i.I2C_Init                               0x08000bfc   Section        0  stm32f10x_i2c.o(i.I2C_Init)
    i.I2C_ModelInit                          0x08000ce8   Section        0  mpu6050.o(i.I2C_ModelInit)
    i.I2C_ReceiveData                        0x08000d68   Section        0  stm32f10x_i2c.o(i.I2C_ReceiveData)
    i.I2C_Send7bitAddress                    0x08000d70   Section        0  stm32f10x_i2c.o(i.I2C_Send7bitAddress)
    i.I2C_SendData                           0x08000d82   Section        0  stm32f10x_i2c.o(i.I2C_SendData)
    i.I2C_StructInit                         0x08000d86   Section        0  stm32f10x_i2c.o(i.I2C_StructInit)
    i.IMU_AHRSupdate                         0x08000da4   Section        0  imu.o(i.IMU_AHRSupdate)
    i.IMU_GetValues                          0x08001138   Section        0  imu.o(i.IMU_GetValues)
    i.IMU_getEuleranAngles                   0x08001254   Section        0  imu.o(i.IMU_getEuleranAngles)
    i.Left_Backward                          0x080013d8   Section        0  motor.o(i.Left_Backward)
    i.Left_Forward                           0x080013f0   Section        0  motor.o(i.Left_Forward)
    i.Left_SetSpeed                          0x08001408   Section        0  motor.o(i.Left_SetSpeed)
    i.Left_Stop                              0x08001440   Section        0  motor.o(i.Left_Stop)
    i.MPU6050_Init                           0x08001458   Section        0  mpu6050.o(i.MPU6050_Init)
    i.MPU6050_Read                           0x08001490   Section        0  mpu6050.o(i.MPU6050_Read)
    i.MPU6050_Write                          0x0800154c   Section        0  mpu6050.o(i.MPU6050_Write)
    i.Motor_Init                             0x080015c8   Section        0  motor.o(i.Motor_Init)
    i.NVIC_Init                              0x080015f8   Section        0  misc.o(i.NVIC_Init)
    i.NVIC_PriorityGroupConfig               0x08001668   Section        0  misc.o(i.NVIC_PriorityGroupConfig)
    i.OLED_Clear                             0x0800167c   Section        0  oled.o(i.OLED_Clear)
    i.OLED_I2C_Init                          0x080016a8   Section        0  oled.o(i.OLED_I2C_Init)
    i.OLED_I2C_SendByte                      0x080016f8   Section        0  oled.o(i.OLED_I2C_SendByte)
    i.OLED_I2C_Start                         0x0800174c   Section        0  oled.o(i.OLED_I2C_Start)
    i.OLED_I2C_Stop                          0x08001780   Section        0  oled.o(i.OLED_I2C_Stop)
    i.OLED_Init                              0x080017a8   Section        0  oled.o(i.OLED_Init)
    i.OLED_Pow                               0x08001856   Section        0  oled.o(i.OLED_Pow)
    i.OLED_SetCursor                         0x0800186a   Section        0  oled.o(i.OLED_SetCursor)
    i.OLED_ShowChar                          0x0800188c   Section        0  oled.o(i.OLED_ShowChar)
    i.OLED_ShowSignedNum                     0x08001900   Section        0  oled.o(i.OLED_ShowSignedNum)
    i.OLED_ShowString                        0x08001966   Section        0  oled.o(i.OLED_ShowString)
    i.OLED_WriteCommand                      0x0800198e   Section        0  oled.o(i.OLED_WriteCommand)
    i.OLED_WriteData                         0x080019ae   Section        0  oled.o(i.OLED_WriteData)
    i.PID_Banlance                           0x080019d0   Section        0  pid.o(i.PID_Banlance)
    i.PWM_Init                               0x08001a1c   Section        0  pwm.o(i.PWM_Init)
    i.RCC_APB1PeriphClockCmd                 0x08001ac0   Section        0  stm32f10x_rcc.o(i.RCC_APB1PeriphClockCmd)
    i.RCC_APB2PeriphClockCmd                 0x08001ae0   Section        0  stm32f10x_rcc.o(i.RCC_APB2PeriphClockCmd)
    i.RCC_GetClocksFreq                      0x08001b00   Section        0  stm32f10x_rcc.o(i.RCC_GetClocksFreq)
    i.Right_Backward                         0x08001bd4   Section        0  motor.o(i.Right_Backward)
    i.Right_Forward                          0x08001bec   Section        0  motor.o(i.Right_Forward)
    i.Right_SetSpeed                         0x08001c04   Section        0  motor.o(i.Right_SetSpeed)
    i.Right_Stop                             0x08001c3c   Section        0  motor.o(i.Right_Stop)
    i.Serial_Byte                            0x08001c54   Section        0  serial.o(i.Serial_Byte)
    i.SetSysClock                            0x08001c74   Section        0  system_stm32f10x.o(i.SetSysClock)
    SetSysClock                              0x08001c75   Thumb Code     8  system_stm32f10x.o(i.SetSysClock)
    i.SetSysClockTo72                        0x08001c7c   Section        0  system_stm32f10x.o(i.SetSysClockTo72)
    SetSysClockTo72                          0x08001c7d   Thumb Code   214  system_stm32f10x.o(i.SetSysClockTo72)
    i.SystemInit                             0x08001d5c   Section        0  system_stm32f10x.o(i.SystemInit)
    i.TI1_Config                             0x08001dbc   Section        0  stm32f10x_tim.o(i.TI1_Config)
    TI1_Config                               0x08001dbd   Thumb Code   108  stm32f10x_tim.o(i.TI1_Config)
    i.TI2_Config                             0x08001e3c   Section        0  stm32f10x_tim.o(i.TI2_Config)
    TI2_Config                               0x08001e3d   Thumb Code   130  stm32f10x_tim.o(i.TI2_Config)
    i.TI3_Config                             0x08001ed4   Section        0  stm32f10x_tim.o(i.TI3_Config)
    TI3_Config                               0x08001ed5   Thumb Code   122  stm32f10x_tim.o(i.TI3_Config)
    i.TI4_Config                             0x08001f64   Section        0  stm32f10x_tim.o(i.TI4_Config)
    TI4_Config                               0x08001f65   Thumb Code   130  stm32f10x_tim.o(i.TI4_Config)
    i.TIM2_IRQHandler                        0x08001ffc   Section        0  main.o(i.TIM2_IRQHandler)
    i.TIM_ClearITPendingBit                  0x0800204c   Section        0  stm32f10x_tim.o(i.TIM_ClearITPendingBit)
    i.TIM_Cmd                                0x08002052   Section        0  stm32f10x_tim.o(i.TIM_Cmd)
    i.TIM_CtrlPWMOutputs                     0x0800206a   Section        0  stm32f10x_tim.o(i.TIM_CtrlPWMOutputs)
    i.TIM_EncoderInterfaceConfig             0x08002088   Section        0  stm32f10x_tim.o(i.TIM_EncoderInterfaceConfig)
    i.TIM_GetCounter                         0x080020ca   Section        0  stm32f10x_tim.o(i.TIM_GetCounter)
    i.TIM_GetITStatus                        0x080020d0   Section        0  stm32f10x_tim.o(i.TIM_GetITStatus)
    i.TIM_ICInit                             0x080020f4   Section        0  stm32f10x_tim.o(i.TIM_ICInit)
    i.TIM_ICStructInit                       0x080021a0   Section        0  stm32f10x_tim.o(i.TIM_ICStructInit)
    i.TIM_ITConfig                           0x080021b2   Section        0  stm32f10x_tim.o(i.TIM_ITConfig)
    i.TIM_InternalClockConfig                0x080021c4   Section        0  stm32f10x_tim.o(i.TIM_InternalClockConfig)
    i.TIM_OC1Init                            0x080021d0   Section        0  stm32f10x_tim.o(i.TIM_OC1Init)
    i.TIM_OC2Init                            0x08002268   Section        0  stm32f10x_tim.o(i.TIM_OC2Init)
    i.TIM_OCStructInit                       0x0800230c   Section        0  stm32f10x_tim.o(i.TIM_OCStructInit)
    i.TIM_SetCompare1                        0x08002320   Section        0  stm32f10x_tim.o(i.TIM_SetCompare1)
    i.TIM_SetCompare2                        0x08002324   Section        0  stm32f10x_tim.o(i.TIM_SetCompare2)
    i.TIM_SetCounter                         0x08002328   Section        0  stm32f10x_tim.o(i.TIM_SetCounter)
    i.TIM_SetIC1Prescaler                    0x0800232c   Section        0  stm32f10x_tim.o(i.TIM_SetIC1Prescaler)
    i.TIM_SetIC2Prescaler                    0x0800233e   Section        0  stm32f10x_tim.o(i.TIM_SetIC2Prescaler)
    i.TIM_SetIC3Prescaler                    0x08002358   Section        0  stm32f10x_tim.o(i.TIM_SetIC3Prescaler)
    i.TIM_SetIC4Prescaler                    0x0800236a   Section        0  stm32f10x_tim.o(i.TIM_SetIC4Prescaler)
    i.TIM_TimeBaseInit                       0x08002384   Section        0  stm32f10x_tim.o(i.TIM_TimeBaseInit)
    i.Timer2_Init                            0x08002428   Section        0  timer.o(i.Timer2_Init)
    i.USART2_IRQHandler                      0x0800249c   Section        0  serial.o(i.USART2_IRQHandler)
    i.USART_ClearITPendingBit                0x08002508   Section        0  stm32f10x_usart.o(i.USART_ClearITPendingBit)
    i.USART_GetFlagStatus                    0x08002526   Section        0  stm32f10x_usart.o(i.USART_GetFlagStatus)
    i.USART_GetITStatus                      0x08002540   Section        0  stm32f10x_usart.o(i.USART_GetITStatus)
    i.USART_ReceiveData                      0x08002594   Section        0  stm32f10x_usart.o(i.USART_ReceiveData)
    i.USART_SendData                         0x0800259e   Section        0  stm32f10x_usart.o(i.USART_SendData)
    i.__0printf$2                            0x080025a8   Section        0  printf2.o(i.__0printf$2)
    i.__ARM_fpclassify                       0x080025c8   Section        0  fpclassify.o(i.__ARM_fpclassify)
    i.__kernel_poly                          0x080025f0   Section        0  poly.o(i.__kernel_poly)
    i.__mathlib_dbl_infnan                   0x0800269a   Section        0  dunder.o(i.__mathlib_dbl_infnan)
    i.__mathlib_dbl_infnan2                  0x080026a0   Section        0  dunder.o(i.__mathlib_dbl_infnan2)
    i.__mathlib_dbl_invalid                  0x080026a4   Section        0  dunder.o(i.__mathlib_dbl_invalid)
    i.__mathlib_dbl_underflow                0x080026b0   Section        0  dunder.o(i.__mathlib_dbl_underflow)
    i.__scatterload_copy                     0x080026c0   Section       14  handlers.o(i.__scatterload_copy)
    i.__scatterload_null                     0x080026ce   Section        2  handlers.o(i.__scatterload_null)
    i.__scatterload_zeroinit                 0x080026d0   Section       14  handlers.o(i.__scatterload_zeroinit)
    i.__set_errno                            0x080026e0   Section        0  errno.o(i.__set_errno)
    i._printf_core                           0x080026ec   Section        0  printf2.o(i._printf_core)
    _printf_core                             0x080026ed   Thumb Code   214  printf2.o(i._printf_core)
    i.asin                                   0x080027c4   Section        0  asin.o(i.asin)
    i.atan                                   0x08002a34   Section        0  atan.o(i.atan)
    i.atan2                                  0x08002c54   Section        0  atan2.o(i.atan2)
    i.dealTask                               0x08002dd4   Section        0  serial.o(i.dealTask)
    i.fast_sqrt                              0x08002e74   Section        0  imu.o(i.fast_sqrt)
    i.fputc                                  0x08002ec0   Section        0  serial.o(i.fputc)
    i.getMpu6050Data                         0x08002ed0   Section        0  mpu6050.o(i.getMpu6050Data)
    i.main                                   0x08002f5c   Section        0  main.o(i.main)
    i.sqrt                                   0x0800303c   Section        0  sqrt.o(i.sqrt)
    .constdata                               0x08003088   Section     1520  oled.o(.constdata)
    .constdata                               0x08003678   Section       80  asin.o(.constdata)
    pS                                       0x08003678   Data          48  asin.o(.constdata)
    qS                                       0x080036a8   Data          32  asin.o(.constdata)
    .constdata                               0x080036c8   Section      152  atan.o(.constdata)
    atanhi                                   0x080036c8   Data          32  atan.o(.constdata)
    atanlo                                   0x080036e8   Data          32  atan.o(.constdata)
    aTodd                                    0x08003708   Data          40  atan.o(.constdata)
    aTeven                                   0x08003730   Data          48  atan.o(.constdata)
    .constdata                               0x08003760   Section        8  qnan.o(.constdata)
    .data                                    0x20000000   Section        4  main.o(.data)
    .data                                    0x20000004   Section        1  serial.o(.data)
    index                                    0x20000004   Data           1  serial.o(.data)
    .data                                    0x20000008   Section       40  imu.o(.data)
    .data                                    0x20000030   Section        8  pid.o(.data)
    .data                                    0x20000038   Section       20  stm32f10x_rcc.o(.data)
    APBAHBPrescTable                         0x20000038   Data          16  stm32f10x_rcc.o(.data)
    ADCPrescTable                            0x20000048   Data           4  stm32f10x_rcc.o(.data)
    .data                                    0x2000004c   Section        4  stdout.o(.data)
    .data                                    0x20000050   Section        4  errno.o(.data)
    _errno                                   0x20000050   Data           4  errno.o(.data)
    .bss                                     0x20000054   Section      100  serial.o(.bss)
    .bss                                     0x200000b8   Section       48  imu.o(.bss)
    STACK                                    0x200000e8   Section     1024  startup_stm32f10x_md.o(STACK)

    Global Symbols

    Symbol Name                              Value     Ov Type        Size  Object(Section)

    BuildAttributes$$THM_ISAv4$P$D$K$B$S$PE$A:L22UL41UL21$X:L11$S22US41US21$IEEE1$IW$USESV6$~STKCKD$USESV7$~SHL$OTIME$ROPI$IEEEX$EBA8$MICROLIB$REQ8$PRES8$EABIv2 0x00000000   Number         0  anon$$obj.o ABSOLUTE
    __ARM_use_no_argv                        0x00000000   Number         0  main.o ABSOLUTE
    _printf_a                                0x00000000   Number         0  stubs.o ABSOLUTE
    _printf_c                                0x00000000   Number         0  stubs.o ABSOLUTE
    _printf_charcount                        0x00000000   Number         0  stubs.o ABSOLUTE
    _printf_d                                0x00000000   Number         0  stubs.o ABSOLUTE
    _printf_e                                0x00000000   Number         0  stubs.o ABSOLUTE
    _printf_f                                0x00000000   Number         0  stubs.o ABSOLUTE
    _printf_flags                            0x00000000   Number         0  stubs.o ABSOLUTE
    _printf_fp_dec                           0x00000000   Number         0  stubs.o ABSOLUTE
    _printf_fp_hex                           0x00000000   Number         0  stubs.o ABSOLUTE
    _printf_g                                0x00000000   Number         0  stubs.o ABSOLUTE
    _printf_i                                0x00000000   Number         0  stubs.o ABSOLUTE
    _printf_int_dec                          0x00000000   Number         0  stubs.o ABSOLUTE
    _printf_l                                0x00000000   Number         0  stubs.o ABSOLUTE
    _printf_lc                               0x00000000   Number         0  stubs.o ABSOLUTE
    _printf_ll                               0x00000000   Number         0  stubs.o ABSOLUTE
    _printf_lld                              0x00000000   Number         0  stubs.o ABSOLUTE
    _printf_lli                              0x00000000   Number         0  stubs.o ABSOLUTE
    _printf_llo                              0x00000000   Number         0  stubs.o ABSOLUTE
    _printf_llu                              0x00000000   Number         0  stubs.o ABSOLUTE
    _printf_llx                              0x00000000   Number         0  stubs.o ABSOLUTE
    _printf_longlong_dec                     0x00000000   Number         0  stubs.o ABSOLUTE
    _printf_longlong_hex                     0x00000000   Number         0  stubs.o ABSOLUTE
    _printf_longlong_oct                     0x00000000   Number         0  stubs.o ABSOLUTE
    _printf_ls                               0x00000000   Number         0  stubs.o ABSOLUTE
    _printf_mbtowc                           0x00000000   Number         0  stubs.o ABSOLUTE
    _printf_n                                0x00000000   Number         0  stubs.o ABSOLUTE
    _printf_o                                0x00000000   Number         0  stubs.o ABSOLUTE
    _printf_p                                0x00000000   Number         0  stubs.o ABSOLUTE
    _printf_percent                          0x00000000   Number         0  stubs.o ABSOLUTE
    _printf_pre_padding                      0x00000000   Number         0  stubs.o ABSOLUTE
    _printf_return_value                     0x00000000   Number         0  stubs.o ABSOLUTE
    _printf_s                                0x00000000   Number         0  stubs.o ABSOLUTE
    _printf_sizespec                         0x00000000   Number         0  stubs.o ABSOLUTE
    _printf_str                              0x00000000   Number         0  stubs.o ABSOLUTE
    _printf_truncate_signed                  0x00000000   Number         0  stubs.o ABSOLUTE
    _printf_truncate_unsigned                0x00000000   Number         0  stubs.o ABSOLUTE
    _printf_u                                0x00000000   Number         0  stubs.o ABSOLUTE
    _printf_wc                               0x00000000   Number         0  stubs.o ABSOLUTE
    _printf_wctomb                           0x00000000   Number         0  stubs.o ABSOLUTE
    _printf_widthprec                        0x00000000   Number         0  stubs.o ABSOLUTE
    _printf_x                                0x00000000   Number         0  stubs.o ABSOLUTE
    __cpp_initialize__aeabi_                  - Undefined Weak Reference
    __cxa_finalize                            - Undefined Weak Reference
    __decompress                              - Undefined Weak Reference
    _clock_init                               - Undefined Weak Reference
    _microlib_exit                            - Undefined Weak Reference
    __Vectors_Size                           0x000000ec   Number         0  startup_stm32f10x_md.o ABSOLUTE
    __Vectors                                0x08000000   Data           4  startup_stm32f10x_md.o(RESET)
    __Vectors_End                            0x080000ec   Data           0  startup_stm32f10x_md.o(RESET)
    __main                                   0x080000ed   Thumb Code     0  entry.o(.ARM.Collect$$$$00000000)
    _main_stk                                0x080000ed   Thumb Code     0  entry2.o(.ARM.Collect$$$$00000001)
    _main_scatterload                        0x080000f1   Thumb Code     0  entry5.o(.ARM.Collect$$$$00000004)
    __main_after_scatterload                 0x080000f5   Thumb Code     0  entry5.o(.ARM.Collect$$$$00000004)
    _main_clock                              0x080000f5   Thumb Code     0  entry7b.o(.ARM.Collect$$$$00000008)
    _main_cpp_init                           0x080000f5   Thumb Code     0  entry8b.o(.ARM.Collect$$$$0000000A)
    _main_init                               0x080000f5   Thumb Code     0  entry9a.o(.ARM.Collect$$$$0000000B)
    __rt_final_cpp                           0x080000fd   Thumb Code     0  entry10a.o(.ARM.Collect$$$$0000000D)
    __rt_final_exit                          0x080000fd   Thumb Code     0  entry11a.o(.ARM.Collect$$$$0000000F)
    Reset_Handler                            0x08000101   Thumb Code     8  startup_stm32f10x_md.o(.text)
    NMI_Handler                              0x08000109   Thumb Code     2  startup_stm32f10x_md.o(.text)
    HardFault_Handler                        0x0800010b   Thumb Code     2  startup_stm32f10x_md.o(.text)
    MemManage_Handler                        0x0800010d   Thumb Code     2  startup_stm32f10x_md.o(.text)
    BusFault_Handler                         0x0800010f   Thumb Code     2  startup_stm32f10x_md.o(.text)
    UsageFault_Handler                       0x08000111   Thumb Code     2  startup_stm32f10x_md.o(.text)
    SVC_Handler                              0x08000113   Thumb Code     2  startup_stm32f10x_md.o(.text)
    DebugMon_Handler                         0x08000115   Thumb Code     2  startup_stm32f10x_md.o(.text)
    PendSV_Handler                           0x08000117   Thumb Code     2  startup_stm32f10x_md.o(.text)
    SysTick_Handler                          0x08000119   Thumb Code     2  startup_stm32f10x_md.o(.text)
    ADC1_2_IRQHandler                        0x0800011b   Thumb Code     0  startup_stm32f10x_md.o(.text)
    CAN1_RX1_IRQHandler                      0x0800011b   Thumb Code     0  startup_stm32f10x_md.o(.text)
    CAN1_SCE_IRQHandler                      0x0800011b   Thumb Code     0  startup_stm32f10x_md.o(.text)
    DMA1_Channel1_IRQHandler                 0x0800011b   Thumb Code     0  startup_stm32f10x_md.o(.text)
    DMA1_Channel2_IRQHandler                 0x0800011b   Thumb Code     0  startup_stm32f10x_md.o(.text)
    DMA1_Channel3_IRQHandler                 0x0800011b   Thumb Code     0  startup_stm32f10x_md.o(.text)
    DMA1_Channel4_IRQHandler                 0x0800011b   Thumb Code     0  startup_stm32f10x_md.o(.text)
    DMA1_Channel5_IRQHandler                 0x0800011b   Thumb Code     0  startup_stm32f10x_md.o(.text)
    DMA1_Channel6_IRQHandler                 0x0800011b   Thumb Code     0  startup_stm32f10x_md.o(.text)
    DMA1_Channel7_IRQHandler                 0x0800011b   Thumb Code     0  startup_stm32f10x_md.o(.text)
    EXTI0_IRQHandler                         0x0800011b   Thumb Code     0  startup_stm32f10x_md.o(.text)
    EXTI15_10_IRQHandler                     0x0800011b   Thumb Code     0  startup_stm32f10x_md.o(.text)
    EXTI1_IRQHandler                         0x0800011b   Thumb Code     0  startup_stm32f10x_md.o(.text)
    EXTI2_IRQHandler                         0x0800011b   Thumb Code     0  startup_stm32f10x_md.o(.text)
    EXTI3_IRQHandler                         0x0800011b   Thumb Code     0  startup_stm32f10x_md.o(.text)
    EXTI4_IRQHandler                         0x0800011b   Thumb Code     0  startup_stm32f10x_md.o(.text)
    EXTI9_5_IRQHandler                       0x0800011b   Thumb Code     0  startup_stm32f10x_md.o(.text)
    FLASH_IRQHandler                         0x0800011b   Thumb Code     0  startup_stm32f10x_md.o(.text)
    I2C1_ER_IRQHandler                       0x0800011b   Thumb Code     0  startup_stm32f10x_md.o(.text)
    I2C1_EV_IRQHandler                       0x0800011b   Thumb Code     0  startup_stm32f10x_md.o(.text)
    I2C2_ER_IRQHandler                       0x0800011b   Thumb Code     0  startup_stm32f10x_md.o(.text)
    I2C2_EV_IRQHandler                       0x0800011b   Thumb Code     0  startup_stm32f10x_md.o(.text)
    PVD_IRQHandler                           0x0800011b   Thumb Code     0  startup_stm32f10x_md.o(.text)
    RCC_IRQHandler                           0x0800011b   Thumb Code     0  startup_stm32f10x_md.o(.text)
    RTCAlarm_IRQHandler                      0x0800011b   Thumb Code     0  startup_stm32f10x_md.o(.text)
    RTC_IRQHandler                           0x0800011b   Thumb Code     0  startup_stm32f10x_md.o(.text)
    SPI1_IRQHandler                          0x0800011b   Thumb Code     0  startup_stm32f10x_md.o(.text)
    SPI2_IRQHandler                          0x0800011b   Thumb Code     0  startup_stm32f10x_md.o(.text)
    TAMPER_IRQHandler                        0x0800011b   Thumb Code     0  startup_stm32f10x_md.o(.text)
    TIM1_BRK_IRQHandler                      0x0800011b   Thumb Code     0  startup_stm32f10x_md.o(.text)
    TIM1_CC_IRQHandler                       0x0800011b   Thumb Code     0  startup_stm32f10x_md.o(.text)
    TIM1_TRG_COM_IRQHandler                  0x0800011b   Thumb Code     0  startup_stm32f10x_md.o(.text)
    TIM1_UP_IRQHandler                       0x0800011b   Thumb Code     0  startup_stm32f10x_md.o(.text)
    TIM3_IRQHandler                          0x0800011b   Thumb Code     0  startup_stm32f10x_md.o(.text)
    TIM4_IRQHandler                          0x0800011b   Thumb Code     0  startup_stm32f10x_md.o(.text)
    USART1_IRQHandler                        0x0800011b   Thumb Code     0  startup_stm32f10x_md.o(.text)
    USART3_IRQHandler                        0x0800011b   Thumb Code     0  startup_stm32f10x_md.o(.text)
    USBWakeUp_IRQHandler                     0x0800011b   Thumb Code     0  startup_stm32f10x_md.o(.text)
    USB_HP_CAN1_TX_IRQHandler                0x0800011b   Thumb Code     0  startup_stm32f10x_md.o(.text)
    USB_LP_CAN1_RX0_IRQHandler               0x0800011b   Thumb Code     0  startup_stm32f10x_md.o(.text)
    WWDG_IRQHandler                          0x0800011b   Thumb Code     0  startup_stm32f10x_md.o(.text)
    strcmp                                   0x08000125   Thumb Code    28  strcmp.o(.text)
    __aeabi_fadd                             0x08000141   Thumb Code   164  fadd.o(.text)
    __aeabi_fsub                             0x080001e5   Thumb Code     6  fadd.o(.text)
    __aeabi_frsub                            0x080001eb   Thumb Code     6  fadd.o(.text)
    __aeabi_fmul                             0x080001f1   Thumb Code   100  fmul.o(.text)
    __aeabi_fdiv                             0x08000255   Thumb Code   124  fdiv.o(.text)
    __aeabi_dadd                             0x080002d1   Thumb Code   322  dadd.o(.text)
    __aeabi_dsub                             0x08000413   Thumb Code     6  dadd.o(.text)
    __aeabi_drsub                            0x08000419   Thumb Code     6  dadd.o(.text)
    __aeabi_dmul                             0x0800041f   Thumb Code   228  dmul.o(.text)
    __aeabi_i2f                              0x08000503   Thumb Code    18  fflti.o(.text)
    __aeabi_f2iz                             0x08000515   Thumb Code    50  ffixi.o(.text)
    __aeabi_f2d                              0x08000547   Thumb Code    38  f2d.o(.text)
    __aeabi_d2f                              0x0800056d   Thumb Code    56  d2f.o(.text)
    __aeabi_llsl                             0x080005a5   Thumb Code    30  llshl.o(.text)
    _ll_shift_l                              0x080005a5   Thumb Code     0  llshl.o(.text)
    __aeabi_lasr                             0x080005c3   Thumb Code    36  llsshr.o(.text)
    _ll_sshift_r                             0x080005c3   Thumb Code     0  llsshr.o(.text)
    __I$use$fp                               0x080005e7   Thumb Code     0  iusefp.o(.text)
    _float_round                             0x080005e7   Thumb Code    18  fepilogue.o(.text)
    _float_epilogue                          0x080005f9   Thumb Code    92  fepilogue.o(.text)
    _double_round                            0x08000655   Thumb Code    30  depilogue.o(.text)
    _double_epilogue                         0x08000673   Thumb Code   156  depilogue.o(.text)
    __aeabi_ddiv                             0x0800070f   Thumb Code   222  ddiv.o(.text)
    __ARM_scalbn                             0x080007ed   Thumb Code    46  dscalb.o(.text)
    scalbn                                   0x080007ed   Thumb Code     0  dscalb.o(.text)
    __scatterload                            0x0800081d   Thumb Code    28  init.o(.text)
    __scatterload_rt2                        0x0800081d   Thumb Code     0  init.o(.text)
    __aeabi_llsr                             0x08000841   Thumb Code    32  llushr.o(.text)
    _ll_ushift_r                             0x08000841   Thumb Code     0  llushr.o(.text)
    _dsqrt                                   0x08000861   Thumb Code   162  dsqrt.o(.text)
    EncoderInit                              0x08000903   Thumb Code    12  encoderinterface.o(i.EncoderInit)
    EncoderLeft                              0x08000911   Thumb Code   146  encoderinterface.o(i.EncoderLeft)
    EncoderRight                             0x080009ad   Thumb Code   146  encoderinterface.o(i.EncoderRight)
    GPIO_Init                                0x08000a49   Thumb Code   278  stm32f10x_gpio.o(i.GPIO_Init)
    GPIO_ResetBits                           0x08000b5f   Thumb Code     4  stm32f10x_gpio.o(i.GPIO_ResetBits)
    GPIO_SetBits                             0x08000b63   Thumb Code     4  stm32f10x_gpio.o(i.GPIO_SetBits)
    GPIO_WriteBit                            0x08000b67   Thumb Code    10  stm32f10x_gpio.o(i.GPIO_WriteBit)
    I2C_AcknowledgeConfig                    0x08000b71   Thumb Code    24  stm32f10x_i2c.o(i.I2C_AcknowledgeConfig)
    I2C_CheckEvent                           0x08000b89   Thumb Code    42  stm32f10x_i2c.o(i.I2C_CheckEvent)
    I2C_Cmd                                  0x08000bb3   Thumb Code    24  stm32f10x_i2c.o(i.I2C_Cmd)
    I2C_GenerateSTART                        0x08000bcb   Thumb Code    24  stm32f10x_i2c.o(i.I2C_GenerateSTART)
    I2C_GenerateSTOP                         0x08000be3   Thumb Code    24  stm32f10x_i2c.o(i.I2C_GenerateSTOP)
    I2C_Init                                 0x08000bfd   Thumb Code   222  stm32f10x_i2c.o(i.I2C_Init)
    I2C_ModelInit                            0x08000ce9   Thumb Code   114  mpu6050.o(i.I2C_ModelInit)
    I2C_ReceiveData                          0x08000d69   Thumb Code     8  stm32f10x_i2c.o(i.I2C_ReceiveData)
    I2C_Send7bitAddress                      0x08000d71   Thumb Code    18  stm32f10x_i2c.o(i.I2C_Send7bitAddress)
    I2C_SendData                             0x08000d83   Thumb Code     4  stm32f10x_i2c.o(i.I2C_SendData)
    I2C_StructInit                           0x08000d87   Thumb Code    30  stm32f10x_i2c.o(i.I2C_StructInit)
    IMU_AHRSupdate                           0x08000da5   Thumb Code   888  imu.o(i.IMU_AHRSupdate)
    IMU_GetValues                            0x08001139   Thumb Code   242  imu.o(i.IMU_GetValues)
    IMU_getEuleranAngles                     0x08001255   Thumb Code   360  imu.o(i.IMU_getEuleranAngles)
    Left_Backward                            0x080013d9   Thumb Code    20  motor.o(i.Left_Backward)
    Left_Forward                             0x080013f1   Thumb Code    20  motor.o(i.Left_Forward)
    Left_SetSpeed                            0x08001409   Thumb Code    50  motor.o(i.Left_SetSpeed)
    Left_Stop                                0x08001441   Thumb Code    20  motor.o(i.Left_Stop)
    MPU6050_Init                             0x08001459   Thumb Code    56  mpu6050.o(i.MPU6050_Init)
    MPU6050_Read                             0x08001491   Thumb Code   174  mpu6050.o(i.MPU6050_Read)
    MPU6050_Write                            0x0800154d   Thumb Code   110  mpu6050.o(i.MPU6050_Write)
    Motor_Init                               0x080015c9   Thumb Code    42  motor.o(i.Motor_Init)
    NVIC_Init                                0x080015f9   Thumb Code   100  misc.o(i.NVIC_Init)
    NVIC_PriorityGroupConfig                 0x08001669   Thumb Code    10  misc.o(i.NVIC_PriorityGroupConfig)
    OLED_Clear                               0x0800167d   Thumb Code    42  oled.o(i.OLED_Clear)
    OLED_I2C_Init                            0x080016a9   Thumb Code    76  oled.o(i.OLED_I2C_Init)
    OLED_I2C_SendByte                        0x080016f9   Thumb Code    80  oled.o(i.OLED_I2C_SendByte)
    OLED_I2C_Start                           0x0800174d   Thumb Code    48  oled.o(i.OLED_I2C_Start)
    OLED_I2C_Stop                            0x08001781   Thumb Code    36  oled.o(i.OLED_I2C_Stop)
    OLED_Init                                0x080017a9   Thumb Code   174  oled.o(i.OLED_Init)
    OLED_Pow                                 0x08001857   Thumb Code    20  oled.o(i.OLED_Pow)
    OLED_SetCursor                           0x0800186b   Thumb Code    34  oled.o(i.OLED_SetCursor)
    OLED_ShowChar                            0x0800188d   Thumb Code   110  oled.o(i.OLED_ShowChar)
    OLED_ShowSignedNum                       0x08001901   Thumb Code   102  oled.o(i.OLED_ShowSignedNum)
    OLED_ShowString                          0x08001967   Thumb Code    40  oled.o(i.OLED_ShowString)
    OLED_WriteCommand                        0x0800198f   Thumb Code    32  oled.o(i.OLED_WriteCommand)
    OLED_WriteData                           0x080019af   Thumb Code    32  oled.o(i.OLED_WriteData)
    PID_Banlance                             0x080019d1   Thumb Code    66  pid.o(i.PID_Banlance)
    PWM_Init                                 0x08001a1d   Thumb Code   154  pwm.o(i.PWM_Init)
    RCC_APB1PeriphClockCmd                   0x08001ac1   Thumb Code    26  stm32f10x_rcc.o(i.RCC_APB1PeriphClockCmd)
    RCC_APB2PeriphClockCmd                   0x08001ae1   Thumb Code    26  stm32f10x_rcc.o(i.RCC_APB2PeriphClockCmd)
    RCC_GetClocksFreq                        0x08001b01   Thumb Code   192  stm32f10x_rcc.o(i.RCC_GetClocksFreq)
    Right_Backward                           0x08001bd5   Thumb Code    20  motor.o(i.Right_Backward)
    Right_Forward                            0x08001bed   Thumb Code    20  motor.o(i.Right_Forward)
    Right_SetSpeed                           0x08001c05   Thumb Code    50  motor.o(i.Right_SetSpeed)
    Right_Stop                               0x08001c3d   Thumb Code    20  motor.o(i.Right_Stop)
    Serial_Byte                              0x08001c55   Thumb Code    28  serial.o(i.Serial_Byte)
    SystemInit                               0x08001d5d   Thumb Code    78  system_stm32f10x.o(i.SystemInit)
    TIM2_IRQHandler                          0x08001ffd   Thumb Code    64  main.o(i.TIM2_IRQHandler)
    TIM_ClearITPendingBit                    0x0800204d   Thumb Code     6  stm32f10x_tim.o(i.TIM_ClearITPendingBit)
    TIM_Cmd                                  0x08002053   Thumb Code    24  stm32f10x_tim.o(i.TIM_Cmd)
    TIM_CtrlPWMOutputs                       0x0800206b   Thumb Code    30  stm32f10x_tim.o(i.TIM_CtrlPWMOutputs)
    TIM_EncoderInterfaceConfig               0x08002089   Thumb Code    66  stm32f10x_tim.o(i.TIM_EncoderInterfaceConfig)
    TIM_GetCounter                           0x080020cb   Thumb Code     6  stm32f10x_tim.o(i.TIM_GetCounter)
    TIM_GetITStatus                          0x080020d1   Thumb Code    34  stm32f10x_tim.o(i.TIM_GetITStatus)
    TIM_ICInit                               0x080020f5   Thumb Code   150  stm32f10x_tim.o(i.TIM_ICInit)
    TIM_ICStructInit                         0x080021a1   Thumb Code    18  stm32f10x_tim.o(i.TIM_ICStructInit)
    TIM_ITConfig                             0x080021b3   Thumb Code    18  stm32f10x_tim.o(i.TIM_ITConfig)
    TIM_InternalClockConfig                  0x080021c5   Thumb Code    12  stm32f10x_tim.o(i.TIM_InternalClockConfig)
    TIM_OC1Init                              0x080021d1   Thumb Code   132  stm32f10x_tim.o(i.TIM_OC1Init)
    TIM_OC2Init                              0x08002269   Thumb Code   154  stm32f10x_tim.o(i.TIM_OC2Init)
    TIM_OCStructInit                         0x0800230d   Thumb Code    20  stm32f10x_tim.o(i.TIM_OCStructInit)
    TIM_SetCompare1                          0x08002321   Thumb Code     4  stm32f10x_tim.o(i.TIM_SetCompare1)
    TIM_SetCompare2                          0x08002325   Thumb Code     4  stm32f10x_tim.o(i.TIM_SetCompare2)
    TIM_SetCounter                           0x08002329   Thumb Code     4  stm32f10x_tim.o(i.TIM_SetCounter)
    TIM_SetIC1Prescaler                      0x0800232d   Thumb Code    18  stm32f10x_tim.o(i.TIM_SetIC1Prescaler)
    TIM_SetIC2Prescaler                      0x0800233f   Thumb Code    26  stm32f10x_tim.o(i.TIM_SetIC2Prescaler)
    TIM_SetIC3Prescaler                      0x08002359   Thumb Code    18  stm32f10x_tim.o(i.TIM_SetIC3Prescaler)
    TIM_SetIC4Prescaler                      0x0800236b   Thumb Code    26  stm32f10x_tim.o(i.TIM_SetIC4Prescaler)
    TIM_TimeBaseInit                         0x08002385   Thumb Code   122  stm32f10x_tim.o(i.TIM_TimeBaseInit)
    Timer2_Init                              0x08002429   Thumb Code   116  timer.o(i.Timer2_Init)
    USART2_IRQHandler                        0x0800249d   Thumb Code    94  serial.o(i.USART2_IRQHandler)
    USART_ClearITPendingBit                  0x08002509   Thumb Code    30  stm32f10x_usart.o(i.USART_ClearITPendingBit)
    USART_GetFlagStatus                      0x08002527   Thumb Code    26  stm32f10x_usart.o(i.USART_GetFlagStatus)
    USART_GetITStatus                        0x08002541   Thumb Code    84  stm32f10x_usart.o(i.USART_GetITStatus)
    USART_ReceiveData                        0x08002595   Thumb Code    10  stm32f10x_usart.o(i.USART_ReceiveData)
    USART_SendData                           0x0800259f   Thumb Code     8  stm32f10x_usart.o(i.USART_SendData)
    __0printf$2                              0x080025a9   Thumb Code    22  printf2.o(i.__0printf$2)
    __1printf$2                              0x080025a9   Thumb Code     0  printf2.o(i.__0printf$2)
    __2printf                                0x080025a9   Thumb Code     0  printf2.o(i.__0printf$2)
    __ARM_fpclassify                         0x080025c9   Thumb Code    40  fpclassify.o(i.__ARM_fpclassify)
    __kernel_poly                            0x080025f1   Thumb Code   170  poly.o(i.__kernel_poly)
    __mathlib_dbl_infnan                     0x0800269b   Thumb Code     6  dunder.o(i.__mathlib_dbl_infnan)
    __mathlib_dbl_infnan2                    0x080026a1   Thumb Code     4  dunder.o(i.__mathlib_dbl_infnan2)
    __mathlib_dbl_invalid                    0x080026a5   Thumb Code    12  dunder.o(i.__mathlib_dbl_invalid)
    __mathlib_dbl_underflow                  0x080026b1   Thumb Code    10  dunder.o(i.__mathlib_dbl_underflow)
    __scatterload_copy                       0x080026c1   Thumb Code    14  handlers.o(i.__scatterload_copy)
    __scatterload_null                       0x080026cf   Thumb Code     2  handlers.o(i.__scatterload_null)
    __scatterload_zeroinit                   0x080026d1   Thumb Code    14  handlers.o(i.__scatterload_zeroinit)
    __set_errno                              0x080026e1   Thumb Code     6  errno.o(i.__set_errno)
    asin                                     0x080027c5   Thumb Code   572  asin.o(i.asin)
    atan                                     0x08002a35   Thumb Code   474  atan.o(i.atan)
    atan2                                    0x08002c55   Thumb Code   346  atan2.o(i.atan2)
    dealTask                                 0x08002dd5   Thumb Code    72  serial.o(i.dealTask)
    fast_sqrt                                0x08002e75   Thumb Code    72  imu.o(i.fast_sqrt)
    fputc                                    0x08002ec1   Thumb Code    16  serial.o(i.fputc)
    getMpu6050Data                           0x08002ed1   Thumb Code   138  mpu6050.o(i.getMpu6050Data)
    main                                     0x08002f5d   Thumb Code   176  main.o(i.main)
    sqrt                                     0x0800303d   Thumb Code    76  sqrt.o(i.sqrt)
    OLED_F8x16                               0x08003088   Data        1520  oled.o(.constdata)
    __mathlib_zero                           0x08003760   Data           8  qnan.o(.constdata)
    Region$$Table$$Base                      0x08003768   Number         0  anon$$obj.o(Region$$Table)
    Region$$Table$$Limit                     0x08003788   Number         0  anon$$obj.o(Region$$Table)
    encoder_Left_Speed                       0x20000000   Data           2  main.o(.data)
    encoder_Right_speed                      0x20000002   Data           2  main.o(.data)
    Ax                                       0x20000008   Data           2  imu.o(.data)
    Ay                                       0x2000000a   Data           2  imu.o(.data)
    Az                                       0x2000000c   Data           2  imu.o(.data)
    Gx                                       0x2000000e   Data           2  imu.o(.data)
    Gy                                       0x20000010   Data           2  imu.o(.data)
    Gz                                       0x20000012   Data           2  imu.o(.data)
    q                                        0x20000014   Data          16  imu.o(.data)
    exInt                                    0x20000024   Data           4  imu.o(.data)
    eyInt                                    0x20000028   Data           4  imu.o(.data)
    ezInt                                    0x2000002c   Data           4  imu.o(.data)
    Banlance_KP                              0x20000030   Data           2  pid.o(.data)
    Banlance_KD                              0x20000034   Data           4  pid.o(.data)
    __stdout                                 0x2000004c   Data           4  stdout.o(.data)
    message                                  0x20000054   Data         100  serial.o(.bss)
    imu_data                                 0x200000b8   Data          24  imu.o(.bss)
    imu_Angle                                0x200000d0   Data          12  imu.o(.bss)
    mpu6050                                  0x200000dc   Data          12  imu.o(.bss)
    __initial_sp                             0x200004e8   Data           0  startup_stm32f10x_md.o(STACK)



==============================================================================

Memory Map of the image

  Image Entry point : 0x080000ed

  Load Region LR_IROM1 (Base: 0x08000000, Size: 0x000037dc, Max: 0x00010000, ABSOLUTE)

    Execution Region ER_IROM1 (Exec base: 0x08000000, Load base: 0x08000000, Size: 0x00003788, Max: 0x00010000, ABSOLUTE)

    Exec Addr    Load Addr    Size         Type   Attr      Idx    E Section Name        Object

    0x08000000   0x08000000   0x000000ec   Data   RO         3947    RESET               startup_stm32f10x_md.o
    0x080000ec   0x080000ec   0x00000000   Code   RO         4016  * .ARM.Collect$$$$00000000  mc_w.l(entry.o)
    0x080000ec   0x080000ec   0x00000004   Code   RO         4337    .ARM.Collect$$$$00000001  mc_w.l(entry2.o)
    0x080000f0   0x080000f0   0x00000004   Code   RO         4340    .ARM.Collect$$$$00000004  mc_w.l(entry5.o)
    0x080000f4   0x080000f4   0x00000000   Code   RO         4342    .ARM.Collect$$$$00000008  mc_w.l(entry7b.o)
    0x080000f4   0x080000f4   0x00000000   Code   RO         4344    .ARM.Collect$$$$0000000A  mc_w.l(entry8b.o)
    0x080000f4   0x080000f4   0x00000008   Code   RO         4345    .ARM.Collect$$$$0000000B  mc_w.l(entry9a.o)
    0x080000fc   0x080000fc   0x00000000   Code   RO         4347    .ARM.Collect$$$$0000000D  mc_w.l(entry10a.o)
    0x080000fc   0x080000fc   0x00000000   Code   RO         4349    .ARM.Collect$$$$0000000F  mc_w.l(entry11a.o)
    0x080000fc   0x080000fc   0x00000004   Code   RO         4338    .ARM.Collect$$$$00002712  mc_w.l(entry2.o)
    0x08000100   0x08000100   0x00000024   Code   RO         3948    .text               startup_stm32f10x_md.o
    0x08000124   0x08000124   0x0000001c   Code   RO         4019    .text               mc_w.l(strcmp.o)
    0x08000140   0x08000140   0x000000b0   Code   RO         4282    .text               mf_w.l(fadd.o)
    0x080001f0   0x080001f0   0x00000064   Code   RO         4284    .text               mf_w.l(fmul.o)
    0x08000254   0x08000254   0x0000007c   Code   RO         4286    .text               mf_w.l(fdiv.o)
    0x080002d0   0x080002d0   0x0000014e   Code   RO         4288    .text               mf_w.l(dadd.o)
    0x0800041e   0x0800041e   0x000000e4   Code   RO         4290    .text               mf_w.l(dmul.o)
    0x08000502   0x08000502   0x00000012   Code   RO         4292    .text               mf_w.l(fflti.o)
    0x08000514   0x08000514   0x00000032   Code   RO         4294    .text               mf_w.l(ffixi.o)
    0x08000546   0x08000546   0x00000026   Code   RO         4296    .text               mf_w.l(f2d.o)
    0x0800056c   0x0800056c   0x00000038   Code   RO         4298    .text               mf_w.l(d2f.o)
    0x080005a4   0x080005a4   0x0000001e   Code   RO         4356    .text               mc_w.l(llshl.o)
    0x080005c2   0x080005c2   0x00000024   Code   RO         4358    .text               mc_w.l(llsshr.o)
    0x080005e6   0x080005e6   0x00000000   Code   RO         4367    .text               mc_w.l(iusefp.o)
    0x080005e6   0x080005e6   0x0000006e   Code   RO         4368    .text               mf_w.l(fepilogue.o)
    0x08000654   0x08000654   0x000000ba   Code   RO         4370    .text               mf_w.l(depilogue.o)
    0x0800070e   0x0800070e   0x000000de   Code   RO         4372    .text               mf_w.l(ddiv.o)
    0x080007ec   0x080007ec   0x0000002e   Code   RO         4374    .text               mf_w.l(dscalb.o)
    0x0800081a   0x0800081a   0x00000002   PAD
    0x0800081c   0x0800081c   0x00000024   Code   RO         4380    .text               mc_w.l(init.o)
    0x08000840   0x08000840   0x00000020   Code   RO         4382    .text               mc_w.l(llushr.o)
    0x08000860   0x08000860   0x000000a2   Code   RO         4384    .text               mf_w.l(dsqrt.o)
    0x08000902   0x08000902   0x0000000c   Code   RO          484    i.EncoderInit       encoderinterface.o
    0x0800090e   0x0800090e   0x00000002   PAD
    0x08000910   0x08000910   0x0000009c   Code   RO          485    i.EncoderLeft       encoderinterface.o
    0x080009ac   0x080009ac   0x0000009c   Code   RO          486    i.EncoderRight      encoderinterface.o
    0x08000a48   0x08000a48   0x00000116   Code   RO         2000    i.GPIO_Init         stm32f10x_gpio.o
    0x08000b5e   0x08000b5e   0x00000004   Code   RO         2007    i.GPIO_ResetBits    stm32f10x_gpio.o
    0x08000b62   0x08000b62   0x00000004   Code   RO         2008    i.GPIO_SetBits      stm32f10x_gpio.o
    0x08000b66   0x08000b66   0x0000000a   Code   RO         2011    i.GPIO_WriteBit     stm32f10x_gpio.o
    0x08000b70   0x08000b70   0x00000018   Code   RO         2121    i.I2C_AcknowledgeConfig  stm32f10x_i2c.o
    0x08000b88   0x08000b88   0x0000002a   Code   RO         2123    i.I2C_CheckEvent    stm32f10x_i2c.o
    0x08000bb2   0x08000bb2   0x00000018   Code   RO         2126    i.I2C_Cmd           stm32f10x_i2c.o
    0x08000bca   0x08000bca   0x00000018   Code   RO         2133    i.I2C_GenerateSTART  stm32f10x_i2c.o
    0x08000be2   0x08000be2   0x00000018   Code   RO         2134    i.I2C_GenerateSTOP  stm32f10x_i2c.o
    0x08000bfa   0x08000bfa   0x00000002   PAD
    0x08000bfc   0x08000bfc   0x000000ec   Code   RO         2140    i.I2C_Init          stm32f10x_i2c.o
    0x08000ce8   0x08000ce8   0x00000080   Code   RO          323    i.I2C_ModelInit     mpu6050.o
    0x08000d68   0x08000d68   0x00000008   Code   RO         2145    i.I2C_ReceiveData   stm32f10x_i2c.o
    0x08000d70   0x08000d70   0x00000012   Code   RO         2147    i.I2C_Send7bitAddress  stm32f10x_i2c.o
    0x08000d82   0x08000d82   0x00000004   Code   RO         2148    i.I2C_SendData      stm32f10x_i2c.o
    0x08000d86   0x08000d86   0x0000001e   Code   RO         2151    i.I2C_StructInit    stm32f10x_i2c.o
    0x08000da4   0x08000da4   0x00000394   Code   RO          551    i.IMU_AHRSupdate    imu.o
    0x08001138   0x08001138   0x0000011c   Code   RO          552    i.IMU_GetValues     imu.o
    0x08001254   0x08001254   0x00000184   Code   RO          553    i.IMU_getEuleranAngles  imu.o
    0x080013d8   0x080013d8   0x00000018   Code   RO          603    i.Left_Backward     motor.o
    0x080013f0   0x080013f0   0x00000018   Code   RO          604    i.Left_Forward      motor.o
    0x08001408   0x08001408   0x00000038   Code   RO          605    i.Left_SetSpeed     motor.o
    0x08001440   0x08001440   0x00000018   Code   RO          606    i.Left_Stop         motor.o
    0x08001458   0x08001458   0x00000038   Code   RO          324    i.MPU6050_Init      mpu6050.o
    0x08001490   0x08001490   0x000000bc   Code   RO          325    i.MPU6050_Read      mpu6050.o
    0x0800154c   0x0800154c   0x0000007c   Code   RO          326    i.MPU6050_Write     mpu6050.o
    0x080015c8   0x080015c8   0x00000030   Code   RO          607    i.Motor_Init        motor.o
    0x080015f8   0x080015f8   0x00000070   Code   RO          705    i.NVIC_Init         misc.o
    0x08001668   0x08001668   0x00000014   Code   RO          706    i.NVIC_PriorityGroupConfig  misc.o
    0x0800167c   0x0800167c   0x0000002a   Code   RO          203    i.OLED_Clear        oled.o
    0x080016a6   0x080016a6   0x00000002   PAD
    0x080016a8   0x080016a8   0x00000050   Code   RO          204    i.OLED_I2C_Init     oled.o
    0x080016f8   0x080016f8   0x00000054   Code   RO          205    i.OLED_I2C_SendByte  oled.o
    0x0800174c   0x0800174c   0x00000034   Code   RO          206    i.OLED_I2C_Start    oled.o
    0x08001780   0x08001780   0x00000028   Code   RO          207    i.OLED_I2C_Stop     oled.o
    0x080017a8   0x080017a8   0x000000ae   Code   RO          208    i.OLED_Init         oled.o
    0x08001856   0x08001856   0x00000014   Code   RO          209    i.OLED_Pow          oled.o
    0x0800186a   0x0800186a   0x00000022   Code   RO          210    i.OLED_SetCursor    oled.o
    0x0800188c   0x0800188c   0x00000074   Code   RO          212    i.OLED_ShowChar     oled.o
    0x08001900   0x08001900   0x00000066   Code   RO          215    i.OLED_ShowSignedNum  oled.o
    0x08001966   0x08001966   0x00000028   Code   RO          216    i.OLED_ShowString   oled.o
    0x0800198e   0x0800198e   0x00000020   Code   RO          217    i.OLED_WriteCommand  oled.o
    0x080019ae   0x080019ae   0x00000020   Code   RO          218    i.OLED_WriteData    oled.o
    0x080019ce   0x080019ce   0x00000002   PAD
    0x080019d0   0x080019d0   0x0000004c   Code   RO          675    i.PID_Banlance      pid.o
    0x08001a1c   0x08001a1c   0x000000a4   Code   RO          457    i.PWM_Init          pwm.o
    0x08001ac0   0x08001ac0   0x00000020   Code   RO         2464    i.RCC_APB1PeriphClockCmd  stm32f10x_rcc.o
    0x08001ae0   0x08001ae0   0x00000020   Code   RO         2466    i.RCC_APB2PeriphClockCmd  stm32f10x_rcc.o
    0x08001b00   0x08001b00   0x000000d4   Code   RO         2474    i.RCC_GetClocksFreq  stm32f10x_rcc.o
    0x08001bd4   0x08001bd4   0x00000018   Code   RO          608    i.Right_Backward    motor.o
    0x08001bec   0x08001bec   0x00000018   Code   RO          609    i.Right_Forward     motor.o
    0x08001c04   0x08001c04   0x00000038   Code   RO          610    i.Right_SetSpeed    motor.o
    0x08001c3c   0x08001c3c   0x00000018   Code   RO          611    i.Right_Stop        motor.o
    0x08001c54   0x08001c54   0x00000020   Code   RO          375    i.Serial_Byte       serial.o
    0x08001c74   0x08001c74   0x00000008   Code   RO         3955    i.SetSysClock       system_stm32f10x.o
    0x08001c7c   0x08001c7c   0x000000e0   Code   RO         3956    i.SetSysClockTo72   system_stm32f10x.o
    0x08001d5c   0x08001d5c   0x00000060   Code   RO         3958    i.SystemInit        system_stm32f10x.o
    0x08001dbc   0x08001dbc   0x00000080   Code   RO         3130    i.TI1_Config        stm32f10x_tim.o
    0x08001e3c   0x08001e3c   0x00000098   Code   RO         3131    i.TI2_Config        stm32f10x_tim.o
    0x08001ed4   0x08001ed4   0x00000090   Code   RO         3132    i.TI3_Config        stm32f10x_tim.o
    0x08001f64   0x08001f64   0x00000098   Code   RO         3133    i.TI4_Config        stm32f10x_tim.o
    0x08001ffc   0x08001ffc   0x00000050   Code   RO            4    i.TIM2_IRQHandler   main.o
    0x0800204c   0x0800204c   0x00000006   Code   RO         3141    i.TIM_ClearITPendingBit  stm32f10x_tim.o
    0x08002052   0x08002052   0x00000018   Code   RO         3146    i.TIM_Cmd           stm32f10x_tim.o
    0x0800206a   0x0800206a   0x0000001e   Code   RO         3148    i.TIM_CtrlPWMOutputs  stm32f10x_tim.o
    0x08002088   0x08002088   0x00000042   Code   RO         3155    i.TIM_EncoderInterfaceConfig  stm32f10x_tim.o
    0x080020ca   0x080020ca   0x00000006   Code   RO         3165    i.TIM_GetCounter    stm32f10x_tim.o
    0x080020d0   0x080020d0   0x00000022   Code   RO         3167    i.TIM_GetITStatus   stm32f10x_tim.o
    0x080020f2   0x080020f2   0x00000002   PAD
    0x080020f4   0x080020f4   0x000000ac   Code   RO         3169    i.TIM_ICInit        stm32f10x_tim.o
    0x080021a0   0x080021a0   0x00000012   Code   RO         3170    i.TIM_ICStructInit  stm32f10x_tim.o
    0x080021b2   0x080021b2   0x00000012   Code   RO         3171    i.TIM_ITConfig      stm32f10x_tim.o
    0x080021c4   0x080021c4   0x0000000c   Code   RO         3173    i.TIM_InternalClockConfig  stm32f10x_tim.o
    0x080021d0   0x080021d0   0x00000098   Code   RO         3175    i.TIM_OC1Init       stm32f10x_tim.o
    0x08002268   0x08002268   0x000000a4   Code   RO         3180    i.TIM_OC2Init       stm32f10x_tim.o
    0x0800230c   0x0800230c   0x00000014   Code   RO         3193    i.TIM_OCStructInit  stm32f10x_tim.o
    0x08002320   0x08002320   0x00000004   Code   RO         3207    i.TIM_SetCompare1   stm32f10x_tim.o
    0x08002324   0x08002324   0x00000004   Code   RO         3208    i.TIM_SetCompare2   stm32f10x_tim.o
    0x08002328   0x08002328   0x00000004   Code   RO         3211    i.TIM_SetCounter    stm32f10x_tim.o
    0x0800232c   0x0800232c   0x00000012   Code   RO         3212    i.TIM_SetIC1Prescaler  stm32f10x_tim.o
    0x0800233e   0x0800233e   0x0000001a   Code   RO         3213    i.TIM_SetIC2Prescaler  stm32f10x_tim.o
    0x08002358   0x08002358   0x00000012   Code   RO         3214    i.TIM_SetIC3Prescaler  stm32f10x_tim.o
    0x0800236a   0x0800236a   0x0000001a   Code   RO         3215    i.TIM_SetIC4Prescaler  stm32f10x_tim.o
    0x08002384   0x08002384   0x000000a4   Code   RO         3217    i.TIM_TimeBaseInit  stm32f10x_tim.o
    0x08002428   0x08002428   0x00000074   Code   RO          523    i.Timer2_Init       timer.o
    0x0800249c   0x0800249c   0x0000006c   Code   RO          379    i.USART2_IRQHandler  serial.o
    0x08002508   0x08002508   0x0000001e   Code   RO         3691    i.USART_ClearITPendingBit  stm32f10x_usart.o
    0x08002526   0x08002526   0x0000001a   Code   RO         3697    i.USART_GetFlagStatus  stm32f10x_usart.o
    0x08002540   0x08002540   0x00000054   Code   RO         3698    i.USART_GetITStatus  stm32f10x_usart.o
    0x08002594   0x08002594   0x0000000a   Code   RO         3708    i.USART_ReceiveData  stm32f10x_usart.o
    0x0800259e   0x0800259e   0x00000008   Code   RO         3711    i.USART_SendData    stm32f10x_usart.o
    0x080025a6   0x080025a6   0x00000002   PAD
    0x080025a8   0x080025a8   0x00000020   Code   RO         4088    i.__0printf$2       mc_w.l(printf2.o)
    0x080025c8   0x080025c8   0x00000028   Code   RO         4324    i.__ARM_fpclassify  m_ws.l(fpclassify.o)
    0x080025f0   0x080025f0   0x000000aa   Code   RO         4326    i.__kernel_poly     m_ws.l(poly.o)
    0x0800269a   0x0800269a   0x00000006   Code   RO         4311    i.__mathlib_dbl_infnan  m_ws.l(dunder.o)
    0x080026a0   0x080026a0   0x00000004   Code   RO         4312    i.__mathlib_dbl_infnan2  m_ws.l(dunder.o)
    0x080026a4   0x080026a4   0x0000000c   Code   RO         4313    i.__mathlib_dbl_invalid  m_ws.l(dunder.o)
    0x080026b0   0x080026b0   0x00000010   Code   RO         4316    i.__mathlib_dbl_underflow  m_ws.l(dunder.o)
    0x080026c0   0x080026c0   0x0000000e   Code   RO         4390    i.__scatterload_copy  mc_w.l(handlers.o)
    0x080026ce   0x080026ce   0x00000002   Code   RO         4391    i.__scatterload_null  mc_w.l(handlers.o)
    0x080026d0   0x080026d0   0x0000000e   Code   RO         4392    i.__scatterload_zeroinit  mc_w.l(handlers.o)
    0x080026de   0x080026de   0x00000002   PAD
    0x080026e0   0x080026e0   0x0000000c   Code   RO         4362    i.__set_errno       mc_w.l(errno.o)
    0x080026ec   0x080026ec   0x000000d6   Code   RO         4095    i._printf_core      mc_w.l(printf2.o)
    0x080027c2   0x080027c2   0x00000002   PAD
    0x080027c4   0x080027c4   0x00000270   Code   RO         3999    i.asin              m_ws.l(asin.o)
    0x08002a34   0x08002a34   0x00000220   Code   RO         4301    i.atan              m_ws.l(atan.o)
    0x08002c54   0x08002c54   0x00000180   Code   RO         4009    i.atan2             m_ws.l(atan2.o)
    0x08002dd4   0x08002dd4   0x000000a0   Code   RO          380    i.dealTask          serial.o
    0x08002e74   0x08002e74   0x0000004c   Code   RO          554    i.fast_sqrt         imu.o
    0x08002ec0   0x08002ec0   0x00000010   Code   RO          381    i.fputc             serial.o
    0x08002ed0   0x08002ed0   0x0000008a   Code   RO          327    i.getMpu6050Data    mpu6050.o
    0x08002f5a   0x08002f5a   0x00000002   PAD
    0x08002f5c   0x08002f5c   0x000000e0   Code   RO            5    i.main              main.o
    0x0800303c   0x0800303c   0x0000004c   Code   RO         4330    i.sqrt              m_ws.l(sqrt.o)
    0x08003088   0x08003088   0x000005f0   Data   RO          219    .constdata          oled.o
    0x08003678   0x08003678   0x00000050   Data   RO         4000    .constdata          m_ws.l(asin.o)
    0x080036c8   0x080036c8   0x00000098   Data   RO         4302    .constdata          m_ws.l(atan.o)
    0x08003760   0x08003760   0x00000008   Data   RO         4328    .constdata          m_ws.l(qnan.o)
    0x08003768   0x08003768   0x00000020   Data   RO         4388    Region$$Table       anon$$obj.o


    Execution Region RW_IRAM1 (Exec base: 0x20000000, Load base: 0x08003788, Size: 0x000004e8, Max: 0x00005000, ABSOLUTE)

    Exec Addr    Load Addr    Size         Type   Attr      Idx    E Section Name        Object

    0x20000000   0x08003788   0x00000004   Data   RW            6    .data               main.o
    0x20000004   0x0800378c   0x00000001   Data   RW          383    .data               serial.o
    0x20000005   0x0800378d   0x00000003   PAD
    0x20000008   0x08003790   0x00000028   Data   RW          556    .data               imu.o
    0x20000030   0x080037b8   0x00000008   Data   RW          676    .data               pid.o
    0x20000038   0x080037c0   0x00000014   Data   RW         2494    .data               stm32f10x_rcc.o
    0x2000004c   0x080037d4   0x00000004   Data   RW         4351    .data               mc_w.l(stdout.o)
    0x20000050   0x080037d8   0x00000004   Data   RW         4363    .data               mc_w.l(errno.o)
    0x20000054        -       0x00000064   Zero   RW          382    .bss                serial.o
    0x200000b8        -       0x00000030   Zero   RW          555    .bss                imu.o
    0x200000e8        -       0x00000400   Zero   RW         3945    STACK               startup_stm32f10x_md.o


==============================================================================

Image component sizes


      Code (inc. data)   RO Data    RW Data    ZI Data      Debug   Object Name

       324         20          0          0          0       1751   encoderinterface.o
      1664        102          0         40         48       4775   imu.o
       304         64          0          4          0     261586   main.o
       132         22          0          0          0       1747   misc.o
       304         42          0          0          0       4207   motor.o
       634         42          0          0          0       3915   mpu6050.o
       848         22       1520          0          0       7723   oled.o
        76         10          0          8          0        865   pid.o
       164         10          0          0          0        627   pwm.o
       316        106          0          1        100       3967   serial.o
        36          8        236          0       1024        820   startup_stm32f10x_md.o
       296          0          0          0          0       3916   stm32f10x_gpio.o
       434         14          0          0          0       8137   stm32f10x_i2c.o
       276         32          0         20          0       4686   stm32f10x_rcc.o
      1562        180          0          0          0      17403   stm32f10x_tim.o
       158          0          0          0          0       4897   stm32f10x_usart.o
       328         28          0          0          0       2053   system_stm32f10x.o
       116          0          0          0          0        546   timer.o

    ----------------------------------------------------------------------
      7986        702       1788         76       1172     333621   Object Totals
         0          0         32          0          0          0   (incl. Generated)
        14          0          0          3          0          0   (incl. Padding)

    ----------------------------------------------------------------------

      Code (inc. data)   RO Data    RW Data    ZI Data      Debug   Library Member Name

       624         52         80          0          0        168   asin.o
       544         70        152          0          0        124   atan.o
       384         38          0          0          0        144   atan2.o
        38          6          0          0          0        272   dunder.o
        40          0          0          0          0         68   fpclassify.o
       170          0          0          0          0         96   poly.o
         0          0          8          0          0          0   qnan.o
        76          0          0          0          0         84   sqrt.o
         0          0          0          0          0          0   entry.o
         0          0          0          0          0          0   entry10a.o
         0          0          0          0          0          0   entry11a.o
         8          4          0          0          0          0   entry2.o
         4          0          0          0          0          0   entry5.o
         0          0          0          0          0          0   entry7b.o
         0          0          0          0          0          0   entry8b.o
         8          4          0          0          0          0   entry9a.o
        12          6          0          4          0         68   errno.o
        30          0          0          0          0          0   handlers.o
        36          8          0          0          0         68   init.o
         0          0          0          0          0          0   iusefp.o
        30          0          0          0          0         68   llshl.o
        36          0          0          0          0         68   llsshr.o
        32          0          0          0          0         68   llushr.o
       246         10          0          0          0        176   printf2.o
         0          0          0          4          0          0   stdout.o
        28          0          0          0          0         76   strcmp.o
        56          0          0          0          0         88   d2f.o
       334          0          0          0          0        148   dadd.o
       222          0          0          0          0        100   ddiv.o
       186          0          0          0          0        176   depilogue.o
       228          0          0          0          0         96   dmul.o
        46          0          0          0          0         80   dscalb.o
       162          0          0          0          0        100   dsqrt.o
        38          0          0          0          0         68   f2d.o
       176          0          0          0          0        140   fadd.o
       124          0          0          0          0         88   fdiv.o
       110          0          0          0          0        168   fepilogue.o
        50          0          0          0          0         68   ffixi.o
        18          0          0          0          0         68   fflti.o
       100          0          0          0          0         76   fmul.o

    ----------------------------------------------------------------------
      4202        198        240          8          0       3012   Library Totals
         6          0          0          0          0          0   (incl. Padding)

    ----------------------------------------------------------------------

      Code (inc. data)   RO Data    RW Data    ZI Data      Debug   Library Name

      1876        166        240          0          0        956   m_ws.l
       470         32          0          8          0        592   mc_w.l
      1850          0          0          0          0       1464   mf_w.l

    ----------------------------------------------------------------------
      4202        198        240          8          0       3012   Library Totals

    ----------------------------------------------------------------------

==============================================================================


      Code (inc. data)   RO Data    RW Data    ZI Data      Debug   

     12188        900       2028         84       1172     330441   Grand Totals
     12188        900       2028         84       1172     330441   ELF Image Totals
     12188        900       2028         84          0          0   ROM Totals

==============================================================================

    Total RO  Size (Code + RO Data)                14216 (  13.88kB)
    Total RW  Size (RW Data + ZI Data)              1256 (   1.23kB)
    Total ROM Size (Code + RO Data + RW Data)      14300 (  13.96kB)

==============================================================================

